******************************************************************************
                  TI ARM Linker PC v5.1.6                      
******************************************************************************
>> Linked Fri Feb 13 12:18:35 2015

OUTPUT FILE NAME:   <Plurry.out>
ENTRY POINT SYMBOL: "_c_int00"  address: 00002aa5


MEMORY CONFIGURATION

         name            origin    length      used     unused   attr    fill
----------------------  --------  ---------  --------  --------  ----  --------
  FLASH                 00000000   00040000  00004930  0003b6d0  R  X
  SRAM                  20000000   00008000  00001044  00006fbc  RW X


SEGMENT ALLOCATION MAP

run origin  load origin   length   init length attrs members
----------  ----------- ---------- ----------- ----- -------
00000000    00000000    00004938   00004938    r-x
  00000000    00000000    0000003c   0000003c    r-- .resetVecs
  0000003c    0000003c    000041d6   000041d6    r-x .text
  00004214    00004214    0000052e   0000052e    r-- .const
  00004748    00004748    000001f0   000001f0    r-- .cinit
20000000    20000000    00001044   00000000    rw-
  20000000    20000000    00000360   00000000    rw- .vecs
  20000360    20000360    0000082c   00000000    rw- .bss
  20000b8c    20000b8c    000002b8   00000000    rw- .data
  20000e44    20000e44    00000200   00000000    rw- .stack


SECTION ALLOCATION MAP

 output                                  attributes/
section   page    origin      length       input sections
--------  ----  ----------  ----------   ----------------
.bootVecs 
*          0    00000000    00000008     DSECT
                  00000000    00000008     boot.aem4f : boot.oem4f (.bootVecs)

.resetVecs 
*          0    00000000    0000003c     
                  00000000    0000003c     empty_min_pem4f.oem4f (.resetVecs)

xdc.meta   0    00000000    000000ec     COPY SECTION
                  00000000    000000ec     empty_min_pem4f.oem4f (xdc.meta)

xdc.noload 
*          0    00000000    00001402     COPY SECTION
                  00000000    00001402     empty_min_pem4f.oem4f (xdc.noload)

.text      0    0000003c    000041d6     
                  0000003c    0000042c     sysbios.aem4f : BIOS.obj (.text:ti_sysbios_family_arm_m3_Hwi_excDumpRegs__I)
                  00000468    0000033c     ti.targets.arm.rtsarm.aem4f : System.oem4f (.text:xdc_runtime_System_doPrint__I)
                  000007a4    000001e8     sysbios.aem4f : BIOS.obj (.text:ti_sysbios_family_arm_m3_Hwi_excHandlerMax__I)
                  0000098c    00000174                   : BIOS.obj (.text:ti_sysbios_knl_Semaphore_pend__E)
                  00000b00    00000168                   : BIOS.obj (.text:ti_sysbios_family_arm_m3_Hwi_excBusFault__I)
                  00000c68    00000154                   : BIOS.obj (.text:ti_sysbios_family_arm_m3_Hwi_excUsageFault__I)
                  00000dbc    00000144     ti.targets.arm.rtsarm.aem4f : HeapStd.oem4f (.text:xdc_runtime_HeapStd_alloc__E)
                  00000f00    00000140     drivers_tivaware.aem4f : UARTTiva.oem4f (.text:UARTTiva_open)
                  00001040    00000140     sysbios.aem4f : BIOS.obj (.text:ti_sysbios_family_arm_m3_Hwi_excMemFault__I)
                  00001180    00000130     driverlib.lib : gpio.obj (.text:GPIOPadConfigSet)
                  000012b0    00000120     ti.targets.arm.rtsarm.aem4f : Error.oem4f (.text:xdc_runtime_Error_policyDefault__E)
                  000013d0    00000104     empty_min_pem4f.oem4f (.text:xdc_runtime_System_printfExtend__I)
                  000014d4    00000100     Boot.aem4f : Boot_sysctl.oem4f (.text:ti_catalog_arm_cortexm4_tiva_ce_Boot_sysCtlClockSetI__I)
                  000015d4    00000100     sysbios.aem4f : BIOS.obj (.text:ti_sysbios_family_arm_lm4_Timer_start__E)
                  000016d4    000000fc     ti.targets.arm.rtsarm.aem4f : Startup.oem4f (.text:xdc_runtime_Startup_startMods__I)
                  000017d0    000000f4     sysbios.aem4f : m3_Hwi_asm.obj (.text:ti_sysbios_family_arm_m3_Hwi_dispatch__I)
                  000018c4    000000e4                   : BIOS.obj (.text:ti_sysbios_knl_Task_sleep__E)
                  000019a8    000000cc     ti.targets.arm.rtsarm.aem4f : Core-smem.oem4f (.text:xdc_runtime_Core_constructObject__I)
                  00001a74    000000b4     EK_TM4C123GXL.obj (.text:EK_TM4C123GXL_initGPIO)
                  00001b28    000000b4     sysbios.aem4f : BIOS.obj (.text:ti_sysbios_family_arm_m3_Hwi_excHardFault__I)
                  00001bdc    000000b0                   : BIOS.obj (.text:ti_sysbios_family_arm_m3_Hwi_excDebugMon__I)
                  00001c8c    000000ac                   : BIOS.obj (.text:ti_sysbios_family_arm_lm4_Timer_enableTiva__I)
                  00001d38    000000a4     ti.targets.arm.rtsarm.aem4f : HeapStd.oem4f (.text:xdc_runtime_HeapStd_free__E)
                  00001ddc    000000a0     auto_init.aem4f : auto_init.oem4f (.text)
                  00001e7c    000000a0     sysbios.aem4f : BIOS.obj (.text:ti_sysbios_family_arm_m3_Hwi_Instance_init__E)
                  00001f1c    0000009c     main.obj (.text:loadCellCommunicationFxn)
                  00001fb8    0000009c     rtsv7M4_T_le_v4SPD16_eabi.lib : memcpy_t2.obj (.text)
                  00002054    0000009a     ti.targets.arm.rtsarm.aem4f : Text.oem4f (.text:xdc_runtime_Text_putSite__E)
                  000020ee    00000002     main.obj (.text:Plurry_init)
                  000020f0    00000094     Boot.aem4f : Boot.oem4f (.text:ti_catalog_arm_cortexm4_tiva_ce_Boot_sysCtlClockSet__E)
                  00002184    00000094     sysbios.aem4f : BIOS.obj (.text:ti_sysbios_knl_Task_postInit__I)
                  00002218    00000094     ti.targets.arm.rtsarm.aem4f : Text.oem4f (.text:xdc_runtime_Text_putMod__E)
                  000022ac    0000008c     sysbios.aem4f : BIOS.obj (.text:ti_sysbios_family_arm_m3_Hwi_initNVIC__E)
                  00002338    0000008c                   : m3_TaskSupport_asm.obj (.text:ti_sysbios_family_arm_m3_TaskSupport_buildTaskStack)
                  000023c4    0000007a     drivers_tivaware.aem4f : UARTTiva.oem4f (.text:writeData)
                  0000243e    00000078     rtsv7M4_T_le_v4SPD16_eabi.lib : memset_t2.obj (.text)
                  000024b6    00000002     empty_min_pem4f.oem4f (.text:free)
                  000024b8    00000070     sysbios.aem4f : BIOS.obj (.text:ti_sysbios_family_arm_m3_Hwi_postInit__I)
                  00002528    00000070                   : BIOS.obj (.text:ti_sysbios_knl_Clock_workFunc__E)
                  00002598    0000006c     drivers_tivaware.aem4f : UARTTiva.oem4f (.text:UARTTiva_read)
                  00002604    0000006c                            : UARTTiva.oem4f (.text:UARTTiva_write)
                  00002670    0000006c     sysbios.aem4f : BIOS.obj (.text:ti_sysbios_knl_Task_exit__E)
                  000026dc    00000066     drivers_tivaware.aem4f : UARTTiva.oem4f (.text:UARTTiva_readPolling)
                  00002742    00000002     empty_min_pem4f.oem4f (.text:ti_sysbios_BIOS_nullFunc__I)
                  00002744    00000064     sysbios.aem4f : BIOS.obj (.text:ti_sysbios_knl_Semaphore_post__E)
                  000027a8    00000062     drivers_tivaware.aem4f : UARTTiva.oem4f (.text:UARTTiva_hwiIntFxn)
                  0000280a    00000062                            : UARTTiva.oem4f (.text:readData)
                  0000286c    00000060     sysbios.aem4f : BIOS.obj (.text:ti_sysbios_knl_Task_Module_startup__E)
                  000028cc    00000060                   : BIOS.obj (.text:ti_sysbios_knl_Task_startCore__E)
                  0000292c    00000060     ti.targets.arm.rtsarm.aem4f : System.oem4f (.text:xdc_runtime_System_formatNum__I)
                  0000298c    0000005e     rtsv7M4_T_le_v4SPD16_eabi.lib : copy_decompress_rle.obj (.text)
                  000029ea    00000002     sysbios.aem4f : BIOS.obj (.text:ti_sysbios_family_arm_m3_Hwi_doSwiRestore__I)
                  000029ec    0000005c                   : BIOS.obj (.text:ti_sysbios_family_arm_lm4_Timer_Module_startup__E)
                  00002a48    0000005b     ti.targets.arm.rtsarm.aem4f : Text.oem4f (.text:xdc_runtime_Text_putLab__E)
                  00002aa3    00000001     --HOLE-- [fill = 0]
                  00002aa4    00000058     boot.aem4f : boot.oem4f (.text)
                  00002afc    00000058     sysbios.aem4f : BIOS.obj (.text:ti_sysbios_family_arm_lm4_Timer_initDevice__I)
                  00002b54    00000058                   : m3_Hwi_asm_switch.obj (.text:ti_sysbios_family_arm_m3_Hwi_initStacks__E)
                  00002bac    00000056     driverlib.lib : gpio.obj (.text:GPIOIntTypeSet)
                  00002c02    00000002     sysbios.aem4f : BIOS.obj (.text:ti_sysbios_knl_Clock_logTick__E)
                  00002c04    00000054                   : BIOS.obj (.text:ti_sysbios_family_arm_m3_Hwi_dispatchC__I)
                  00002c58    00000050     ti.targets.arm.rtsarm.aem4f : Startup.oem4f (.text:xdc_runtime_Startup_exec__E)
                  00002ca8    0000004c     sysbios.aem4f : BIOS.obj (.text:ti_sysbios_family_arm_m3_Hwi_Module_startup__E)
                  00002cf4    00000048     driverlib.lib : gpio.obj (.text:GPIOPinConfigure)
                  00002d3c    00000048     drivers_tivaware.aem4f : GPIOTiva.oem4f (.text:GPIO_enableInt)
                  00002d84    00000048                            : GPIOTiva.oem4f (.text:GPIO_setupCallbacks)
                  00002dcc    00000048     sysbios.aem4f : BIOS.obj (.text:ti_sysbios_family_arm_lm4_Timer_enableTimers__I)
                  00002e14    00000048                   : BIOS.obj (.text:ti_sysbios_family_arm_m3_Hwi_excReserved__I)
                  00002e5c    00000048                   : BIOS.obj (.text:ti_sysbios_knl_Task_schedule__I)
                  00002ea4    00000048     ti.targets.arm.rtsarm.aem4f : Assert.oem4f (.text:xdc_runtime_Assert_raise__I)
                  00002eec    00000046                                 : Core-params.oem4f (.text:xdc_runtime_Core_assignParams__I)
                  00002f32    00000002     empty_min_pem4f.oem4f (.text:xdc_runtime_Startup_reset__I)
                  00002f34    00000044     rtsv7M4_T_le_v4SPD16_eabi.lib : cpy_tbl.obj (.text)
                  00002f78    00000044                                   : exit.obj (.text)
                  00002fbc    00000044     sysbios.aem4f : BIOS.obj (.text:ti_sysbios_family_arm_lm4_Timer_isrStub__E)
                  00003000    00000044                   : BIOS.obj (.text:ti_sysbios_family_arm_m3_Hwi_disableInterrupt__E)
                  00003044    00000044                   : BIOS.obj (.text:ti_sysbios_family_arm_m3_Hwi_enableInterrupt__E)
                  00003088    00000044                   : BIOS.obj (.text:ti_sysbios_knl_Task_allBlockedFunction__I)
                  000030cc    00000044     ti.targets.arm.rtsarm.aem4f : Error.oem4f (.text:xdc_runtime_Error_setX__E)
                  00003110    00000042     driverlib.lib : uart.obj (.text:UARTConfigSetExpClk)
                  00003152    00000042     rtsv7M4_T_le_v4SPD16_eabi.lib : u_divt2.obj (.text)
                  00003194    00000040     EK_TM4C123GXL.obj (.text:EK_TM4C123GXL_initGeneral)
                  000031d4    00000040     drivers_tivaware.aem4f : UARTTiva.oem4f (.text:UARTTiva_writePolling)
                  00003214    00000040     sysbios.aem4f : BIOS.obj (.text:ti_sysbios_family_arm_lm4_Timer_startup__E)
                  00003254    0000003c     drivers_tivaware.aem4f : GPIOTiva.oem4f (.text:GPIO_toggle)
                  00003290    0000003c     empty_min_pem4f.oem4f (.text:ti_sysbios_family_arm_m3_Hwi_construct)
                  000032cc    0000003c     sysbios.aem4f : BIOS.obj (.text:ti_sysbios_family_arm_m3_Hwi_excSvCall__I)
                  00003308    0000003c                   : BIOS.obj (.text:ti_sysbios_family_arm_m3_Hwi_getStackInfo__E)
                  00003344    0000003c     ti.targets.arm.rtsarm.aem4f : Text.oem4f (.text:xdc_runtime_Text_xprintf__I)
                  00003380    00000038     drivers_tivaware.aem4f : UART.oem4f (.text:UART_init)
                  000033b8    00000038     sysbios.aem4f : BIOS.obj (.text:ti_sysbios_family_arm_m3_Hwi_excNoIsr__I)
                  000033f0    00000038                   : BIOS.obj (.text:ti_sysbios_family_arm_m3_TaskSupport_start__E)
                  00003428    00000038                   : BIOS.obj (.text:ti_sysbios_knl_Task_processVitalTaskFlag__I)
                  00003460    00000038     ti.targets.arm.rtsarm.aem4f : System.oem4f (.text:xdc_runtime_System_atexit__E)
                  00003498    00000034     main.obj (.text:EncoderCallbackAFunction)
                  000034cc    00000034     main.obj (.text:EncoderCallbackBFunction)
                  00003500    00000034     driverlib.lib : sysctl.obj (.text:SysCtlPeripheralEnable)
                  00003534    00000034     drivers_tivaware.aem4f : UARTTiva.oem4f (.text:UARTTiva_close)
                  00003568    00000034     main.obj (.text:main)
                  0000359c    00000034     sysbios.aem4f : BIOS.obj (.text:ti_sysbios_family_arm_m3_Hwi_excNmi__I)
                  000035d0    00000034     ti.targets.arm.rtsarm.aem4f : Core-label.oem4f (.text:xdc_runtime_Core_assignLabel__I)
                  00003604    00000033                                 : Text.oem4f (.text:xdc_runtime_Text_printVisFxn__I)
                  00003637    00000001     --HOLE-- [fill = 0]
                  00003638    00000032     drivers_tivaware.aem4f : UARTTiva.oem4f (.text:UARTTiva_readCancel)
                  0000366a    00000032                            : UARTTiva.oem4f (.text:UARTTiva_writeCancel)
                  0000369c    00000030     sysbios.aem4f : BIOS.obj (.text:ti_sysbios_family_arm_lm4_Timer_stop__E)
                  000036cc    00000030                   : BIOS.obj (.text:ti_sysbios_gates_GateMutex_enter__E)
                  000036fc    00000030     empty_min_pem4f.oem4f (.text:ti_sysbios_knl_Semaphore_construct)
                  0000372c    00000030     sysbios.aem4f : BIOS.obj (.text:ti_sysbios_knl_Semaphore_pendTimeout__I)
                  0000375c    00000030                   : BIOS.obj (.text:ti_sysbios_knl_Task_unblockI__E)
                  0000378c    00000030     ti.targets.arm.rtsarm.aem4f : System.oem4f (.text:xdc_runtime_System_processAtExit__E)
                  000037bc    0000002c     EK_TM4C123GXL.obj (.text:EK_TM4C123GXL_initUART)
                  000037e8    0000002c     empty_min_pem4f.oem4f (.text:ti_sysbios_BIOS_atExitFunc__I)
                  00003814    0000002c     sysbios.aem4f : BIOS.obj (.text:ti_sysbios_hal_Hwi_initStack)
                  00003840    0000002c     empty_min_pem4f.oem4f (.text:ti_sysbios_knl_Clock_doTick__I)
                  0000386c    0000002c     empty_min_pem4f.oem4f (.text:ti_sysbios_knl_Queue_construct)
                  00003898    0000002c     ti.targets.arm.rtsarm.aem4f : Text.oem4f (.text:xdc_runtime_Text_cordText__E)
                  000038c4    0000002a     driverlib.lib : gpio.obj (.text:GPIODirModeSet)
                  000038ee    0000002a     drivers_tivaware.aem4f : GPIOTiva.oem4f (.text:GPIO_hwiIntFxn)
                  00003918    0000002a     ti.targets.arm.rtsarm.aem4f : System.oem4f (.text:xdc_runtime_System_putchar__I)
                  00003942    00000002                                 : SysCallback.oem4f (.text:xdc_runtime_SysCallback_defaultAbort)
                  00003944    00000028     drivers_tivaware.aem4f : GPIOTiva.oem4f (.text:GPIO_read)
                  0000396c    00000028                            : GPIOTiva.oem4f (.text:GPIO_write)
                  00003994    00000028     sysbios.aem4f : BIOS.obj (.text:ti_sysbios_family_arm_m3_Hwi_Instance_finalize__E)
                  000039bc    00000028                   : BIOS.obj (.text:ti_sysbios_knl_Task_restore__E)
                  000039e4    00000026                   : m3_Hwi_asm.obj (.text:ti_sysbios_family_arm_m3_Hwi_pendSV__I)
                  00003a0a    00000002     ti.targets.arm.rtsarm.aem4f : SysCallback.oem4f (.text:xdc_runtime_SysCallback_defaultExit)
                  00003a0c    00000024     drivers_tivaware.aem4f : GPIOTiva.oem4f (.text:GPIO_init)
                  00003a30    00000024     empty_min_pem4f.oem4f (.text:ti_sysbios_BIOS_registerRTSLock__I)
                  00003a54    00000024     empty_min_pem4f.oem4f (.text:ti_sysbios_BIOS_removeRTSLock__I)
                  00003a78    00000024     sysbios.aem4f : BIOS.obj (.text:ti_sysbios_knl_Clock_Module_startup__E)
                  00003a9c    00000024                   : BIOS.obj (.text:ti_sysbios_knl_Semaphore_Instance_init__E)
                  00003ac0    00000024     ti.targets.arm.rtsarm.aem4f : System.oem4f (.text:xdc_runtime_System_vprintf__E)
                  00003ae4    00000022     sysbios.aem4f : BIOS.obj (.text:ti_sysbios_family_arm_lm4_Timer_write__I)
                  00003b06    00000002     ti.targets.arm.rtsarm.aem4f : SysCallback.oem4f (.text:xdc_runtime_SysCallback_defaultPutch)
                  00003b08    00000020     empty_min_pem4f.oem4f (.text:ti_sysbios_BIOS_startFunc__I)
                  00003b28    00000020     sysbios.aem4f : m3_Hwi_asm.obj (.text:ti_sysbios_family_arm_m3_Hwi_excHandlerAsm__I)
                  00003b48    00000020                   : BIOS.obj (.text:ti_sysbios_family_arm_m3_Hwi_excHandler__I)
                  00003b68    00000020                   : BIOS.obj (.text:ti_sysbios_knl_Idle_run__E)
                  00003b88    00000020     empty_min_pem4f.oem4f (.text:ti_sysbios_knl_Semaphore_Object__destruct__S)
                  00003ba8    00000020     sysbios.aem4f : BIOS.obj (.text:ti_sysbios_knl_Task_enter__I)
                  00003bc8    00000020     ti.targets.arm.rtsarm.aem4f : Registry.oem4f (.text:xdc_runtime_Registry_findById__E)
                  00003be8    0000001c     driverlib.lib : uart.obj (.text:UARTDisable)
                  00003c04    0000001c     empty_min_pem4f.oem4f (.text:ti_sysbios_BIOS_errorRaiseHook__I)
                  00003c20    0000001c     empty_min_pem4f.oem4f (.text:ti_sysbios_BIOS_rtsLock__I)
                  00003c3c    0000001c     empty_min_pem4f.oem4f (.text:ti_sysbios_family_arm_m3_Hwi_Object__destruct__S)
                  00003c58    0000001c     empty_min_pem4f.oem4f (.text:ti_sysbios_knl_Queue_Object__destruct__S)
                  00003c74    0000001c     sysbios.aem4f : BIOS.obj (.text:ti_sysbios_knl_Queue_put__E)
                  00003c90    0000001c                   : BIOS.obj (.text:ti_sysbios_knl_Task_restoreHwi__E)
                  00003cac    0000001c     ti.targets.arm.rtsarm.aem4f : Error.oem4f (.text:xdc_runtime_Error_raiseX__E)
                  00003cc8    0000001c                                 : System.oem4f (.text:xdc_runtime_System_abort__E)
                  00003ce4    0000001a     empty_min_pem4f.oem4f (.text:ti_sysbios_family_arm_m3_Hwi_Handle__label__S)
                  00003cfe    0000001a     empty_min_pem4f.oem4f (.text:ti_sysbios_knl_Task_Handle__label__S)
                  00003d18    0000001a     empty_min_pem4f.oem4f (.text:xdc_runtime_System_printf__E)
                  00003d32    00000018     driverlib.lib : gpio.obj (.text:GPIOPinTypeGPIOOutput)
                  00003d4a    00000002     --HOLE-- [fill = 0]
                  00003d4c    00000018     rtsv7M4_T_le_v4SPD16_eabi.lib : args_main.obj (.text)
                  00003d64    00000018     empty_min_pem4f.oem4f (.text:ti_sysbios_BIOS_rtsUnlock__I)
                  00003d7c    00000018     empty_min_pem4f.oem4f (.text:ti_sysbios_family_arm_lm4_Timer_Module__startupDone__F)
                  00003d94    00000018     empty_min_pem4f.oem4f (.text:ti_sysbios_family_arm_m3_Hwi_Module__startupDone__F)
                  00003dac    00000018     sysbios.aem4f : m3_TaskSupport_asm.obj (.text:ti_sysbios_family_arm_m3_TaskSupport_swap__E)
                  00003dc4    00000018                   : BIOS.obj (.text:ti_sysbios_gates_GateMutex_leave__E)
                  00003ddc    00000018                   : BIOS.obj (.text:ti_sysbios_knl_Task_sleepTimeout__I)
                  00003df4    00000018     ti.targets.arm.rtsarm.aem4f : Core-smem.oem4f (.text:xdc_runtime_Core_destructObject__I)
                  00003e0c    00000018                                 : Error.oem4f (.text:xdc_runtime_Error_check__E)
                  00003e24    00000018                                 : System.oem4f (.text:xdc_runtime_System_exit__E)
                  00003e3c    00000018                                 : Text.oem4f (.text:xdc_runtime_Text_ropeText__E)
                  00003e54    00000016     main.obj (.text:heartBeatFxn)
                  00003e6a    00000016     empty_min_pem4f.oem4f (.text:ti_sysbios_BIOS_exitFunc__I)
                  00003e80    00000014     drivers_tivaware.aem4f : GPIOTiva.oem4f (.text:GPIO_clearInt)
                  00003e94    00000014     driverlib.lib : uart.obj (.text:UARTEnable)
                  00003ea8    00000014     rtsv7M4_T_le_v4SPD16_eabi.lib : _lock.obj (.text)
                  00003ebc    00000014                                   : strlen.obj (.text)
                  00003ed0    00000014     empty_min_pem4f.oem4f (.text:ti_sysbios_family_arm_m3_Hwi_Object__get__S)
                  00003ee4    00000014     sysbios.aem4f : BIOS.obj (.text:ti_sysbios_family_arm_m3_Hwi_switchFromBootStack__E)
                  00003ef8    00000012     driverlib.lib : gpio.obj (.text:GPIOPinTypeGPIOInput)
                  00003f0a    00000012                   : gpio.obj (.text:GPIOPinTypeUART)
                  00003f1c    00000012     rtsv7M4_T_le_v4SPD16_eabi.lib : copy_zero_init.obj (.text:decompress:ZI)
                  00003f2e    00000012     sysbios.aem4f : BIOS.obj (.text:ti_sysbios_hal_Hwi_Module_startup__E)
                  00003f40    00000012                   : BIOS.obj (.text:ti_sysbios_hal_Timer_Module_startup__E)
                  00003f52    00000012     empty_min_pem4f.oem4f (.text:xdc_runtime_Startup_exec__I)
                  00003f64    00000010     sysbios.aem4f : BIOS.obj (.text:ti_sysbios_BIOS_getCpuFreq__E)
                  00003f74    00000010                   : BIOS.obj (.text:ti_sysbios_BIOS_setThreadType__E)
                  00003f84    00000010                   : BIOS.obj (.text:ti_sysbios_BIOS_start__E)
                  00003f94    00000010                   : m3_TaskSupport_asm.obj (.text:ti_sysbios_family_arm_m3_TaskSupport_glue)
                  00003fa4    00000010                   : BIOS.obj (.text:ti_sysbios_knl_Semaphore_Instance_finalize__E)
                  00003fb4    00000010     empty_min_pem4f.oem4f (.text:ti_sysbios_knl_Task_Object__get__S)
                  00003fc4    00000010     sysbios.aem4f : BIOS.obj (.text:ti_sysbios_knl_Task_disable__E)
                  00003fd4    00000010     ti.targets.arm.rtsarm.aem4f : Gate.oem4f (.text:xdc_runtime_Gate_leaveSystem__E)
                  00003fe4    00000010                                 : SysCallback.oem4f (.text:xdc_runtime_SysCallback_abort__E)
                  00003ff4    00000010                                 : SysCallback.oem4f (.text:xdc_runtime_SysCallback_exit__E)
                  00004004    00000010                                 : SysCallback.oem4f (.text:xdc_runtime_SysCallback_putch__E)
                  00004014    00000010                                 : SysCallback.oem4f (.text:xdc_runtime_SysCallback_ready__E)
                  00004024    00000010                                 : System.oem4f (.text:xdc_runtime_System_vsnprintf__E)
                  00004034    0000000e     driverlib.lib : gpio.obj (.text:GPIOIntStatus)
                  00004042    0000000e                   : uart.obj (.text:UARTCharGetNonBlocking)
                  00004050    0000000e                   : uart.obj (.text:UARTCharPutNonBlocking)
                  0000405e    0000000e     rtsv7M4_T_le_v4SPD16_eabi.lib : copy_decompress_none.obj (.text:decompress:none)
                  0000406c    0000000e     sysbios.aem4f : BIOS.obj (.text:ti_sysbios_knl_Queue_empty__E)
                  0000407a    0000000e     ti.targets.arm.rtsarm.aem4f : HeapStd.oem4f (.text:xdc_runtime_HeapStd_getStats__E)
                  00004088    0000000c     empty_min_pem4f.oem4f (.text:.bootCodeSection:ti_catalog_arm_cortexm4_tiva_ce_Boot_init__I)
                  00004094    0000000c     driverlib.lib : gpio.obj (.text:GPIOIntEnable)
                  000040a0    0000000c     sysbios.aem4f : BIOS.obj (.text:ti_sysbios_family_arm_lm4_Timer_getMaxTicks__E)
                  000040ac    0000000c     empty_min_pem4f.oem4f (.text:ti_sysbios_family_arm_m3_Hwi_Params__init__S)
                  000040b8    0000000c     sysbios.aem4f : BIOS.obj (.text:ti_sysbios_family_arm_m3_Hwi_disableFxn__E)
                  000040c4    0000000c                   : BIOS.obj (.text:ti_sysbios_gates_GateHwi_enter__E)
                  000040d0    0000000c     empty_min_pem4f.oem4f (.text:ti_sysbios_knl_Queue_Object__get__S)
                  000040dc    0000000c     empty_min_pem4f.oem4f (.text:ti_sysbios_knl_Semaphore_Params__init__S)
                  000040e8    0000000c     ti.targets.arm.rtsarm.aem4f : Error.oem4f (.text:xdc_runtime_Error_init__E)
                  000040f4    0000000c                                 : Gate.oem4f (.text:xdc_runtime_Gate_enterSystem__E)
                  00004100    0000000c                                 : Memory.oem4f (.text:xdc_runtime_Memory_getMaxDefaultTypeAlign__E)
                  0000410c    0000000a     driverlib.lib : uart.obj (.text:UARTCharGet)
                  00004116    0000000a                   : uart.obj (.text:UARTCharPut)
                  00004120    0000000a                   : uart.obj (.text:UARTIntDisable)
                  0000412a    0000000a                   : uart.obj (.text:UARTIntStatus)
                  00004134    00000008                   : uart.obj (.text:UARTIntEnable)
                  0000413c    00000008     drivers_tivaware.aem4f : UARTTiva.oem4f (.text:UARTTiva_init)
                  00004144    00000008                            : UARTTiva.oem4f (.text:readSemCallback)
                  0000414c    00000008     sysbios.aem4f : BIOS.obj (.text:ti_sysbios_family_arm_lm4_Timer_masterDisable__I)
                  00004154    00000008                   : BIOS.obj (.text:ti_sysbios_family_arm_m3_Hwi_startup__E)
                  0000415c    00000008     drivers_tivaware.aem4f : UARTTiva.oem4f (.text:writeSemCallback)
                  00004164    00000008     empty_min_pem4f.oem4f (.text:xdc_runtime_Text_visitRope__I)
                  0000416c    00000006     driverlib.lib : gpio.obj (.text:GPIOIntClear)
                  00004172    00000006                   : gpio.obj (.text:GPIOPinRead)
                  00004178    00000006                   : gpio.obj (.text:GPIOPinWrite)
                  0000417e    00000006                   : uart.obj (.text:UARTFIFOLevelSet)
                  00004184    00000006     drivers_tivaware.aem4f : UARTTiva.oem4f (.text:UARTTiva_control)
                  0000418a    00000006     ti.targets.arm.rtsarm.aem4f : xdc_noinit.oem4f (.text:__xdc__init)
                  00004190    00000006     rtsv7M4_T_le_v4SPD16_eabi.lib : copy_decompress_rle.obj (.text:decompress:rle24)
                  00004196    00000006     Boot.aem4f : Boot_sysctl.oem4f (.text:ti_catalog_arm_cortexm4_tiva_ce_Boot_sysCtlDelayI__I)
                  0000419c    00000006     sysbios.aem4f : BIOS.obj (.text:ti_sysbios_family_arm_m3_Hwi_doTaskRestore__I)
                  000041a2    00000006                   : BIOS.obj (.text:ti_sysbios_family_arm_m3_Hwi_restoreFxn__E)
                  000041a8    00000006                   : BIOS.obj (.text:ti_sysbios_gates_GateHwi_leave__E)
                  000041ae    00000006                   : BIOS.obj (.text:ti_sysbios_knl_Queue_Instance_init__E)
                  000041b4    00000006     ti.targets.arm.rtsarm.aem4f : System.oem4f (.text:xdc_runtime_System_Module_startup__E)
                  000041ba    00000004     driverlib.lib : uart.obj (.text:UARTIntClear)
                  000041be    00000004     empty_min_pem4f.oem4f (.text:malloc)
                  000041c2    00000004     empty_min_pem4f.oem4f (.text:ti_sysbios_BIOS_RtsGateProxy_enter__E)
                  000041c6    00000004     empty_min_pem4f.oem4f (.text:ti_sysbios_BIOS_RtsGateProxy_leave__E)
                  000041ca    00000004     sysbios.aem4f : BIOS.obj (.text:ti_sysbios_family_arm_lm4_Timer_masterEnable__I)
                  000041ce    00000004     empty_min_pem4f.oem4f (.text:ti_sysbios_family_arm_m3_Hwi_destruct)
                  000041d2    00000004     empty_min_pem4f.oem4f (.text:ti_sysbios_family_arm_m3_TaskSupport_Module__startupDone__S)
                  000041d6    00000004     sysbios.aem4f : BIOS.obj (.text:ti_sysbios_gates_GateHwi_query__E)
                  000041da    00000004                   : BIOS.obj (.text:ti_sysbios_gates_GateMutex_query__E)
                  000041de    00000004     empty_min_pem4f.oem4f (.text:ti_sysbios_hal_Hwi_HwiProxy_Module__startupDone__S)
                  000041e2    00000004     empty_min_pem4f.oem4f (.text:ti_sysbios_hal_Timer_TimerProxy_Module__startupDone__S)
                  000041e6    00000004     empty_min_pem4f.oem4f (.text:ti_sysbios_knl_Clock_TimerProxy_Module__startupDone__S)
                  000041ea    00000004     empty_min_pem4f.oem4f (.text:ti_sysbios_knl_Clock_TimerProxy_getMaxTicks__E)
                  000041ee    00000004     empty_min_pem4f.oem4f (.text:ti_sysbios_knl_Queue_destruct)
                  000041f2    00000004     empty_min_pem4f.oem4f (.text:ti_sysbios_knl_Semaphore_destruct)
                  000041f6    00000004     empty_min_pem4f.oem4f (.text:ti_sysbios_knl_Task_SupportProxy_Module__startupDone__S)
                  000041fa    00000004     sysbios.aem4f : BIOS.obj (.text:ti_sysbios_knl_Task_startup__E)
                  000041fe    00000004     ti.targets.arm.rtsarm.aem4f : HeapStd.oem4f (.text:xdc_runtime_HeapStd_isBlocking__E)
                  00004202    00000004                                 : SysCallback.oem4f (.text:xdc_runtime_SysCallback_defaultReady)
                  00004206    00000004     empty_min_pem4f.oem4f (.text:xdc_runtime_System_Module_GateProxy_enter__E)
                  0000420a    00000004     empty_min_pem4f.oem4f (.text:xdc_runtime_System_Module_GateProxy_leave__E)
                  0000420e    00000004     ti.targets.arm.rtsarm.aem4f : System.oem4f (.text:xdc_runtime_System_printf_va__F)

.const     0    00004214    0000052e     
                  00004214    00000090     driverlib.lib : gpio.obj (.const:g_pui32GPIOBaseAddrs)
                  000042a4    00000078     EK_TM4C123GXL.obj (.const:gpioHWAttrs)
                  0000431c    00000048     empty_min_pem4f.oem4f (.const:.string)
                  00004364    00000030     empty_min_pem4f.oem4f (.const:ti_sysbios_family_arm_m3_Hwi_Object__PARAMS__C)
                  00004394    0000002c     EK_TM4C123GXL.obj (.const:GPIO_config)
                  000043c0    0000002c     drivers_tivaware.aem4f : UARTTiva.oem4f (.const)
                  000043ec    0000002c     EK_TM4C123GXL.obj (.const:gpioPortACallbacks)
                  00004418    00000028     drivers_tivaware.aem4f : UARTTiva.oem4f (.const:UARTTiva_fxnTable)
                  00004440    00000028     empty_min_pem4f.oem4f (.const:xdc_runtime_HeapStd_Module__FXNS__C)
                  00004468    00000024     drivers_tivaware.aem4f : UART.oem4f (.const:UART_defaultParams)
                  0000448c    00000024     empty_min_pem4f.oem4f (.const:ti_sysbios_gates_GateHwi_Module__FXNS__C)
                  000044b0    00000024     empty_min_pem4f.oem4f (.const:ti_sysbios_gates_GateMutex_Module__FXNS__C)
                  000044d4    00000024     empty_min_pem4f.oem4f (.const:ti_sysbios_knl_Semaphore_Object__PARAMS__C)
                  000044f8    00000020     empty_min_pem4f.oem4f (.const:ti_sysbios_family_arm_m3_Hwi_Object__DESC__C)
                  00004518    00000020     empty_min_pem4f.oem4f (.const:ti_sysbios_knl_Queue_Object__DESC__C)
                  00004538    00000020     empty_min_pem4f.oem4f (.const:ti_sysbios_knl_Semaphore_Object__DESC__C)
                  00004558    0000001c     empty_min_pem4f.oem4f (.const:xdc_runtime_Startup_sfxnTab__A)
                  00004574    00000018     EK_TM4C123GXL.obj (.const:UART_config)
                  0000458c    00000018     empty_min_pem4f.oem4f (.const:ti_sysbios_knl_Queue_Object__PARAMS__C)
                  000045a4    00000014     drivers_tivaware.aem4f : GPIOTiva.oem4f (.const)
                  000045b8    00000011     ti.targets.arm.rtsarm.aem4f : System.oem4f (.const:.string)
                  000045c9    00000001     empty_min_pem4f.oem4f (.const:xdc_runtime_Error_policy__C)
                  000045ca    00000002     empty_min_pem4f.oem4f (.const:ti_catalog_arm_cortexm4_tiva_ce_Boot_Module__id__C)
                  000045cc    00000010     empty_min_pem4f.oem4f (.const:xdc_runtime_Startup_firstFxns__A)
                  000045dc    0000000e     empty_min_pem4f.oem4f (.const:xdc_runtime_Startup_sfxnRts__A)
                  000045ea    00000002     empty_min_pem4f.oem4f (.const:ti_sysbios_family_arm_m3_Hwi_Module__id__C)
                  000045ec    00000008     empty_min_pem4f.oem4f (.const:ti_sysbios_family_arm_m3_Hwi_excHookFuncs__A)
                  000045f4    00000008     empty_min_pem4f.oem4f (.const:ti_sysbios_knl_Idle_funcList__C)
                  000045fc    00000008     EK_TM4C123GXL.obj (.const:uartTivaHWAttrs)
                  00004604    00000008     empty_min_pem4f.oem4f (.const:xdc_runtime_Startup_firstFxns__C)
                  0000460c    00000008     empty_min_pem4f.oem4f (.const:xdc_runtime_Startup_lastFxns__C)
                  00004614    00000004     empty_min_pem4f.oem4f (.const:ti_catalog_arm_cortexm4_tiva_ce_Boot_A_mustUseEnhancedClockMode__C)
                  00004618    00000004     empty_min_pem4f.oem4f (.const:ti_catalog_arm_cortexm4_tiva_ce_Boot_Module__diagsEnabled__C)
                  0000461c    00000004     empty_min_pem4f.oem4f (.const:ti_catalog_arm_cortexm4_tiva_ce_Boot_Module__diagsIncluded__C)
                  00004620    00000004     empty_min_pem4f.oem4f (.const:ti_catalog_arm_cortexm4_tiva_ce_Boot_Module__diagsMask__C)
                  00004624    00000004     empty_min_pem4f.oem4f (.const:ti_sysbios_family_arm_lm4_Timer_enableFunc__C)
                  00004628    00000004     empty_min_pem4f.oem4f (.const:ti_sysbios_family_arm_lm4_Timer_numTimerDevices__C)
                  0000462c    00000004     empty_min_pem4f.oem4f (.const:ti_sysbios_family_arm_lm4_Timer_startupNeeded__C)
                  00004630    00000004     empty_min_pem4f.oem4f (.const:ti_sysbios_family_arm_m3_Hwi_E_NMI__C)
                  00004634    00000004     empty_min_pem4f.oem4f (.const:ti_sysbios_family_arm_m3_Hwi_E_alreadyDefined__C)
                  00004638    00000004     empty_min_pem4f.oem4f (.const:ti_sysbios_family_arm_m3_Hwi_E_busFault__C)
                  0000463c    00000004     empty_min_pem4f.oem4f (.const:ti_sysbios_family_arm_m3_Hwi_E_debugMon__C)
                  00004640    00000004     empty_min_pem4f.oem4f (.const:ti_sysbios_family_arm_m3_Hwi_E_hardFault__C)
                  00004644    00000004     empty_min_pem4f.oem4f (.const:ti_sysbios_family_arm_m3_Hwi_E_memFault__C)
                  00004648    00000004     empty_min_pem4f.oem4f (.const:ti_sysbios_family_arm_m3_Hwi_E_noIsr__C)
                  0000464c    00000004     empty_min_pem4f.oem4f (.const:ti_sysbios_family_arm_m3_Hwi_E_reserved__C)
                  00004650    00000004     empty_min_pem4f.oem4f (.const:ti_sysbios_family_arm_m3_Hwi_E_svCall__C)
                  00004654    00000004     empty_min_pem4f.oem4f (.const:ti_sysbios_family_arm_m3_Hwi_E_usageFault__C)
                  00004658    00000004     empty_min_pem4f.oem4f (.const:ti_sysbios_family_arm_m3_Hwi_NUM_INTERRUPTS__C)
                  0000465c    00000004     empty_min_pem4f.oem4f (.const:ti_sysbios_family_arm_m3_Hwi_Object__count__C)
                  00004660    00000004     empty_min_pem4f.oem4f (.const:ti_sysbios_family_arm_m3_Hwi_ccr__C)
                  00004664    00000004     empty_min_pem4f.oem4f (.const:ti_sysbios_family_arm_m3_Hwi_excHandlerFunc__C)
                  00004668    00000004     empty_min_pem4f.oem4f (.const:ti_sysbios_family_arm_m3_Hwi_excHookFuncs__C)
                  0000466c    00000004     empty_min_pem4f.oem4f (.const:ti_sysbios_family_arm_m3_Hwi_nullIsrFunc__C)
                  00004670    00000004     empty_min_pem4f.oem4f (.const:ti_sysbios_family_arm_m3_Hwi_priGroup__C)
                  00004674    00000004     empty_min_pem4f.oem4f (.const:ti_sysbios_gates_GateMutex_Instance_State_sem__O)
                  00004678    00000004     empty_min_pem4f.oem4f (.const:ti_sysbios_knl_Clock_Module_State_clockQ__O)
                  0000467c    00000004     empty_min_pem4f.oem4f (.const:ti_sysbios_knl_Semaphore_Instance_State_pendQ__O)
                  00004680    00000004     empty_min_pem4f.oem4f (.const:ti_sysbios_knl_Task_Module_State_inactiveQ__O)
                  00004684    00000004     empty_min_pem4f.oem4f (.const:ti_sysbios_knl_Task_Object__count__C)
                  00004688    00000004     empty_min_pem4f.oem4f (.const:ti_sysbios_knl_Task_allBlockedFunc__C)
                  0000468c    00000004     empty_min_pem4f.oem4f (.const:ti_sysbios_knl_Task_numConstructedTasks__C)
                  00004690    00000004     empty_min_pem4f.oem4f (.const:xdc_runtime_Assert_E_assertFailed__C)
                  00004694    00000004     empty_min_pem4f.oem4f (.const:xdc_runtime_Core_A_initializedParams__C)
                  00004698    00000004     empty_min_pem4f.oem4f (.const:xdc_runtime_Core_Module__diagsEnabled__C)
                  0000469c    00000004     empty_min_pem4f.oem4f (.const:xdc_runtime_Core_Module__diagsIncluded__C)
                  000046a0    00000004     empty_min_pem4f.oem4f (.const:xdc_runtime_Core_Module__diagsMask__C)
                  000046a4    00000004     empty_min_pem4f.oem4f (.const:xdc_runtime_Error_Module__diagsEnabled__C)
                  000046a8    00000004     empty_min_pem4f.oem4f (.const:xdc_runtime_Error_Module__diagsIncluded__C)
                  000046ac    00000004     empty_min_pem4f.oem4f (.const:xdc_runtime_Error_Module__diagsMask__C)
                  000046b0    00000004     empty_min_pem4f.oem4f (.const:xdc_runtime_Error_Module__loggerFxn8__C)
                  000046b4    00000004     empty_min_pem4f.oem4f (.const:xdc_runtime_Error_Module__loggerObj__C)
                  000046b8    00000004     empty_min_pem4f.oem4f (.const:xdc_runtime_Error_policyFxn__C)
                  000046bc    00000004     empty_min_pem4f.oem4f (.const:xdc_runtime_Error_raiseHook__C)
                  000046c0    00000004     empty_min_pem4f.oem4f (.const:xdc_runtime_HeapStd_A_align__C)
                  000046c4    00000004     empty_min_pem4f.oem4f (.const:xdc_runtime_HeapStd_A_invalidTotalFreeSize__C)
                  000046c8    00000004     empty_min_pem4f.oem4f (.const:xdc_runtime_HeapStd_A_zeroSize__C)
                  000046cc    00000004     empty_min_pem4f.oem4f (.const:xdc_runtime_HeapStd_Module__diagsEnabled__C)
                  000046d0    00000004     empty_min_pem4f.oem4f (.const:xdc_runtime_HeapStd_Module__diagsIncluded__C)
                  000046d4    00000004     empty_min_pem4f.oem4f (.const:xdc_runtime_HeapStd_Module__diagsMask__C)
                  000046d8    00000004     empty_min_pem4f.oem4f (.const:xdc_runtime_IGateProvider_Interface__BASE__C)
                  000046dc    00000004     empty_min_pem4f.oem4f (.const:xdc_runtime_IHeap_Interface__BASE__C)
                  000046e0    00000004     empty_min_pem4f.oem4f (.const:xdc_runtime_IModule_Interface__BASE__C)
                  000046e4    00000004     empty_min_pem4f.oem4f (.const:xdc_runtime_Log_L_error__C)
                  000046e8    00000004     empty_min_pem4f.oem4f (.const:xdc_runtime_Startup_execImpl__C)
                  000046ec    00000004     empty_min_pem4f.oem4f (.const:xdc_runtime_Startup_maxPasses__C)
                  000046f0    00000004     empty_min_pem4f.oem4f (.const:xdc_runtime_Startup_sfxnRts__C)
                  000046f4    00000004     empty_min_pem4f.oem4f (.const:xdc_runtime_Startup_sfxnTab__C)
                  000046f8    00000004     empty_min_pem4f.oem4f (.const:xdc_runtime_SysCallback_abortFxn__C)
                  000046fc    00000004     empty_min_pem4f.oem4f (.const:xdc_runtime_SysCallback_exitFxn__C)
                  00004700    00000004     empty_min_pem4f.oem4f (.const:xdc_runtime_SysCallback_putchFxn__C)
                  00004704    00000004     empty_min_pem4f.oem4f (.const:xdc_runtime_SysCallback_readyFxn__C)
                  00004708    00000004     empty_min_pem4f.oem4f (.const:xdc_runtime_System_Module__gateObj__C)
                  0000470c    00000004     empty_min_pem4f.oem4f (.const:xdc_runtime_System_abortFxn__C)
                  00004710    00000004     empty_min_pem4f.oem4f (.const:xdc_runtime_System_exitFxn__C)
                  00004714    00000004     empty_min_pem4f.oem4f (.const:xdc_runtime_System_extendFxn__C)
                  00004718    00000004     empty_min_pem4f.oem4f (.const:xdc_runtime_System_maxAtexitHandlers__C)
                  0000471c    00000004     empty_min_pem4f.oem4f (.const:xdc_runtime_Text_charTab__C)
                  00004720    00000004     empty_min_pem4f.oem4f (.const:xdc_runtime_Text_nameEmpty__C)
                  00004724    00000004     empty_min_pem4f.oem4f (.const:xdc_runtime_Text_nameStatic__C)
                  00004728    00000004     empty_min_pem4f.oem4f (.const:xdc_runtime_Text_nameUnknown__C)
                  0000472c    00000004     empty_min_pem4f.oem4f (.const:xdc_runtime_Text_visitRopeFxn__C)
                  00004730    00000002     empty_min_pem4f.oem4f (.const:ti_sysbios_knl_Task_initStackFlag__C)
                  00004732    00000002     empty_min_pem4f.oem4f (.const:xdc_runtime_Core_Module__id__C)
                  00004734    00000002     empty_min_pem4f.oem4f (.const:xdc_runtime_Error_Module__loggerDefined__C)
                  00004736    00000002     empty_min_pem4f.oem4f (.const:xdc_runtime_Error_maxDepth__C)
                  00004738    00000002     empty_min_pem4f.oem4f (.const:xdc_runtime_HeapStd_Module__id__C)
                  0000473a    00000002     empty_min_pem4f.oem4f (.const:xdc_runtime_Text_charCnt__C)
                  0000473c    00000002     empty_min_pem4f.oem4f (.const:xdc_runtime_Text_isLoaded__C)
                  0000473e    00000002     empty_min_pem4f.oem4f (.const:xdc_runtime_Text_registryModsLastId__C)
                  00004740    00000002     empty_min_pem4f.oem4f (.const:xdc_runtime_Text_unnamedModsLastId__C)

.cinit     0    00004748    000001f0     
                  00004748    000001b9     (.cinit..data.load) [load image, compression = rle]
                  00004901    00000003     --HOLE-- [fill = 0]
                  00004904    0000000c     (__TI_handler_table)
                  00004910    00000008     (.cinit..bss.load) [load image, compression = zero_init]
                  00004918    00000008     (.cinit..vecs.load) [load image, compression = zero_init]
                  00004920    00000018     (__TI_cinit_table)

.vecs      0    20000000    00000360     UNINITIALIZED
                  20000000    00000360     empty_min_pem4f.oem4f (.vecs)

.bss       0    20000360    0000082c     UNINITIALIZED
                  20000360    00000400     empty_min_pem4f.oem4f (.bss:taskStackSection)
                  20000760    00000360     empty_min_pem4f.oem4f (.bss:ti_sysbios_family_arm_m3_Hwi_dispatchTable)
                  20000ac0    00000088     EK_TM4C123GXL.obj (.bss:uartTivaObjects)
                  20000b48    00000024     main.obj (.bss:loadcellParams)
                  20000b6c    0000001c     (.common:callbackHwi)
                  20000b88    00000004     (.common:encoderParams)

.data      0    20000b8c    000002b8     UNINITIALIZED
                  20000b8c    000000c8     empty_min_pem4f.oem4f (.data)
                  20000c54    00000098     empty_min_pem4f.oem4f (.data:ti_sysbios_knl_Task_Object__table__V)
                  20000cec    00000044     empty_min_pem4f.oem4f (.data:ti_sysbios_knl_Task_Module__state__V)
                  20000d30    00000040     empty_min_pem4f.oem4f (.data:ti_sysbios_family_arm_lm4_Timer_Object__table__V)
                  20000d70    00000034     empty_min_pem4f.oem4f (.data:ti_sysbios_family_arm_m3_Hwi_Module__state__V)
                  20000da4    00000030     empty_min_pem4f.oem4f (.data:ti_sysbios_family_arm_lm4_Timer_Module_State_0_device__A)
                  20000dd4    0000002c     empty_min_pem4f.oem4f (.data:ti_sysbios_knl_Clock_Module__state__V)
                  20000e00    00000024     empty_min_pem4f.oem4f (.data:ti_sysbios_BIOS_Module__state__V)
                  20000e24    00000008     drivers_tivaware.aem4f : GPIOTiva.oem4f (.data)
                  20000e2c    00000008     rtsv7M4_T_le_v4SPD16_eabi.lib : _lock.obj (.data)
                  20000e34    00000008                                   : exit.obj (.data)
                  20000e3c    00000004     drivers_tivaware.aem4f : UART.oem4f (.data)
                  20000e40    00000004     rtsv7M4_T_le_v4SPD16_eabi.lib : stkdepth_vars.obj (.data)

.stack     0    20000e44    00000200     UNINITIALIZED
                  20000e44    00000200     --HOLE--


LINKER GENERATED COPY TABLES

__TI_cinit_table @ 00004920 records: 3, size/record: 8, table size: 24
	.data: load addr=00004748, load size=000001b9 bytes, run addr=20000b8c, run size=000002b8 bytes, compression=rle
	.bss: load addr=00004910, load size=00000008 bytes, run addr=20000360, run size=0000082c bytes, compression=zero_init
	.vecs: load addr=00004918, load size=00000008 bytes, run addr=20000000, run size=00000360 bytes, compression=zero_init


LINKER GENERATED HANDLER TABLE

__TI_handler_table @ 00004904 records: 3, size/record: 4, table size: 12
	index: 0, handler: __TI_zero_init
	index: 1, handler: __TI_decompress_rle24
	index: 2, handler: __TI_decompress_none


GLOBAL SYMBOLS: SORTED ALPHABETICALLY BY Name 

address    name
--------   ----
00002f79   C$$EXIT
00001a75   EK_TM4C123GXL_initGPIO
00003195   EK_TM4C123GXL_initGeneral
000037bd   EK_TM4C123GXL_initUART
00003499   EncoderCallbackAFunction
000034cd   EncoderCallbackBFunction
000038c5   GPIODirModeSet
0000416d   GPIOIntClear
00004095   GPIOIntEnable
00004035   GPIOIntStatus
00002bad   GPIOIntTypeSet
00001181   GPIOPadConfigSet
00002cf5   GPIOPinConfigure
00004173   GPIOPinRead
00003ef9   GPIOPinTypeGPIOInput
00003d33   GPIOPinTypeGPIOOutput
00003f0b   GPIOPinTypeUART
00004179   GPIOPinWrite
00003e81   GPIO_clearInt
00004394   GPIO_config
00002d3d   GPIO_enableInt
000038ef   GPIO_hwiIntFxn
00003a0d   GPIO_init
00003945   GPIO_read
00002d85   GPIO_setupCallbacks
00003255   GPIO_toggle
0000396d   GPIO_write
000020ef   Plurry_init
UNDEFED    SHT$$INIT_ARRAY$$Base
UNDEFED    SHT$$INIT_ARRAY$$Limit
00003501   SysCtlPeripheralEnable
0000410d   UARTCharGet
00004043   UARTCharGetNonBlocking
00004117   UARTCharPut
00004051   UARTCharPutNonBlocking
00003111   UARTConfigSetExpClk
00003be9   UARTDisable
00003e95   UARTEnable
0000417f   UARTFIFOLevelSet
000041bb   UARTIntClear
00004121   UARTIntDisable
00004135   UARTIntEnable
0000412b   UARTIntStatus
00003535   UARTTiva_close
00004185   UARTTiva_control
00004418   UARTTiva_fxnTable
0000413d   UARTTiva_init
00000f01   UARTTiva_open
00002599   UARTTiva_read
00003639   UARTTiva_readCancel
000026dd   UARTTiva_readPolling
00002605   UARTTiva_write
0000366b   UARTTiva_writeCancel
000031d5   UARTTiva_writePolling
00004574   UART_config
00004468   UART_defaultParams
00003381   UART_init
00000000   __ASM__
0000006a   __ISA__
0000007d   __PLAT__
20001044   __STACK_END
00000200   __STACK_SIZE
20000f44   __STACK_TOP
0000009e   __TARG__
00004920   __TI_CINIT_Base
00004938   __TI_CINIT_Limit
00004904   __TI_Handler_Table_Base
00004910   __TI_Handler_Table_Limit
00000001   __TI_args_main
00001ddd   __TI_auto_init
20000e34   __TI_cleanup_ptr
0000405f   __TI_decompress_none
00004191   __TI_decompress_rle24
20000e38   __TI_dtors_ptr
00000000   __TI_static_base__
00003f1d   __TI_zero_init
000000c4   __TRDR__
0000243f   __aeabi_memclr
0000243f   __aeabi_memclr4
0000243f   __aeabi_memclr8
00001fb9   __aeabi_memcpy
00001fb9   __aeabi_memcpy4
00001fb9   __aeabi_memcpy8
00002441   __aeabi_memset
00002441   __aeabi_memset4
00002441   __aeabi_memset8
00003153   __aeabi_uidivmod
ffffffff   __binit__
ffffffff   __c_args__
20000e44   __stack
0000418b   __xdc__init
20000c50   __xdc__init__addr
00003d4d   _args_main
00002aa5   _c_int00
20000e2c   _lock
00003eb7   _nop
00003eaf   _register_lock
00003ea9   _register_unlock
20000e30   _unlock
00002f7d   abort
ffffffff   binit
20000b6c   callbackHwi
00002f35   copy_in
20000b88   encoderParams
00002f85   exit
000024b7   free
000042a4   gpioHWAttrs
000043ec   gpioPortACallbacks
00003e55   heartBeatFxn
00001f1d   loadCellCommunicationFxn
20000b48   loadcellParams
00003569   main
20000e40   main_func_sp
000041bf   malloc
00001fb9   memcpy
00002447   memset
00003ebd   strlen
00004614   ti_catalog_arm_cortexm4_tiva_ce_Boot_A_mustUseEnhancedClockMode__C
00004618   ti_catalog_arm_cortexm4_tiva_ce_Boot_Module__diagsEnabled__C
0000461c   ti_catalog_arm_cortexm4_tiva_ce_Boot_Module__diagsIncluded__C
00004620   ti_catalog_arm_cortexm4_tiva_ce_Boot_Module__diagsMask__C
000045ca   ti_catalog_arm_cortexm4_tiva_ce_Boot_Module__id__C
00004089   ti_catalog_arm_cortexm4_tiva_ce_Boot_init__I
000014d5   ti_catalog_arm_cortexm4_tiva_ce_Boot_sysCtlClockSetI__I
000020f1   ti_catalog_arm_cortexm4_tiva_ce_Boot_sysCtlClockSet__E
00004197   ti_catalog_arm_cortexm4_tiva_ce_Boot_sysCtlDelayI__I
20000e00   ti_sysbios_BIOS_Module__state__V
000041c3   ti_sysbios_BIOS_RtsGateProxy_enter__E
000041c7   ti_sysbios_BIOS_RtsGateProxy_leave__E
000041db   ti_sysbios_BIOS_RtsGateProxy_query__E
000037e9   ti_sysbios_BIOS_atExitFunc__I
00003c05   ti_sysbios_BIOS_errorRaiseHook__I
00003e6b   ti_sysbios_BIOS_exitFunc__I
00003f65   ti_sysbios_BIOS_getCpuFreq__E
00002743   ti_sysbios_BIOS_nullFunc__I
00003a31   ti_sysbios_BIOS_registerRTSLock__I
00003a55   ti_sysbios_BIOS_removeRTSLock__I
00003c21   ti_sysbios_BIOS_rtsLock__I
00003d65   ti_sysbios_BIOS_rtsUnlock__I
00003f75   ti_sysbios_BIOS_setThreadType__E
00003b09   ti_sysbios_BIOS_startFunc__I
00003f85   ti_sysbios_BIOS_start__E
20000da4   ti_sysbios_family_arm_lm4_Timer_Module_State_0_device__A
20000b8c   ti_sysbios_family_arm_lm4_Timer_Module_State_0_handles__A
00003d7d   ti_sysbios_family_arm_lm4_Timer_Module__startupDone__F
00003d7d   ti_sysbios_family_arm_lm4_Timer_Module__startupDone__S
20000ba4   ti_sysbios_family_arm_lm4_Timer_Module__state__V
000029ed   ti_sysbios_family_arm_lm4_Timer_Module_startup__E
20000d30   ti_sysbios_family_arm_lm4_Timer_Object__table__V
00004624   ti_sysbios_family_arm_lm4_Timer_enableFunc__C
00002dcd   ti_sysbios_family_arm_lm4_Timer_enableTimers__I
00001c8d   ti_sysbios_family_arm_lm4_Timer_enableTiva__I
000040a1   ti_sysbios_family_arm_lm4_Timer_getMaxTicks__E
00002afd   ti_sysbios_family_arm_lm4_Timer_initDevice__I
00002fbd   ti_sysbios_family_arm_lm4_Timer_isrStub__E
0000414d   ti_sysbios_family_arm_lm4_Timer_masterDisable__I
000041cb   ti_sysbios_family_arm_lm4_Timer_masterEnable__I
00004628   ti_sysbios_family_arm_lm4_Timer_numTimerDevices__C
000015d5   ti_sysbios_family_arm_lm4_Timer_start__E
0000462c   ti_sysbios_family_arm_lm4_Timer_startupNeeded__C
00003215   ti_sysbios_family_arm_lm4_Timer_startup__E
0000369d   ti_sysbios_family_arm_lm4_Timer_stop__E
00003ae5   ti_sysbios_family_arm_lm4_Timer_write__I
00004630   ti_sysbios_family_arm_m3_Hwi_E_NMI__C
00004634   ti_sysbios_family_arm_m3_Hwi_E_alreadyDefined__C
00004638   ti_sysbios_family_arm_m3_Hwi_E_busFault__C
0000463c   ti_sysbios_family_arm_m3_Hwi_E_debugMon__C
00004640   ti_sysbios_family_arm_m3_Hwi_E_hardFault__C
00004644   ti_sysbios_family_arm_m3_Hwi_E_memFault__C
00004648   ti_sysbios_family_arm_m3_Hwi_E_noIsr__C
0000464c   ti_sysbios_family_arm_m3_Hwi_E_reserved__C
00004650   ti_sysbios_family_arm_m3_Hwi_E_svCall__C
00004654   ti_sysbios_family_arm_m3_Hwi_E_usageFault__C
00003ce5   ti_sysbios_family_arm_m3_Hwi_Handle__label__S
00003995   ti_sysbios_family_arm_m3_Hwi_Instance_finalize__E
00001e7d   ti_sysbios_family_arm_m3_Hwi_Instance_init__E
20000bc8   ti_sysbios_family_arm_m3_Hwi_Module_State_0_excActive__A
20000bcc   ti_sysbios_family_arm_m3_Hwi_Module_State_0_excContext__A
20000bd0   ti_sysbios_family_arm_m3_Hwi_Module_State_0_excStack__A
000045ea   ti_sysbios_family_arm_m3_Hwi_Module__id__C
00003d95   ti_sysbios_family_arm_m3_Hwi_Module__startupDone__F
00003d95   ti_sysbios_family_arm_m3_Hwi_Module__startupDone__S
20000d70   ti_sysbios_family_arm_m3_Hwi_Module__state__V
00002ca9   ti_sysbios_family_arm_m3_Hwi_Module_startup__E
00004658   ti_sysbios_family_arm_m3_Hwi_NUM_INTERRUPTS__C
000044f8   ti_sysbios_family_arm_m3_Hwi_Object__DESC__C
00004364   ti_sysbios_family_arm_m3_Hwi_Object__PARAMS__C
0000465c   ti_sysbios_family_arm_m3_Hwi_Object__count__C
00003c3d   ti_sysbios_family_arm_m3_Hwi_Object__destruct__S
00003ed1   ti_sysbios_family_arm_m3_Hwi_Object__get__S
20000bb0   ti_sysbios_family_arm_m3_Hwi_Object__table__V
000040ad   ti_sysbios_family_arm_m3_Hwi_Params__init__S
00004660   ti_sysbios_family_arm_m3_Hwi_ccr__C
00003291   ti_sysbios_family_arm_m3_Hwi_construct
000041cf   ti_sysbios_family_arm_m3_Hwi_destruct
000040b9   ti_sysbios_family_arm_m3_Hwi_disableFxn__E
00003001   ti_sysbios_family_arm_m3_Hwi_disableInterrupt__E
00002c05   ti_sysbios_family_arm_m3_Hwi_dispatchC__I
20000760   ti_sysbios_family_arm_m3_Hwi_dispatchTable
000017d1   ti_sysbios_family_arm_m3_Hwi_dispatch__I
000029eb   ti_sysbios_family_arm_m3_Hwi_doSwiRestore__I
0000419d   ti_sysbios_family_arm_m3_Hwi_doTaskRestore__I
00003045   ti_sysbios_family_arm_m3_Hwi_enableInterrupt__E
00000b01   ti_sysbios_family_arm_m3_Hwi_excBusFault__I
00001bdd   ti_sysbios_family_arm_m3_Hwi_excDebugMon__I
0000003d   ti_sysbios_family_arm_m3_Hwi_excDumpRegs__I
00003b29   ti_sysbios_family_arm_m3_Hwi_excHandlerAsm__I
00004664   ti_sysbios_family_arm_m3_Hwi_excHandlerFunc__C
000007a5   ti_sysbios_family_arm_m3_Hwi_excHandlerMax__I
00003b49   ti_sysbios_family_arm_m3_Hwi_excHandler__I
00001b29   ti_sysbios_family_arm_m3_Hwi_excHardFault__I
000045ec   ti_sysbios_family_arm_m3_Hwi_excHookFuncs__A
00004668   ti_sysbios_family_arm_m3_Hwi_excHookFuncs__C
00001041   ti_sysbios_family_arm_m3_Hwi_excMemFault__I
0000359d   ti_sysbios_family_arm_m3_Hwi_excNmi__I
000033b9   ti_sysbios_family_arm_m3_Hwi_excNoIsr__I
00002e15   ti_sysbios_family_arm_m3_Hwi_excReserved__I
000032cd   ti_sysbios_family_arm_m3_Hwi_excSvCall__I
00000c69   ti_sysbios_family_arm_m3_Hwi_excUsageFault__I
00003309   ti_sysbios_family_arm_m3_Hwi_getStackInfo__E
000022ad   ti_sysbios_family_arm_m3_Hwi_initNVIC__E
00002b55   ti_sysbios_family_arm_m3_Hwi_initStacks__E
0000466c   ti_sysbios_family_arm_m3_Hwi_nullIsrFunc__C
e000e000   ti_sysbios_family_arm_m3_Hwi_nvic
000039e5   ti_sysbios_family_arm_m3_Hwi_pendSV__I
000024b9   ti_sysbios_family_arm_m3_Hwi_postInit__I
00004670   ti_sysbios_family_arm_m3_Hwi_priGroup__C
20000000   ti_sysbios_family_arm_m3_Hwi_ramVectors
00000000   ti_sysbios_family_arm_m3_Hwi_resetVectors
000041a3   ti_sysbios_family_arm_m3_Hwi_restoreFxn__E
00003a09   ti_sysbios_family_arm_m3_Hwi_return
00004155   ti_sysbios_family_arm_m3_Hwi_startup__E
00003ee5   ti_sysbios_family_arm_m3_Hwi_switchFromBootStack__E
000041d3   ti_sysbios_family_arm_m3_TaskSupport_Module__startupDone__S
00002339   ti_sysbios_family_arm_m3_TaskSupport_buildTaskStack
00003f95   ti_sysbios_family_arm_m3_TaskSupport_glue
000033f1   ti_sysbios_family_arm_m3_TaskSupport_start__E
00003dad   ti_sysbios_family_arm_m3_TaskSupport_swap__E
0000448c   ti_sysbios_gates_GateHwi_Module__FXNS__C
20000bd4   ti_sysbios_gates_GateHwi_Object__table__V
000040c5   ti_sysbios_gates_GateHwi_enter__E
000041a9   ti_sysbios_gates_GateHwi_leave__E
000041d7   ti_sysbios_gates_GateHwi_query__E
00004674   ti_sysbios_gates_GateMutex_Instance_State_sem__O
000044b0   ti_sysbios_gates_GateMutex_Module__FXNS__C
20000bd8   ti_sysbios_gates_GateMutex_Object__table__V
000036cd   ti_sysbios_gates_GateMutex_enter__E
00003dc5   ti_sysbios_gates_GateMutex_leave__E
000041db   ti_sysbios_gates_GateMutex_query__E
000041df   ti_sysbios_hal_Hwi_HwiProxy_Module__startupDone__S
00003001   ti_sysbios_hal_Hwi_HwiProxy_disableInterrupt__E
000040b9   ti_sysbios_hal_Hwi_HwiProxy_disable__E
00003045   ti_sysbios_hal_Hwi_HwiProxy_enableInterrupt__E
00003309   ti_sysbios_hal_Hwi_HwiProxy_getStackInfo__E
000041a3   ti_sysbios_hal_Hwi_HwiProxy_restore__E
00004155   ti_sysbios_hal_Hwi_HwiProxy_startup__E
00003ee5   ti_sysbios_hal_Hwi_HwiProxy_switchFromBootStack__E
00003f2f   ti_sysbios_hal_Hwi_Module_startup__E
00003001   ti_sysbios_hal_Hwi_disableInterrupt__E
000040b9   ti_sysbios_hal_Hwi_disable__E
00003045   ti_sysbios_hal_Hwi_enableInterrupt__E
00003309   ti_sysbios_hal_Hwi_getStackInfo__E
00003815   ti_sysbios_hal_Hwi_initStack
000041a3   ti_sysbios_hal_Hwi_restore__E
00004155   ti_sysbios_hal_Hwi_startup__E
00003f41   ti_sysbios_hal_Timer_Module_startup__E
000041e3   ti_sysbios_hal_Timer_TimerProxy_Module__startupDone__S
00003215   ti_sysbios_hal_Timer_TimerProxy_startup__E
00003215   ti_sysbios_hal_Timer_startup__E
00004678   ti_sysbios_knl_Clock_Module_State_clockQ__O
20000dd4   ti_sysbios_knl_Clock_Module__state__V
00003a79   ti_sysbios_knl_Clock_Module_startup__E
000041e7   ti_sysbios_knl_Clock_TimerProxy_Module__startupDone__S
000041eb   ti_sysbios_knl_Clock_TimerProxy_getMaxTicks__E
00003215   ti_sysbios_knl_Clock_TimerProxy_startup__E
00003841   ti_sysbios_knl_Clock_doTick__I
00002c03   ti_sysbios_knl_Clock_logTick__E
00002529   ti_sysbios_knl_Clock_workFunc__E
000045f4   ti_sysbios_knl_Idle_funcList__C
00003b69   ti_sysbios_knl_Idle_run__E
000041af   ti_sysbios_knl_Queue_Instance_init__E
00004518   ti_sysbios_knl_Queue_Object__DESC__C
0000458c   ti_sysbios_knl_Queue_Object__PARAMS__C
00003c59   ti_sysbios_knl_Queue_Object__destruct__S
000040d1   ti_sysbios_knl_Queue_Object__get__S
0000386d   ti_sysbios_knl_Queue_construct
000041ef   ti_sysbios_knl_Queue_destruct
0000406d   ti_sysbios_knl_Queue_empty__E
00003c75   ti_sysbios_knl_Queue_put__E
0000467c   ti_sysbios_knl_Semaphore_Instance_State_pendQ__O
00003fa5   ti_sysbios_knl_Semaphore_Instance_finalize__E
00003a9d   ti_sysbios_knl_Semaphore_Instance_init__E
00004538   ti_sysbios_knl_Semaphore_Object__DESC__C
000044d4   ti_sysbios_knl_Semaphore_Object__PARAMS__C
00003b89   ti_sysbios_knl_Semaphore_Object__destruct__S
000040dd   ti_sysbios_knl_Semaphore_Params__init__S
000036fd   ti_sysbios_knl_Semaphore_construct
000041f3   ti_sysbios_knl_Semaphore_destruct
0000372d   ti_sysbios_knl_Semaphore_pendTimeout__I
0000098d   ti_sysbios_knl_Semaphore_pend__E
00002745   ti_sysbios_knl_Semaphore_post__E
00003cff   ti_sysbios_knl_Task_Handle__label__S
20000360   ti_sysbios_knl_Task_Instance_State_0_stack__A
20000560   ti_sysbios_knl_Task_Instance_State_1_stack__A
20000c14   ti_sysbios_knl_Task_Module_State_0_idleTask__A
20000bf4   ti_sysbios_knl_Task_Module_State_0_readyQ__A
00004680   ti_sysbios_knl_Task_Module_State_inactiveQ__O
20000cec   ti_sysbios_knl_Task_Module__state__V
0000286d   ti_sysbios_knl_Task_Module_startup__E
00004684   ti_sysbios_knl_Task_Object__count__C
00003fb5   ti_sysbios_knl_Task_Object__get__S
20000c54   ti_sysbios_knl_Task_Object__table__V
000041f7   ti_sysbios_knl_Task_SupportProxy_Module__startupDone__S
000033f1   ti_sysbios_knl_Task_SupportProxy_start__E
00003dad   ti_sysbios_knl_Task_SupportProxy_swap__E
00004688   ti_sysbios_knl_Task_allBlockedFunc__C
00003089   ti_sysbios_knl_Task_allBlockedFunction__I
00003fc5   ti_sysbios_knl_Task_disable__E
00003ba9   ti_sysbios_knl_Task_enter__I
00002671   ti_sysbios_knl_Task_exit__E
00004730   ti_sysbios_knl_Task_initStackFlag__C
0000468c   ti_sysbios_knl_Task_numConstructedTasks__C
00002185   ti_sysbios_knl_Task_postInit__I
00003429   ti_sysbios_knl_Task_processVitalTaskFlag__I
00003c91   ti_sysbios_knl_Task_restoreHwi__E
000039bd   ti_sysbios_knl_Task_restore__E
00002e5d   ti_sysbios_knl_Task_schedule__I
00003ddd   ti_sysbios_knl_Task_sleepTimeout__I
000018c5   ti_sysbios_knl_Task_sleep__E
000028cd   ti_sysbios_knl_Task_startCore__E
000041fb   ti_sysbios_knl_Task_startup__E
00003db9   ti_sysbios_knl_Task_swapReturn
0000375d   ti_sysbios_knl_Task_unblockI__E
000045fc   uartTivaHWAttrs
20000ac0   uartTivaObjects
00004690   xdc_runtime_Assert_E_assertFailed__C
00002ea5   xdc_runtime_Assert_raise__I
00004694   xdc_runtime_Core_A_initializedParams__C
00004698   xdc_runtime_Core_Module__diagsEnabled__C
0000469c   xdc_runtime_Core_Module__diagsIncluded__C
000046a0   xdc_runtime_Core_Module__diagsMask__C
00004732   xdc_runtime_Core_Module__id__C
000035d1   xdc_runtime_Core_assignLabel__I
00002eed   xdc_runtime_Core_assignParams__I
000019a9   xdc_runtime_Core_constructObject__I
00003df5   xdc_runtime_Core_destructObject__I
000046a4   xdc_runtime_Error_Module__diagsEnabled__C
000046a8   xdc_runtime_Error_Module__diagsIncluded__C
000046ac   xdc_runtime_Error_Module__diagsMask__C
00004734   xdc_runtime_Error_Module__loggerDefined__C
000046b0   xdc_runtime_Error_Module__loggerFxn8__C
000046b4   xdc_runtime_Error_Module__loggerObj__C
20000c18   xdc_runtime_Error_Module__state__V
00003e0d   xdc_runtime_Error_check__E
000040e9   xdc_runtime_Error_init__E
00004736   xdc_runtime_Error_maxDepth__C
000012b1   xdc_runtime_Error_policyDefault__E
000046b8   xdc_runtime_Error_policyFxn__C
000045c9   xdc_runtime_Error_policy__C
000046bc   xdc_runtime_Error_raiseHook__C
00003cad   xdc_runtime_Error_raiseX__E
000030cd   xdc_runtime_Error_setX__E
000040f5   xdc_runtime_Gate_enterSystem__E
00003fd5   xdc_runtime_Gate_leaveSystem__E
000046c0   xdc_runtime_HeapStd_A_align__C
000046c4   xdc_runtime_HeapStd_A_invalidTotalFreeSize__C
000046c8   xdc_runtime_HeapStd_A_zeroSize__C
00004440   xdc_runtime_HeapStd_Module__FXNS__C
000046cc   xdc_runtime_HeapStd_Module__diagsEnabled__C
000046d0   xdc_runtime_HeapStd_Module__diagsIncluded__C
000046d4   xdc_runtime_HeapStd_Module__diagsMask__C
00004738   xdc_runtime_HeapStd_Module__id__C
20000c28   xdc_runtime_HeapStd_Module__state__V
20000c1c   xdc_runtime_HeapStd_Object__table__V
00000dbd   xdc_runtime_HeapStd_alloc__E
00001d39   xdc_runtime_HeapStd_free__E
0000407b   xdc_runtime_HeapStd_getStats__E
000041ff   xdc_runtime_HeapStd_isBlocking__E
000046d8   xdc_runtime_IGateProvider_Interface__BASE__C
000046dc   xdc_runtime_IHeap_Interface__BASE__C
000046e0   xdc_runtime_IModule_Interface__BASE__C
000046e4   xdc_runtime_Log_L_error__C
000041d7   xdc_runtime_Main_Module_GateProxy_query__E
20000c2c   xdc_runtime_Memory_Module__state__V
00004101   xdc_runtime_Memory_getMaxDefaultTypeAlign__E
20000c30   xdc_runtime_Registry_Module__state__V
00003bc9   xdc_runtime_Registry_findById__E
20000c38   xdc_runtime_Startup_Module__state__V
00000001   xdc_runtime_Startup__EXECFXN__C
00000001   xdc_runtime_Startup__RESETFXN__C
000046e8   xdc_runtime_Startup_execImpl__C
00002c59   xdc_runtime_Startup_exec__E
00003f53   xdc_runtime_Startup_exec__I
000045cc   xdc_runtime_Startup_firstFxns__A
00004604   xdc_runtime_Startup_firstFxns__C
0000460c   xdc_runtime_Startup_lastFxns__C
000046ec   xdc_runtime_Startup_maxPasses__C
00002f33   xdc_runtime_Startup_reset__I
000045dc   xdc_runtime_Startup_sfxnRts__A
000046f0   xdc_runtime_Startup_sfxnRts__C
00004558   xdc_runtime_Startup_sfxnTab__A
000046f4   xdc_runtime_Startup_sfxnTab__C
000016d5   xdc_runtime_Startup_startMods__I
000046f8   xdc_runtime_SysCallback_abortFxn__C
00003fe5   xdc_runtime_SysCallback_abort__E
00003943   xdc_runtime_SysCallback_defaultAbort
00003a0b   xdc_runtime_SysCallback_defaultExit
00003b07   xdc_runtime_SysCallback_defaultPutch
00004203   xdc_runtime_SysCallback_defaultReady
000046fc   xdc_runtime_SysCallback_exitFxn__C
00003ff5   xdc_runtime_SysCallback_exit__E
00004700   xdc_runtime_SysCallback_putchFxn__C
00004005   xdc_runtime_SysCallback_putch__E
00004704   xdc_runtime_SysCallback_readyFxn__C
00004015   xdc_runtime_SysCallback_ready__E
00004207   xdc_runtime_System_Module_GateProxy_enter__E
0000420b   xdc_runtime_System_Module_GateProxy_leave__E
000041d7   xdc_runtime_System_Module_GateProxy_query__E
00004708   xdc_runtime_System_Module__gateObj__C
20000c40   xdc_runtime_System_Module__state__V
000041b5   xdc_runtime_System_Module_startup__E
00003fe5   xdc_runtime_System_SupportProxy_abort__E
00003ff5   xdc_runtime_System_SupportProxy_exit__E
00004005   xdc_runtime_System_SupportProxy_putch__E
00004015   xdc_runtime_System_SupportProxy_ready__E
0000470c   xdc_runtime_System_abortFxn__C
00002f7d   xdc_runtime_System_abortStd__E
00003cc9   xdc_runtime_System_abort__E
00003461   xdc_runtime_System_atexit__E
00000469   xdc_runtime_System_doPrint__I
00004710   xdc_runtime_System_exitFxn__C
00002f85   xdc_runtime_System_exitStd__E
00003e25   xdc_runtime_System_exit__E
00004714   xdc_runtime_System_extendFxn__C
0000292d   xdc_runtime_System_formatNum__I
00004718   xdc_runtime_System_maxAtexitHandlers__C
000013d1   xdc_runtime_System_printfExtend__I
00003d19   xdc_runtime_System_printf__E
0000420f   xdc_runtime_System_printf_va__F
0000378d   xdc_runtime_System_processAtExit__E
00003919   xdc_runtime_System_putchar__I
00003ac1   xdc_runtime_System_vprintf__E
00004025   xdc_runtime_System_vsnprintf__E
20000c48   xdc_runtime_Text_Module__state__V
0000473a   xdc_runtime_Text_charCnt__C
00000000   xdc_runtime_Text_charTab__A
0000471c   xdc_runtime_Text_charTab__C
00003899   xdc_runtime_Text_cordText__E
0000473c   xdc_runtime_Text_isLoaded__C
00004720   xdc_runtime_Text_nameEmpty__C
00004724   xdc_runtime_Text_nameStatic__C
00004728   xdc_runtime_Text_nameUnknown__C
0000134a   xdc_runtime_Text_nodeTab__A
00003605   xdc_runtime_Text_printVisFxn__I
00002a49   xdc_runtime_Text_putLab__E
00002219   xdc_runtime_Text_putMod__E
00002055   xdc_runtime_Text_putSite__E
0000473e   xdc_runtime_Text_registryModsLastId__C
00003e3d   xdc_runtime_Text_ropeText__E
00004740   xdc_runtime_Text_unnamedModsLastId__C
0000472c   xdc_runtime_Text_visitRopeFxn__C
00004165   xdc_runtime_Text_visitRope__I
00003345   xdc_runtime_Text_xprintf__I


GLOBAL SYMBOLS: SORTED BY Symbol Address 

address    name
--------   ----
00000000   __ASM__
00000000   __TI_static_base__
00000000   ti_sysbios_family_arm_m3_Hwi_resetVectors
00000000   xdc_runtime_Text_charTab__A
00000001   __TI_args_main
00000001   xdc_runtime_Startup__EXECFXN__C
00000001   xdc_runtime_Startup__RESETFXN__C
0000003d   ti_sysbios_family_arm_m3_Hwi_excDumpRegs__I
0000006a   __ISA__
0000007d   __PLAT__
0000009e   __TARG__
000000c4   __TRDR__
00000200   __STACK_SIZE
00000469   xdc_runtime_System_doPrint__I
000007a5   ti_sysbios_family_arm_m3_Hwi_excHandlerMax__I
0000098d   ti_sysbios_knl_Semaphore_pend__E
00000b01   ti_sysbios_family_arm_m3_Hwi_excBusFault__I
00000c69   ti_sysbios_family_arm_m3_Hwi_excUsageFault__I
00000dbd   xdc_runtime_HeapStd_alloc__E
00000f01   UARTTiva_open
00001041   ti_sysbios_family_arm_m3_Hwi_excMemFault__I
00001181   GPIOPadConfigSet
000012b1   xdc_runtime_Error_policyDefault__E
0000134a   xdc_runtime_Text_nodeTab__A
000013d1   xdc_runtime_System_printfExtend__I
000014d5   ti_catalog_arm_cortexm4_tiva_ce_Boot_sysCtlClockSetI__I
000015d5   ti_sysbios_family_arm_lm4_Timer_start__E
000016d5   xdc_runtime_Startup_startMods__I
000017d1   ti_sysbios_family_arm_m3_Hwi_dispatch__I
000018c5   ti_sysbios_knl_Task_sleep__E
000019a9   xdc_runtime_Core_constructObject__I
00001a75   EK_TM4C123GXL_initGPIO
00001b29   ti_sysbios_family_arm_m3_Hwi_excHardFault__I
00001bdd   ti_sysbios_family_arm_m3_Hwi_excDebugMon__I
00001c8d   ti_sysbios_family_arm_lm4_Timer_enableTiva__I
00001d39   xdc_runtime_HeapStd_free__E
00001ddd   __TI_auto_init
00001e7d   ti_sysbios_family_arm_m3_Hwi_Instance_init__E
00001f1d   loadCellCommunicationFxn
00001fb9   __aeabi_memcpy
00001fb9   __aeabi_memcpy4
00001fb9   __aeabi_memcpy8
00001fb9   memcpy
00002055   xdc_runtime_Text_putSite__E
000020ef   Plurry_init
000020f1   ti_catalog_arm_cortexm4_tiva_ce_Boot_sysCtlClockSet__E
00002185   ti_sysbios_knl_Task_postInit__I
00002219   xdc_runtime_Text_putMod__E
000022ad   ti_sysbios_family_arm_m3_Hwi_initNVIC__E
00002339   ti_sysbios_family_arm_m3_TaskSupport_buildTaskStack
0000243f   __aeabi_memclr
0000243f   __aeabi_memclr4
0000243f   __aeabi_memclr8
00002441   __aeabi_memset
00002441   __aeabi_memset4
00002441   __aeabi_memset8
00002447   memset
000024b7   free
000024b9   ti_sysbios_family_arm_m3_Hwi_postInit__I
00002529   ti_sysbios_knl_Clock_workFunc__E
00002599   UARTTiva_read
00002605   UARTTiva_write
00002671   ti_sysbios_knl_Task_exit__E
000026dd   UARTTiva_readPolling
00002743   ti_sysbios_BIOS_nullFunc__I
00002745   ti_sysbios_knl_Semaphore_post__E
0000286d   ti_sysbios_knl_Task_Module_startup__E
000028cd   ti_sysbios_knl_Task_startCore__E
0000292d   xdc_runtime_System_formatNum__I
000029eb   ti_sysbios_family_arm_m3_Hwi_doSwiRestore__I
000029ed   ti_sysbios_family_arm_lm4_Timer_Module_startup__E
00002a49   xdc_runtime_Text_putLab__E
00002aa5   _c_int00
00002afd   ti_sysbios_family_arm_lm4_Timer_initDevice__I
00002b55   ti_sysbios_family_arm_m3_Hwi_initStacks__E
00002bad   GPIOIntTypeSet
00002c03   ti_sysbios_knl_Clock_logTick__E
00002c05   ti_sysbios_family_arm_m3_Hwi_dispatchC__I
00002c59   xdc_runtime_Startup_exec__E
00002ca9   ti_sysbios_family_arm_m3_Hwi_Module_startup__E
00002cf5   GPIOPinConfigure
00002d3d   GPIO_enableInt
00002d85   GPIO_setupCallbacks
00002dcd   ti_sysbios_family_arm_lm4_Timer_enableTimers__I
00002e15   ti_sysbios_family_arm_m3_Hwi_excReserved__I
00002e5d   ti_sysbios_knl_Task_schedule__I
00002ea5   xdc_runtime_Assert_raise__I
00002eed   xdc_runtime_Core_assignParams__I
00002f33   xdc_runtime_Startup_reset__I
00002f35   copy_in
00002f79   C$$EXIT
00002f7d   abort
00002f7d   xdc_runtime_System_abortStd__E
00002f85   exit
00002f85   xdc_runtime_System_exitStd__E
00002fbd   ti_sysbios_family_arm_lm4_Timer_isrStub__E
00003001   ti_sysbios_family_arm_m3_Hwi_disableInterrupt__E
00003001   ti_sysbios_hal_Hwi_HwiProxy_disableInterrupt__E
00003001   ti_sysbios_hal_Hwi_disableInterrupt__E
00003045   ti_sysbios_family_arm_m3_Hwi_enableInterrupt__E
00003045   ti_sysbios_hal_Hwi_HwiProxy_enableInterrupt__E
00003045   ti_sysbios_hal_Hwi_enableInterrupt__E
00003089   ti_sysbios_knl_Task_allBlockedFunction__I
000030cd   xdc_runtime_Error_setX__E
00003111   UARTConfigSetExpClk
00003153   __aeabi_uidivmod
00003195   EK_TM4C123GXL_initGeneral
000031d5   UARTTiva_writePolling
00003215   ti_sysbios_family_arm_lm4_Timer_startup__E
00003215   ti_sysbios_hal_Timer_TimerProxy_startup__E
00003215   ti_sysbios_hal_Timer_startup__E
00003215   ti_sysbios_knl_Clock_TimerProxy_startup__E
00003255   GPIO_toggle
00003291   ti_sysbios_family_arm_m3_Hwi_construct
000032cd   ti_sysbios_family_arm_m3_Hwi_excSvCall__I
00003309   ti_sysbios_family_arm_m3_Hwi_getStackInfo__E
00003309   ti_sysbios_hal_Hwi_HwiProxy_getStackInfo__E
00003309   ti_sysbios_hal_Hwi_getStackInfo__E
00003345   xdc_runtime_Text_xprintf__I
00003381   UART_init
000033b9   ti_sysbios_family_arm_m3_Hwi_excNoIsr__I
000033f1   ti_sysbios_family_arm_m3_TaskSupport_start__E
000033f1   ti_sysbios_knl_Task_SupportProxy_start__E
00003429   ti_sysbios_knl_Task_processVitalTaskFlag__I
00003461   xdc_runtime_System_atexit__E
00003499   EncoderCallbackAFunction
000034cd   EncoderCallbackBFunction
00003501   SysCtlPeripheralEnable
00003535   UARTTiva_close
00003569   main
0000359d   ti_sysbios_family_arm_m3_Hwi_excNmi__I
000035d1   xdc_runtime_Core_assignLabel__I
00003605   xdc_runtime_Text_printVisFxn__I
00003639   UARTTiva_readCancel
0000366b   UARTTiva_writeCancel
0000369d   ti_sysbios_family_arm_lm4_Timer_stop__E
000036cd   ti_sysbios_gates_GateMutex_enter__E
000036fd   ti_sysbios_knl_Semaphore_construct
0000372d   ti_sysbios_knl_Semaphore_pendTimeout__I
0000375d   ti_sysbios_knl_Task_unblockI__E
0000378d   xdc_runtime_System_processAtExit__E
000037bd   EK_TM4C123GXL_initUART
000037e9   ti_sysbios_BIOS_atExitFunc__I
00003815   ti_sysbios_hal_Hwi_initStack
00003841   ti_sysbios_knl_Clock_doTick__I
0000386d   ti_sysbios_knl_Queue_construct
00003899   xdc_runtime_Text_cordText__E
000038c5   GPIODirModeSet
000038ef   GPIO_hwiIntFxn
00003919   xdc_runtime_System_putchar__I
00003943   xdc_runtime_SysCallback_defaultAbort
00003945   GPIO_read
0000396d   GPIO_write
00003995   ti_sysbios_family_arm_m3_Hwi_Instance_finalize__E
000039bd   ti_sysbios_knl_Task_restore__E
000039e5   ti_sysbios_family_arm_m3_Hwi_pendSV__I
00003a09   ti_sysbios_family_arm_m3_Hwi_return
00003a0b   xdc_runtime_SysCallback_defaultExit
00003a0d   GPIO_init
00003a31   ti_sysbios_BIOS_registerRTSLock__I
00003a55   ti_sysbios_BIOS_removeRTSLock__I
00003a79   ti_sysbios_knl_Clock_Module_startup__E
00003a9d   ti_sysbios_knl_Semaphore_Instance_init__E
00003ac1   xdc_runtime_System_vprintf__E
00003ae5   ti_sysbios_family_arm_lm4_Timer_write__I
00003b07   xdc_runtime_SysCallback_defaultPutch
00003b09   ti_sysbios_BIOS_startFunc__I
00003b29   ti_sysbios_family_arm_m3_Hwi_excHandlerAsm__I
00003b49   ti_sysbios_family_arm_m3_Hwi_excHandler__I
00003b69   ti_sysbios_knl_Idle_run__E
00003b89   ti_sysbios_knl_Semaphore_Object__destruct__S
00003ba9   ti_sysbios_knl_Task_enter__I
00003bc9   xdc_runtime_Registry_findById__E
00003be9   UARTDisable
00003c05   ti_sysbios_BIOS_errorRaiseHook__I
00003c21   ti_sysbios_BIOS_rtsLock__I
00003c3d   ti_sysbios_family_arm_m3_Hwi_Object__destruct__S
00003c59   ti_sysbios_knl_Queue_Object__destruct__S
00003c75   ti_sysbios_knl_Queue_put__E
00003c91   ti_sysbios_knl_Task_restoreHwi__E
00003cad   xdc_runtime_Error_raiseX__E
00003cc9   xdc_runtime_System_abort__E
00003ce5   ti_sysbios_family_arm_m3_Hwi_Handle__label__S
00003cff   ti_sysbios_knl_Task_Handle__label__S
00003d19   xdc_runtime_System_printf__E
00003d33   GPIOPinTypeGPIOOutput
00003d4d   _args_main
00003d65   ti_sysbios_BIOS_rtsUnlock__I
00003d7d   ti_sysbios_family_arm_lm4_Timer_Module__startupDone__F
00003d7d   ti_sysbios_family_arm_lm4_Timer_Module__startupDone__S
00003d95   ti_sysbios_family_arm_m3_Hwi_Module__startupDone__F
00003d95   ti_sysbios_family_arm_m3_Hwi_Module__startupDone__S
00003dad   ti_sysbios_family_arm_m3_TaskSupport_swap__E
00003dad   ti_sysbios_knl_Task_SupportProxy_swap__E
00003db9   ti_sysbios_knl_Task_swapReturn
00003dc5   ti_sysbios_gates_GateMutex_leave__E
00003ddd   ti_sysbios_knl_Task_sleepTimeout__I
00003df5   xdc_runtime_Core_destructObject__I
00003e0d   xdc_runtime_Error_check__E
00003e25   xdc_runtime_System_exit__E
00003e3d   xdc_runtime_Text_ropeText__E
00003e55   heartBeatFxn
00003e6b   ti_sysbios_BIOS_exitFunc__I
00003e81   GPIO_clearInt
00003e95   UARTEnable
00003ea9   _register_unlock
00003eaf   _register_lock
00003eb7   _nop
00003ebd   strlen
00003ed1   ti_sysbios_family_arm_m3_Hwi_Object__get__S
00003ee5   ti_sysbios_family_arm_m3_Hwi_switchFromBootStack__E
00003ee5   ti_sysbios_hal_Hwi_HwiProxy_switchFromBootStack__E
00003ef9   GPIOPinTypeGPIOInput
00003f0b   GPIOPinTypeUART
00003f1d   __TI_zero_init
00003f2f   ti_sysbios_hal_Hwi_Module_startup__E
00003f41   ti_sysbios_hal_Timer_Module_startup__E
00003f53   xdc_runtime_Startup_exec__I
00003f65   ti_sysbios_BIOS_getCpuFreq__E
00003f75   ti_sysbios_BIOS_setThreadType__E
00003f85   ti_sysbios_BIOS_start__E
00003f95   ti_sysbios_family_arm_m3_TaskSupport_glue
00003fa5   ti_sysbios_knl_Semaphore_Instance_finalize__E
00003fb5   ti_sysbios_knl_Task_Object__get__S
00003fc5   ti_sysbios_knl_Task_disable__E
00003fd5   xdc_runtime_Gate_leaveSystem__E
00003fe5   xdc_runtime_SysCallback_abort__E
00003fe5   xdc_runtime_System_SupportProxy_abort__E
00003ff5   xdc_runtime_SysCallback_exit__E
00003ff5   xdc_runtime_System_SupportProxy_exit__E
00004005   xdc_runtime_SysCallback_putch__E
00004005   xdc_runtime_System_SupportProxy_putch__E
00004015   xdc_runtime_SysCallback_ready__E
00004015   xdc_runtime_System_SupportProxy_ready__E
00004025   xdc_runtime_System_vsnprintf__E
00004035   GPIOIntStatus
00004043   UARTCharGetNonBlocking
00004051   UARTCharPutNonBlocking
0000405f   __TI_decompress_none
0000406d   ti_sysbios_knl_Queue_empty__E
0000407b   xdc_runtime_HeapStd_getStats__E
00004089   ti_catalog_arm_cortexm4_tiva_ce_Boot_init__I
00004095   GPIOIntEnable
000040a1   ti_sysbios_family_arm_lm4_Timer_getMaxTicks__E
000040ad   ti_sysbios_family_arm_m3_Hwi_Params__init__S
000040b9   ti_sysbios_family_arm_m3_Hwi_disableFxn__E
000040b9   ti_sysbios_hal_Hwi_HwiProxy_disable__E
000040b9   ti_sysbios_hal_Hwi_disable__E
000040c5   ti_sysbios_gates_GateHwi_enter__E
000040d1   ti_sysbios_knl_Queue_Object__get__S
000040dd   ti_sysbios_knl_Semaphore_Params__init__S
000040e9   xdc_runtime_Error_init__E
000040f5   xdc_runtime_Gate_enterSystem__E
00004101   xdc_runtime_Memory_getMaxDefaultTypeAlign__E
0000410d   UARTCharGet
00004117   UARTCharPut
00004121   UARTIntDisable
0000412b   UARTIntStatus
00004135   UARTIntEnable
0000413d   UARTTiva_init
0000414d   ti_sysbios_family_arm_lm4_Timer_masterDisable__I
00004155   ti_sysbios_family_arm_m3_Hwi_startup__E
00004155   ti_sysbios_hal_Hwi_HwiProxy_startup__E
00004155   ti_sysbios_hal_Hwi_startup__E
00004165   xdc_runtime_Text_visitRope__I
0000416d   GPIOIntClear
00004173   GPIOPinRead
00004179   GPIOPinWrite
0000417f   UARTFIFOLevelSet
00004185   UARTTiva_control
0000418b   __xdc__init
00004191   __TI_decompress_rle24
00004197   ti_catalog_arm_cortexm4_tiva_ce_Boot_sysCtlDelayI__I
0000419d   ti_sysbios_family_arm_m3_Hwi_doTaskRestore__I
000041a3   ti_sysbios_family_arm_m3_Hwi_restoreFxn__E
000041a3   ti_sysbios_hal_Hwi_HwiProxy_restore__E
000041a3   ti_sysbios_hal_Hwi_restore__E
000041a9   ti_sysbios_gates_GateHwi_leave__E
000041af   ti_sysbios_knl_Queue_Instance_init__E
000041b5   xdc_runtime_System_Module_startup__E
000041bb   UARTIntClear
000041bf   malloc
000041c3   ti_sysbios_BIOS_RtsGateProxy_enter__E
000041c7   ti_sysbios_BIOS_RtsGateProxy_leave__E
000041cb   ti_sysbios_family_arm_lm4_Timer_masterEnable__I
000041cf   ti_sysbios_family_arm_m3_Hwi_destruct
000041d3   ti_sysbios_family_arm_m3_TaskSupport_Module__startupDone__S
000041d7   ti_sysbios_gates_GateHwi_query__E
000041d7   xdc_runtime_Main_Module_GateProxy_query__E
000041d7   xdc_runtime_System_Module_GateProxy_query__E
000041db   ti_sysbios_BIOS_RtsGateProxy_query__E
000041db   ti_sysbios_gates_GateMutex_query__E
000041df   ti_sysbios_hal_Hwi_HwiProxy_Module__startupDone__S
000041e3   ti_sysbios_hal_Timer_TimerProxy_Module__startupDone__S
000041e7   ti_sysbios_knl_Clock_TimerProxy_Module__startupDone__S
000041eb   ti_sysbios_knl_Clock_TimerProxy_getMaxTicks__E
000041ef   ti_sysbios_knl_Queue_destruct
000041f3   ti_sysbios_knl_Semaphore_destruct
000041f7   ti_sysbios_knl_Task_SupportProxy_Module__startupDone__S
000041fb   ti_sysbios_knl_Task_startup__E
000041ff   xdc_runtime_HeapStd_isBlocking__E
00004203   xdc_runtime_SysCallback_defaultReady
00004207   xdc_runtime_System_Module_GateProxy_enter__E
0000420b   xdc_runtime_System_Module_GateProxy_leave__E
0000420f   xdc_runtime_System_printf_va__F
000042a4   gpioHWAttrs
00004364   ti_sysbios_family_arm_m3_Hwi_Object__PARAMS__C
00004394   GPIO_config
000043ec   gpioPortACallbacks
00004418   UARTTiva_fxnTable
00004440   xdc_runtime_HeapStd_Module__FXNS__C
00004468   UART_defaultParams
0000448c   ti_sysbios_gates_GateHwi_Module__FXNS__C
000044b0   ti_sysbios_gates_GateMutex_Module__FXNS__C
000044d4   ti_sysbios_knl_Semaphore_Object__PARAMS__C
000044f8   ti_sysbios_family_arm_m3_Hwi_Object__DESC__C
00004518   ti_sysbios_knl_Queue_Object__DESC__C
00004538   ti_sysbios_knl_Semaphore_Object__DESC__C
00004558   xdc_runtime_Startup_sfxnTab__A
00004574   UART_config
0000458c   ti_sysbios_knl_Queue_Object__PARAMS__C
000045c9   xdc_runtime_Error_policy__C
000045ca   ti_catalog_arm_cortexm4_tiva_ce_Boot_Module__id__C
000045cc   xdc_runtime_Startup_firstFxns__A
000045dc   xdc_runtime_Startup_sfxnRts__A
000045ea   ti_sysbios_family_arm_m3_Hwi_Module__id__C
000045ec   ti_sysbios_family_arm_m3_Hwi_excHookFuncs__A
000045f4   ti_sysbios_knl_Idle_funcList__C
000045fc   uartTivaHWAttrs
00004604   xdc_runtime_Startup_firstFxns__C
0000460c   xdc_runtime_Startup_lastFxns__C
00004614   ti_catalog_arm_cortexm4_tiva_ce_Boot_A_mustUseEnhancedClockMode__C
00004618   ti_catalog_arm_cortexm4_tiva_ce_Boot_Module__diagsEnabled__C
0000461c   ti_catalog_arm_cortexm4_tiva_ce_Boot_Module__diagsIncluded__C
00004620   ti_catalog_arm_cortexm4_tiva_ce_Boot_Module__diagsMask__C
00004624   ti_sysbios_family_arm_lm4_Timer_enableFunc__C
00004628   ti_sysbios_family_arm_lm4_Timer_numTimerDevices__C
0000462c   ti_sysbios_family_arm_lm4_Timer_startupNeeded__C
00004630   ti_sysbios_family_arm_m3_Hwi_E_NMI__C
00004634   ti_sysbios_family_arm_m3_Hwi_E_alreadyDefined__C
00004638   ti_sysbios_family_arm_m3_Hwi_E_busFault__C
0000463c   ti_sysbios_family_arm_m3_Hwi_E_debugMon__C
00004640   ti_sysbios_family_arm_m3_Hwi_E_hardFault__C
00004644   ti_sysbios_family_arm_m3_Hwi_E_memFault__C
00004648   ti_sysbios_family_arm_m3_Hwi_E_noIsr__C
0000464c   ti_sysbios_family_arm_m3_Hwi_E_reserved__C
00004650   ti_sysbios_family_arm_m3_Hwi_E_svCall__C
00004654   ti_sysbios_family_arm_m3_Hwi_E_usageFault__C
00004658   ti_sysbios_family_arm_m3_Hwi_NUM_INTERRUPTS__C
0000465c   ti_sysbios_family_arm_m3_Hwi_Object__count__C
00004660   ti_sysbios_family_arm_m3_Hwi_ccr__C
00004664   ti_sysbios_family_arm_m3_Hwi_excHandlerFunc__C
00004668   ti_sysbios_family_arm_m3_Hwi_excHookFuncs__C
0000466c   ti_sysbios_family_arm_m3_Hwi_nullIsrFunc__C
00004670   ti_sysbios_family_arm_m3_Hwi_priGroup__C
00004674   ti_sysbios_gates_GateMutex_Instance_State_sem__O
00004678   ti_sysbios_knl_Clock_Module_State_clockQ__O
0000467c   ti_sysbios_knl_Semaphore_Instance_State_pendQ__O
00004680   ti_sysbios_knl_Task_Module_State_inactiveQ__O
00004684   ti_sysbios_knl_Task_Object__count__C
00004688   ti_sysbios_knl_Task_allBlockedFunc__C
0000468c   ti_sysbios_knl_Task_numConstructedTasks__C
00004690   xdc_runtime_Assert_E_assertFailed__C
00004694   xdc_runtime_Core_A_initializedParams__C
00004698   xdc_runtime_Core_Module__diagsEnabled__C
0000469c   xdc_runtime_Core_Module__diagsIncluded__C
000046a0   xdc_runtime_Core_Module__diagsMask__C
000046a4   xdc_runtime_Error_Module__diagsEnabled__C
000046a8   xdc_runtime_Error_Module__diagsIncluded__C
000046ac   xdc_runtime_Error_Module__diagsMask__C
000046b0   xdc_runtime_Error_Module__loggerFxn8__C
000046b4   xdc_runtime_Error_Module__loggerObj__C
000046b8   xdc_runtime_Error_policyFxn__C
000046bc   xdc_runtime_Error_raiseHook__C
000046c0   xdc_runtime_HeapStd_A_align__C
000046c4   xdc_runtime_HeapStd_A_invalidTotalFreeSize__C
000046c8   xdc_runtime_HeapStd_A_zeroSize__C
000046cc   xdc_runtime_HeapStd_Module__diagsEnabled__C
000046d0   xdc_runtime_HeapStd_Module__diagsIncluded__C
000046d4   xdc_runtime_HeapStd_Module__diagsMask__C
000046d8   xdc_runtime_IGateProvider_Interface__BASE__C
000046dc   xdc_runtime_IHeap_Interface__BASE__C
000046e0   xdc_runtime_IModule_Interface__BASE__C
000046e4   xdc_runtime_Log_L_error__C
000046e8   xdc_runtime_Startup_execImpl__C
000046ec   xdc_runtime_Startup_maxPasses__C
000046f0   xdc_runtime_Startup_sfxnRts__C
000046f4   xdc_runtime_Startup_sfxnTab__C
000046f8   xdc_runtime_SysCallback_abortFxn__C
000046fc   xdc_runtime_SysCallback_exitFxn__C
00004700   xdc_runtime_SysCallback_putchFxn__C
00004704   xdc_runtime_SysCallback_readyFxn__C
00004708   xdc_runtime_System_Module__gateObj__C
0000470c   xdc_runtime_System_abortFxn__C
00004710   xdc_runtime_System_exitFxn__C
00004714   xdc_runtime_System_extendFxn__C
00004718   xdc_runtime_System_maxAtexitHandlers__C
0000471c   xdc_runtime_Text_charTab__C
00004720   xdc_runtime_Text_nameEmpty__C
00004724   xdc_runtime_Text_nameStatic__C
00004728   xdc_runtime_Text_nameUnknown__C
0000472c   xdc_runtime_Text_visitRopeFxn__C
00004730   ti_sysbios_knl_Task_initStackFlag__C
00004732   xdc_runtime_Core_Module__id__C
00004734   xdc_runtime_Error_Module__loggerDefined__C
00004736   xdc_runtime_Error_maxDepth__C
00004738   xdc_runtime_HeapStd_Module__id__C
0000473a   xdc_runtime_Text_charCnt__C
0000473c   xdc_runtime_Text_isLoaded__C
0000473e   xdc_runtime_Text_registryModsLastId__C
00004740   xdc_runtime_Text_unnamedModsLastId__C
00004904   __TI_Handler_Table_Base
00004910   __TI_Handler_Table_Limit
00004920   __TI_CINIT_Base
00004938   __TI_CINIT_Limit
20000000   ti_sysbios_family_arm_m3_Hwi_ramVectors
20000360   ti_sysbios_knl_Task_Instance_State_0_stack__A
20000560   ti_sysbios_knl_Task_Instance_State_1_stack__A
20000760   ti_sysbios_family_arm_m3_Hwi_dispatchTable
20000ac0   uartTivaObjects
20000b48   loadcellParams
20000b6c   callbackHwi
20000b88   encoderParams
20000b8c   ti_sysbios_family_arm_lm4_Timer_Module_State_0_handles__A
20000ba4   ti_sysbios_family_arm_lm4_Timer_Module__state__V
20000bb0   ti_sysbios_family_arm_m3_Hwi_Object__table__V
20000bc8   ti_sysbios_family_arm_m3_Hwi_Module_State_0_excActive__A
20000bcc   ti_sysbios_family_arm_m3_Hwi_Module_State_0_excContext__A
20000bd0   ti_sysbios_family_arm_m3_Hwi_Module_State_0_excStack__A
20000bd4   ti_sysbios_gates_GateHwi_Object__table__V
20000bd8   ti_sysbios_gates_GateMutex_Object__table__V
20000bf4   ti_sysbios_knl_Task_Module_State_0_readyQ__A
20000c14   ti_sysbios_knl_Task_Module_State_0_idleTask__A
20000c18   xdc_runtime_Error_Module__state__V
20000c1c   xdc_runtime_HeapStd_Object__table__V
20000c28   xdc_runtime_HeapStd_Module__state__V
20000c2c   xdc_runtime_Memory_Module__state__V
20000c30   xdc_runtime_Registry_Module__state__V
20000c38   xdc_runtime_Startup_Module__state__V
20000c40   xdc_runtime_System_Module__state__V
20000c48   xdc_runtime_Text_Module__state__V
20000c50   __xdc__init__addr
20000c54   ti_sysbios_knl_Task_Object__table__V
20000cec   ti_sysbios_knl_Task_Module__state__V
20000d30   ti_sysbios_family_arm_lm4_Timer_Object__table__V
20000d70   ti_sysbios_family_arm_m3_Hwi_Module__state__V
20000da4   ti_sysbios_family_arm_lm4_Timer_Module_State_0_device__A
20000dd4   ti_sysbios_knl_Clock_Module__state__V
20000e00   ti_sysbios_BIOS_Module__state__V
20000e2c   _lock
20000e30   _unlock
20000e34   __TI_cleanup_ptr
20000e38   __TI_dtors_ptr
20000e40   main_func_sp
20000e44   __stack
20000f44   __STACK_TOP
20001044   __STACK_END
e000e000   ti_sysbios_family_arm_m3_Hwi_nvic
ffffffff   __binit__
ffffffff   __c_args__
ffffffff   binit
UNDEFED    SHT$$INIT_ARRAY$$Base
UNDEFED    SHT$$INIT_ARRAY$$Limit

[463 symbols]
