******************************************************************************
                  TI ARM Linker PC v5.1.6                      
******************************************************************************
>> Linked Fri Feb 13 11:31:36 2015

OUTPUT FILE NAME:   <Plurry.out>
ENTRY POINT SYMBOL: "_c_int00"  address: 00002aa5


MEMORY CONFIGURATION

         name            origin    length      used     unused   attr    fill
----------------------  --------  ---------  --------  --------  ----  --------
  FLASH                 00000000   00040000  000048b4  0003b74c  R  X
  SRAM                  20000000   00008000  00001040  00006fc0  RW X


SEGMENT ALLOCATION MAP

run origin  load origin   length   init length attrs members
----------  ----------- ---------- ----------- ----- -------
00000000    00000000    000048b8   000048b8    r-x
  00000000    00000000    0000003c   0000003c    r-- .resetVecs
  0000003c    0000003c    0000415a   0000415a    r-x .text
  00004198    00004198    0000052e   0000052e    r-- .const
  000046c8    000046c8    000001f0   000001f0    r-- .cinit
20000000    20000000    00001040   00000000    rw-
  20000000    20000000    00000360   00000000    rw- .vecs
  20000360    20000360    00000828   00000000    rw- .bss
  20000b88    20000b88    000002b8   00000000    rw- .data
  20000e40    20000e40    00000200   00000000    rw- .stack


SECTION ALLOCATION MAP

 output                                  attributes/
section   page    origin      length       input sections
--------  ----  ----------  ----------   ----------------
.bootVecs 
*          0    00000000    00000008     DSECT
                  00000000    00000008     boot.aem4f : boot.oem4f (.bootVecs)

.resetVecs 
*          0    00000000    0000003c     
                  00000000    0000003c     empty_min_pem4f.oem4f (.resetVecs)

xdc.meta   0    00000000    000000ec     COPY SECTION
                  00000000    000000ec     empty_min_pem4f.oem4f (xdc.meta)

xdc.noload 
*          0    00000000    00001402     COPY SECTION
                  00000000    00001402     empty_min_pem4f.oem4f (xdc.noload)

.text      0    0000003c    0000415a     
                  0000003c    0000042c     sysbios.aem4f : BIOS.obj (.text:ti_sysbios_family_arm_m3_Hwi_excDumpRegs__I)
                  00000468    0000033c     ti.targets.arm.rtsarm.aem4f : System.oem4f (.text:xdc_runtime_System_doPrint__I)
                  000007a4    000001e8     sysbios.aem4f : BIOS.obj (.text:ti_sysbios_family_arm_m3_Hwi_excHandlerMax__I)
                  0000098c    00000174                   : BIOS.obj (.text:ti_sysbios_knl_Semaphore_pend__E)
                  00000b00    00000168                   : BIOS.obj (.text:ti_sysbios_family_arm_m3_Hwi_excBusFault__I)
                  00000c68    00000154                   : BIOS.obj (.text:ti_sysbios_family_arm_m3_Hwi_excUsageFault__I)
                  00000dbc    00000144     ti.targets.arm.rtsarm.aem4f : HeapStd.oem4f (.text:xdc_runtime_HeapStd_alloc__E)
                  00000f00    00000140     drivers_tivaware.aem4f : UARTTiva.oem4f (.text:UARTTiva_open)
                  00001040    00000140     sysbios.aem4f : BIOS.obj (.text:ti_sysbios_family_arm_m3_Hwi_excMemFault__I)
                  00001180    00000130     driverlib.lib : gpio.obj (.text:GPIOPadConfigSet)
                  000012b0    00000120     ti.targets.arm.rtsarm.aem4f : Error.oem4f (.text:xdc_runtime_Error_policyDefault__E)
                  000013d0    00000104     empty_min_pem4f.oem4f (.text:xdc_runtime_System_printfExtend__I)
                  000014d4    00000100     Boot.aem4f : Boot_sysctl.oem4f (.text:ti_catalog_arm_cortexm4_tiva_ce_Boot_sysCtlClockSetI__I)
                  000015d4    00000100     sysbios.aem4f : BIOS.obj (.text:ti_sysbios_family_arm_lm4_Timer_start__E)
                  000016d4    000000fc     ti.targets.arm.rtsarm.aem4f : Startup.oem4f (.text:xdc_runtime_Startup_startMods__I)
                  000017d0    000000f4     sysbios.aem4f : m3_Hwi_asm.obj (.text:ti_sysbios_family_arm_m3_Hwi_dispatch__I)
                  000018c4    000000e4                   : BIOS.obj (.text:ti_sysbios_knl_Task_sleep__E)
                  000019a8    000000cc     ti.targets.arm.rtsarm.aem4f : Core-smem.oem4f (.text:xdc_runtime_Core_constructObject__I)
                  00001a74    000000b4     EK_TM4C123GXL.obj (.text:EK_TM4C123GXL_initGPIO)
                  00001b28    000000b4     sysbios.aem4f : BIOS.obj (.text:ti_sysbios_family_arm_m3_Hwi_excHardFault__I)
                  00001bdc    000000b0                   : BIOS.obj (.text:ti_sysbios_family_arm_m3_Hwi_excDebugMon__I)
                  00001c8c    000000ac                   : BIOS.obj (.text:ti_sysbios_family_arm_lm4_Timer_enableTiva__I)
                  00001d38    000000a4     ti.targets.arm.rtsarm.aem4f : HeapStd.oem4f (.text:xdc_runtime_HeapStd_free__E)
                  00001ddc    000000a0     auto_init.aem4f : auto_init.oem4f (.text)
                  00001e7c    000000a0     sysbios.aem4f : BIOS.obj (.text:ti_sysbios_family_arm_m3_Hwi_Instance_init__E)
                  00001f1c    0000009c     main.obj (.text:loadCellCommunicationFxn)
                  00001fb8    0000009c     rtsv7M4_T_le_v4SPD16_eabi.lib : memcpy_t2.obj (.text)
                  00002054    0000009a     ti.targets.arm.rtsarm.aem4f : Text.oem4f (.text:xdc_runtime_Text_putSite__E)
                  000020ee    00000002     main.obj (.text:EncoderCallbackFunction)
                  000020f0    00000094     Boot.aem4f : Boot.oem4f (.text:ti_catalog_arm_cortexm4_tiva_ce_Boot_sysCtlClockSet__E)
                  00002184    00000094     sysbios.aem4f : BIOS.obj (.text:ti_sysbios_knl_Task_postInit__I)
                  00002218    00000094     ti.targets.arm.rtsarm.aem4f : Text.oem4f (.text:xdc_runtime_Text_putMod__E)
                  000022ac    0000008c     sysbios.aem4f : BIOS.obj (.text:ti_sysbios_family_arm_m3_Hwi_initNVIC__E)
                  00002338    0000008c                   : m3_TaskSupport_asm.obj (.text:ti_sysbios_family_arm_m3_TaskSupport_buildTaskStack)
                  000023c4    0000007a     drivers_tivaware.aem4f : UARTTiva.oem4f (.text:writeData)
                  0000243e    00000078     rtsv7M4_T_le_v4SPD16_eabi.lib : memset_t2.obj (.text)
                  000024b6    00000002     main.obj (.text:Plurry_init)
                  000024b8    00000070     sysbios.aem4f : BIOS.obj (.text:ti_sysbios_family_arm_m3_Hwi_postInit__I)
                  00002528    00000070                   : BIOS.obj (.text:ti_sysbios_knl_Clock_workFunc__E)
                  00002598    0000006c     drivers_tivaware.aem4f : UARTTiva.oem4f (.text:UARTTiva_read)
                  00002604    0000006c                            : UARTTiva.oem4f (.text:UARTTiva_write)
                  00002670    0000006c     sysbios.aem4f : BIOS.obj (.text:ti_sysbios_knl_Task_exit__E)
                  000026dc    00000066     drivers_tivaware.aem4f : UARTTiva.oem4f (.text:UARTTiva_readPolling)
                  00002742    00000002     empty_min_pem4f.oem4f (.text:free)
                  00002744    00000064     sysbios.aem4f : BIOS.obj (.text:ti_sysbios_knl_Semaphore_post__E)
                  000027a8    00000062     drivers_tivaware.aem4f : UARTTiva.oem4f (.text:UARTTiva_hwiIntFxn)
                  0000280a    00000062                            : UARTTiva.oem4f (.text:readData)
                  0000286c    00000060     sysbios.aem4f : BIOS.obj (.text:ti_sysbios_knl_Task_Module_startup__E)
                  000028cc    00000060                   : BIOS.obj (.text:ti_sysbios_knl_Task_startCore__E)
                  0000292c    00000060     ti.targets.arm.rtsarm.aem4f : System.oem4f (.text:xdc_runtime_System_formatNum__I)
                  0000298c    0000005e     rtsv7M4_T_le_v4SPD16_eabi.lib : copy_decompress_rle.obj (.text)
                  000029ea    00000002     empty_min_pem4f.oem4f (.text:ti_sysbios_BIOS_nullFunc__I)
                  000029ec    0000005c     sysbios.aem4f : BIOS.obj (.text:ti_sysbios_family_arm_lm4_Timer_Module_startup__E)
                  00002a48    0000005b     ti.targets.arm.rtsarm.aem4f : Text.oem4f (.text:xdc_runtime_Text_putLab__E)
                  00002aa3    00000001     --HOLE-- [fill = 0]
                  00002aa4    00000058     boot.aem4f : boot.oem4f (.text)
                  00002afc    00000058     sysbios.aem4f : BIOS.obj (.text:ti_sysbios_family_arm_lm4_Timer_initDevice__I)
                  00002b54    00000058                   : m3_Hwi_asm_switch.obj (.text:ti_sysbios_family_arm_m3_Hwi_initStacks__E)
                  00002bac    00000056     driverlib.lib : gpio.obj (.text:GPIOIntTypeSet)
                  00002c02    00000002     sysbios.aem4f : BIOS.obj (.text:ti_sysbios_family_arm_m3_Hwi_doSwiRestore__I)
                  00002c04    00000054                   : BIOS.obj (.text:ti_sysbios_family_arm_m3_Hwi_dispatchC__I)
                  00002c58    00000050     ti.targets.arm.rtsarm.aem4f : Startup.oem4f (.text:xdc_runtime_Startup_exec__E)
                  00002ca8    0000004c     sysbios.aem4f : BIOS.obj (.text:ti_sysbios_family_arm_m3_Hwi_Module_startup__E)
                  00002cf4    00000048     driverlib.lib : gpio.obj (.text:GPIOPinConfigure)
                  00002d3c    00000048     drivers_tivaware.aem4f : GPIOTiva.oem4f (.text:GPIO_enableInt)
                  00002d84    00000048                            : GPIOTiva.oem4f (.text:GPIO_setupCallbacks)
                  00002dcc    00000048     sysbios.aem4f : BIOS.obj (.text:ti_sysbios_family_arm_lm4_Timer_enableTimers__I)
                  00002e14    00000048                   : BIOS.obj (.text:ti_sysbios_family_arm_m3_Hwi_excReserved__I)
                  00002e5c    00000048                   : BIOS.obj (.text:ti_sysbios_knl_Task_schedule__I)
                  00002ea4    00000048     ti.targets.arm.rtsarm.aem4f : Assert.oem4f (.text:xdc_runtime_Assert_raise__I)
                  00002eec    00000046                                 : Core-params.oem4f (.text:xdc_runtime_Core_assignParams__I)
                  00002f32    00000002     sysbios.aem4f : BIOS.obj (.text:ti_sysbios_knl_Clock_logTick__E)
                  00002f34    00000044     rtsv7M4_T_le_v4SPD16_eabi.lib : cpy_tbl.obj (.text)
                  00002f78    00000044                                   : exit.obj (.text)
                  00002fbc    00000044     sysbios.aem4f : BIOS.obj (.text:ti_sysbios_family_arm_lm4_Timer_isrStub__E)
                  00003000    00000044                   : BIOS.obj (.text:ti_sysbios_family_arm_m3_Hwi_disableInterrupt__E)
                  00003044    00000044                   : BIOS.obj (.text:ti_sysbios_family_arm_m3_Hwi_enableInterrupt__E)
                  00003088    00000044                   : BIOS.obj (.text:ti_sysbios_knl_Task_allBlockedFunction__I)
                  000030cc    00000044     ti.targets.arm.rtsarm.aem4f : Error.oem4f (.text:xdc_runtime_Error_setX__E)
                  00003110    00000042     driverlib.lib : uart.obj (.text:UARTConfigSetExpClk)
                  00003152    00000042     rtsv7M4_T_le_v4SPD16_eabi.lib : u_divt2.obj (.text)
                  00003194    00000040     EK_TM4C123GXL.obj (.text:EK_TM4C123GXL_initGeneral)
                  000031d4    00000040     drivers_tivaware.aem4f : UARTTiva.oem4f (.text:UARTTiva_writePolling)
                  00003214    00000040     sysbios.aem4f : BIOS.obj (.text:ti_sysbios_family_arm_lm4_Timer_startup__E)
                  00003254    0000003c     drivers_tivaware.aem4f : GPIOTiva.oem4f (.text:GPIO_toggle)
                  00003290    0000003c     empty_min_pem4f.oem4f (.text:ti_sysbios_family_arm_m3_Hwi_construct)
                  000032cc    0000003c     sysbios.aem4f : BIOS.obj (.text:ti_sysbios_family_arm_m3_Hwi_excSvCall__I)
                  00003308    0000003c                   : BIOS.obj (.text:ti_sysbios_family_arm_m3_Hwi_getStackInfo__E)
                  00003344    0000003c     ti.targets.arm.rtsarm.aem4f : Text.oem4f (.text:xdc_runtime_Text_xprintf__I)
                  00003380    00000038     drivers_tivaware.aem4f : UART.oem4f (.text:UART_init)
                  000033b8    00000038     sysbios.aem4f : BIOS.obj (.text:ti_sysbios_family_arm_m3_Hwi_excNoIsr__I)
                  000033f0    00000038                   : BIOS.obj (.text:ti_sysbios_family_arm_m3_TaskSupport_start__E)
                  00003428    00000038                   : BIOS.obj (.text:ti_sysbios_knl_Task_processVitalTaskFlag__I)
                  00003460    00000038     ti.targets.arm.rtsarm.aem4f : System.oem4f (.text:xdc_runtime_System_atexit__E)
                  00003498    00000034     driverlib.lib : sysctl.obj (.text:SysCtlPeripheralEnable)
                  000034cc    00000034     drivers_tivaware.aem4f : UARTTiva.oem4f (.text:UARTTiva_close)
                  00003500    00000034     main.obj (.text:main)
                  00003534    00000034     sysbios.aem4f : BIOS.obj (.text:ti_sysbios_family_arm_m3_Hwi_excNmi__I)
                  00003568    00000034     ti.targets.arm.rtsarm.aem4f : Core-label.oem4f (.text:xdc_runtime_Core_assignLabel__I)
                  0000359c    00000033                                 : Text.oem4f (.text:xdc_runtime_Text_printVisFxn__I)
                  000035cf    00000001     --HOLE-- [fill = 0]
                  000035d0    00000032     drivers_tivaware.aem4f : UARTTiva.oem4f (.text:UARTTiva_readCancel)
                  00003602    00000032                            : UARTTiva.oem4f (.text:UARTTiva_writeCancel)
                  00003634    00000030     sysbios.aem4f : BIOS.obj (.text:ti_sysbios_family_arm_lm4_Timer_stop__E)
                  00003664    00000030                   : BIOS.obj (.text:ti_sysbios_gates_GateMutex_enter__E)
                  00003694    00000030     empty_min_pem4f.oem4f (.text:ti_sysbios_knl_Semaphore_construct)
                  000036c4    00000030     sysbios.aem4f : BIOS.obj (.text:ti_sysbios_knl_Semaphore_pendTimeout__I)
                  000036f4    00000030                   : BIOS.obj (.text:ti_sysbios_knl_Task_unblockI__E)
                  00003724    00000030     ti.targets.arm.rtsarm.aem4f : System.oem4f (.text:xdc_runtime_System_processAtExit__E)
                  00003754    0000002c     EK_TM4C123GXL.obj (.text:EK_TM4C123GXL_initUART)
                  00003780    0000002c     empty_min_pem4f.oem4f (.text:ti_sysbios_BIOS_atExitFunc__I)
                  000037ac    0000002c     sysbios.aem4f : BIOS.obj (.text:ti_sysbios_hal_Hwi_initStack)
                  000037d8    0000002c     empty_min_pem4f.oem4f (.text:ti_sysbios_knl_Clock_doTick__I)
                  00003804    0000002c     empty_min_pem4f.oem4f (.text:ti_sysbios_knl_Queue_construct)
                  00003830    0000002c     ti.targets.arm.rtsarm.aem4f : Text.oem4f (.text:xdc_runtime_Text_cordText__E)
                  0000385c    0000002a     driverlib.lib : gpio.obj (.text:GPIODirModeSet)
                  00003886    0000002a     drivers_tivaware.aem4f : GPIOTiva.oem4f (.text:GPIO_hwiIntFxn)
                  000038b0    0000002a     ti.targets.arm.rtsarm.aem4f : System.oem4f (.text:xdc_runtime_System_putchar__I)
                  000038da    00000002     empty_min_pem4f.oem4f (.text:xdc_runtime_Startup_reset__I)
                  000038dc    00000028     drivers_tivaware.aem4f : GPIOTiva.oem4f (.text:GPIO_read)
                  00003904    00000028                            : GPIOTiva.oem4f (.text:GPIO_write)
                  0000392c    00000028     sysbios.aem4f : BIOS.obj (.text:ti_sysbios_family_arm_m3_Hwi_Instance_finalize__E)
                  00003954    00000028                   : BIOS.obj (.text:ti_sysbios_knl_Task_restore__E)
                  0000397c    00000026                   : m3_Hwi_asm.obj (.text:ti_sysbios_family_arm_m3_Hwi_pendSV__I)
                  000039a2    00000002     ti.targets.arm.rtsarm.aem4f : SysCallback.oem4f (.text:xdc_runtime_SysCallback_defaultAbort)
                  000039a4    00000024     drivers_tivaware.aem4f : GPIOTiva.oem4f (.text:GPIO_init)
                  000039c8    00000024     empty_min_pem4f.oem4f (.text:ti_sysbios_BIOS_registerRTSLock__I)
                  000039ec    00000024     empty_min_pem4f.oem4f (.text:ti_sysbios_BIOS_removeRTSLock__I)
                  00003a10    00000024     sysbios.aem4f : BIOS.obj (.text:ti_sysbios_knl_Clock_Module_startup__E)
                  00003a34    00000024                   : BIOS.obj (.text:ti_sysbios_knl_Semaphore_Instance_init__E)
                  00003a58    00000024     ti.targets.arm.rtsarm.aem4f : System.oem4f (.text:xdc_runtime_System_vprintf__E)
                  00003a7c    00000022     sysbios.aem4f : BIOS.obj (.text:ti_sysbios_family_arm_lm4_Timer_write__I)
                  00003a9e    00000002     ti.targets.arm.rtsarm.aem4f : SysCallback.oem4f (.text:xdc_runtime_SysCallback_defaultExit)
                  00003aa0    00000020     empty_min_pem4f.oem4f (.text:ti_sysbios_BIOS_startFunc__I)
                  00003ac0    00000020     sysbios.aem4f : m3_Hwi_asm.obj (.text:ti_sysbios_family_arm_m3_Hwi_excHandlerAsm__I)
                  00003ae0    00000020                   : BIOS.obj (.text:ti_sysbios_family_arm_m3_Hwi_excHandler__I)
                  00003b00    00000020                   : BIOS.obj (.text:ti_sysbios_knl_Idle_run__E)
                  00003b20    00000020     empty_min_pem4f.oem4f (.text:ti_sysbios_knl_Semaphore_Object__destruct__S)
                  00003b40    00000020     sysbios.aem4f : BIOS.obj (.text:ti_sysbios_knl_Task_enter__I)
                  00003b60    00000020     ti.targets.arm.rtsarm.aem4f : Registry.oem4f (.text:xdc_runtime_Registry_findById__E)
                  00003b80    0000001c     driverlib.lib : uart.obj (.text:UARTDisable)
                  00003b9c    0000001c     empty_min_pem4f.oem4f (.text:ti_sysbios_BIOS_errorRaiseHook__I)
                  00003bb8    0000001c     empty_min_pem4f.oem4f (.text:ti_sysbios_BIOS_rtsLock__I)
                  00003bd4    0000001c     empty_min_pem4f.oem4f (.text:ti_sysbios_family_arm_m3_Hwi_Object__destruct__S)
                  00003bf0    0000001c     empty_min_pem4f.oem4f (.text:ti_sysbios_knl_Queue_Object__destruct__S)
                  00003c0c    0000001c     sysbios.aem4f : BIOS.obj (.text:ti_sysbios_knl_Queue_put__E)
                  00003c28    0000001c                   : BIOS.obj (.text:ti_sysbios_knl_Task_restoreHwi__E)
                  00003c44    0000001c     ti.targets.arm.rtsarm.aem4f : Error.oem4f (.text:xdc_runtime_Error_raiseX__E)
                  00003c60    0000001c                                 : System.oem4f (.text:xdc_runtime_System_abort__E)
                  00003c7c    0000001a     empty_min_pem4f.oem4f (.text:ti_sysbios_family_arm_m3_Hwi_Handle__label__S)
                  00003c96    0000001a     empty_min_pem4f.oem4f (.text:ti_sysbios_knl_Task_Handle__label__S)
                  00003cb0    0000001a     empty_min_pem4f.oem4f (.text:xdc_runtime_System_printf__E)
                  00003cca    00000018     driverlib.lib : gpio.obj (.text:GPIOPinTypeGPIOOutput)
                  00003ce2    00000002     ti.targets.arm.rtsarm.aem4f : SysCallback.oem4f (.text:xdc_runtime_SysCallback_defaultPutch)
                  00003ce4    00000018     rtsv7M4_T_le_v4SPD16_eabi.lib : args_main.obj (.text)
                  00003cfc    00000018     empty_min_pem4f.oem4f (.text:ti_sysbios_BIOS_rtsUnlock__I)
                  00003d14    00000018     empty_min_pem4f.oem4f (.text:ti_sysbios_family_arm_lm4_Timer_Module__startupDone__F)
                  00003d2c    00000018     empty_min_pem4f.oem4f (.text:ti_sysbios_family_arm_m3_Hwi_Module__startupDone__F)
                  00003d44    00000018     sysbios.aem4f : m3_TaskSupport_asm.obj (.text:ti_sysbios_family_arm_m3_TaskSupport_swap__E)
                  00003d5c    00000018                   : BIOS.obj (.text:ti_sysbios_gates_GateMutex_leave__E)
                  00003d74    00000018                   : BIOS.obj (.text:ti_sysbios_knl_Task_sleepTimeout__I)
                  00003d8c    00000018     ti.targets.arm.rtsarm.aem4f : Core-smem.oem4f (.text:xdc_runtime_Core_destructObject__I)
                  00003da4    00000018                                 : Error.oem4f (.text:xdc_runtime_Error_check__E)
                  00003dbc    00000018                                 : System.oem4f (.text:xdc_runtime_System_exit__E)
                  00003dd4    00000018                                 : Text.oem4f (.text:xdc_runtime_Text_ropeText__E)
                  00003dec    00000016     main.obj (.text:heartBeatFxn)
                  00003e02    00000016     empty_min_pem4f.oem4f (.text:ti_sysbios_BIOS_exitFunc__I)
                  00003e18    00000014     driverlib.lib : uart.obj (.text:UARTEnable)
                  00003e2c    00000014     rtsv7M4_T_le_v4SPD16_eabi.lib : _lock.obj (.text)
                  00003e40    00000014                                   : strlen.obj (.text)
                  00003e54    00000014     empty_min_pem4f.oem4f (.text:ti_sysbios_family_arm_m3_Hwi_Object__get__S)
                  00003e68    00000014     sysbios.aem4f : BIOS.obj (.text:ti_sysbios_family_arm_m3_Hwi_switchFromBootStack__E)
                  00003e7c    00000012     driverlib.lib : gpio.obj (.text:GPIOPinTypeGPIOInput)
                  00003e8e    00000012                   : gpio.obj (.text:GPIOPinTypeUART)
                  00003ea0    00000012     rtsv7M4_T_le_v4SPD16_eabi.lib : copy_zero_init.obj (.text:decompress:ZI)
                  00003eb2    00000012     sysbios.aem4f : BIOS.obj (.text:ti_sysbios_hal_Hwi_Module_startup__E)
                  00003ec4    00000012                   : BIOS.obj (.text:ti_sysbios_hal_Timer_Module_startup__E)
                  00003ed6    00000012     empty_min_pem4f.oem4f (.text:xdc_runtime_Startup_exec__I)
                  00003ee8    00000010     sysbios.aem4f : BIOS.obj (.text:ti_sysbios_BIOS_getCpuFreq__E)
                  00003ef8    00000010                   : BIOS.obj (.text:ti_sysbios_BIOS_setThreadType__E)
                  00003f08    00000010                   : BIOS.obj (.text:ti_sysbios_BIOS_start__E)
                  00003f18    00000010                   : m3_TaskSupport_asm.obj (.text:ti_sysbios_family_arm_m3_TaskSupport_glue)
                  00003f28    00000010                   : BIOS.obj (.text:ti_sysbios_knl_Semaphore_Instance_finalize__E)
                  00003f38    00000010     empty_min_pem4f.oem4f (.text:ti_sysbios_knl_Task_Object__get__S)
                  00003f48    00000010     sysbios.aem4f : BIOS.obj (.text:ti_sysbios_knl_Task_disable__E)
                  00003f58    00000010     ti.targets.arm.rtsarm.aem4f : Gate.oem4f (.text:xdc_runtime_Gate_leaveSystem__E)
                  00003f68    00000010                                 : SysCallback.oem4f (.text:xdc_runtime_SysCallback_abort__E)
                  00003f78    00000010                                 : SysCallback.oem4f (.text:xdc_runtime_SysCallback_exit__E)
                  00003f88    00000010                                 : SysCallback.oem4f (.text:xdc_runtime_SysCallback_putch__E)
                  00003f98    00000010                                 : SysCallback.oem4f (.text:xdc_runtime_SysCallback_ready__E)
                  00003fa8    00000010                                 : System.oem4f (.text:xdc_runtime_System_vsnprintf__E)
                  00003fb8    0000000e     driverlib.lib : gpio.obj (.text:GPIOIntStatus)
                  00003fc6    0000000e                   : uart.obj (.text:UARTCharGetNonBlocking)
                  00003fd4    0000000e                   : uart.obj (.text:UARTCharPutNonBlocking)
                  00003fe2    0000000e     rtsv7M4_T_le_v4SPD16_eabi.lib : copy_decompress_none.obj (.text:decompress:none)
                  00003ff0    0000000e     sysbios.aem4f : BIOS.obj (.text:ti_sysbios_knl_Queue_empty__E)
                  00003ffe    0000000e     ti.targets.arm.rtsarm.aem4f : HeapStd.oem4f (.text:xdc_runtime_HeapStd_getStats__E)
                  0000400c    0000000c     empty_min_pem4f.oem4f (.text:.bootCodeSection:ti_catalog_arm_cortexm4_tiva_ce_Boot_init__I)
                  00004018    0000000c     driverlib.lib : gpio.obj (.text:GPIOIntEnable)
                  00004024    0000000c     sysbios.aem4f : BIOS.obj (.text:ti_sysbios_family_arm_lm4_Timer_getMaxTicks__E)
                  00004030    0000000c     empty_min_pem4f.oem4f (.text:ti_sysbios_family_arm_m3_Hwi_Params__init__S)
                  0000403c    0000000c     sysbios.aem4f : BIOS.obj (.text:ti_sysbios_family_arm_m3_Hwi_disableFxn__E)
                  00004048    0000000c                   : BIOS.obj (.text:ti_sysbios_gates_GateHwi_enter__E)
                  00004054    0000000c     empty_min_pem4f.oem4f (.text:ti_sysbios_knl_Queue_Object__get__S)
                  00004060    0000000c     empty_min_pem4f.oem4f (.text:ti_sysbios_knl_Semaphore_Params__init__S)
                  0000406c    0000000c     ti.targets.arm.rtsarm.aem4f : Error.oem4f (.text:xdc_runtime_Error_init__E)
                  00004078    0000000c                                 : Gate.oem4f (.text:xdc_runtime_Gate_enterSystem__E)
                  00004084    0000000c                                 : Memory.oem4f (.text:xdc_runtime_Memory_getMaxDefaultTypeAlign__E)
                  00004090    0000000a     driverlib.lib : uart.obj (.text:UARTCharGet)
                  0000409a    0000000a                   : uart.obj (.text:UARTCharPut)
                  000040a4    0000000a                   : uart.obj (.text:UARTIntDisable)
                  000040ae    0000000a                   : uart.obj (.text:UARTIntStatus)
                  000040b8    00000008                   : uart.obj (.text:UARTIntEnable)
                  000040c0    00000008     drivers_tivaware.aem4f : UARTTiva.oem4f (.text:UARTTiva_init)
                  000040c8    00000008                            : UARTTiva.oem4f (.text:readSemCallback)
                  000040d0    00000008     sysbios.aem4f : BIOS.obj (.text:ti_sysbios_family_arm_lm4_Timer_masterDisable__I)
                  000040d8    00000008                   : BIOS.obj (.text:ti_sysbios_family_arm_m3_Hwi_startup__E)
                  000040e0    00000008     drivers_tivaware.aem4f : UARTTiva.oem4f (.text:writeSemCallback)
                  000040e8    00000008     empty_min_pem4f.oem4f (.text:xdc_runtime_Text_visitRope__I)
                  000040f0    00000006     driverlib.lib : gpio.obj (.text:GPIOIntClear)
                  000040f6    00000006                   : gpio.obj (.text:GPIOPinRead)
                  000040fc    00000006                   : gpio.obj (.text:GPIOPinWrite)
                  00004102    00000006                   : uart.obj (.text:UARTFIFOLevelSet)
                  00004108    00000006     drivers_tivaware.aem4f : UARTTiva.oem4f (.text:UARTTiva_control)
                  0000410e    00000006     ti.targets.arm.rtsarm.aem4f : xdc_noinit.oem4f (.text:__xdc__init)
                  00004114    00000006     rtsv7M4_T_le_v4SPD16_eabi.lib : copy_decompress_rle.obj (.text:decompress:rle24)
                  0000411a    00000006     Boot.aem4f : Boot_sysctl.oem4f (.text:ti_catalog_arm_cortexm4_tiva_ce_Boot_sysCtlDelayI__I)
                  00004120    00000006     sysbios.aem4f : BIOS.obj (.text:ti_sysbios_family_arm_m3_Hwi_doTaskRestore__I)
                  00004126    00000006                   : BIOS.obj (.text:ti_sysbios_family_arm_m3_Hwi_restoreFxn__E)
                  0000412c    00000006                   : BIOS.obj (.text:ti_sysbios_gates_GateHwi_leave__E)
                  00004132    00000006                   : BIOS.obj (.text:ti_sysbios_knl_Queue_Instance_init__E)
                  00004138    00000006     ti.targets.arm.rtsarm.aem4f : System.oem4f (.text:xdc_runtime_System_Module_startup__E)
                  0000413e    00000004     driverlib.lib : uart.obj (.text:UARTIntClear)
                  00004142    00000004     empty_min_pem4f.oem4f (.text:malloc)
                  00004146    00000004     empty_min_pem4f.oem4f (.text:ti_sysbios_BIOS_RtsGateProxy_enter__E)
                  0000414a    00000004     empty_min_pem4f.oem4f (.text:ti_sysbios_BIOS_RtsGateProxy_leave__E)
                  0000414e    00000004     sysbios.aem4f : BIOS.obj (.text:ti_sysbios_family_arm_lm4_Timer_masterEnable__I)
                  00004152    00000004     empty_min_pem4f.oem4f (.text:ti_sysbios_family_arm_m3_Hwi_destruct)
                  00004156    00000004     empty_min_pem4f.oem4f (.text:ti_sysbios_family_arm_m3_TaskSupport_Module__startupDone__S)
                  0000415a    00000004     sysbios.aem4f : BIOS.obj (.text:ti_sysbios_gates_GateHwi_query__E)
                  0000415e    00000004                   : BIOS.obj (.text:ti_sysbios_gates_GateMutex_query__E)
                  00004162    00000004     empty_min_pem4f.oem4f (.text:ti_sysbios_hal_Hwi_HwiProxy_Module__startupDone__S)
                  00004166    00000004     empty_min_pem4f.oem4f (.text:ti_sysbios_hal_Timer_TimerProxy_Module__startupDone__S)
                  0000416a    00000004     empty_min_pem4f.oem4f (.text:ti_sysbios_knl_Clock_TimerProxy_Module__startupDone__S)
                  0000416e    00000004     empty_min_pem4f.oem4f (.text:ti_sysbios_knl_Clock_TimerProxy_getMaxTicks__E)
                  00004172    00000004     empty_min_pem4f.oem4f (.text:ti_sysbios_knl_Queue_destruct)
                  00004176    00000004     empty_min_pem4f.oem4f (.text:ti_sysbios_knl_Semaphore_destruct)
                  0000417a    00000004     empty_min_pem4f.oem4f (.text:ti_sysbios_knl_Task_SupportProxy_Module__startupDone__S)
                  0000417e    00000004     sysbios.aem4f : BIOS.obj (.text:ti_sysbios_knl_Task_startup__E)
                  00004182    00000004     ti.targets.arm.rtsarm.aem4f : HeapStd.oem4f (.text:xdc_runtime_HeapStd_isBlocking__E)
                  00004186    00000004                                 : SysCallback.oem4f (.text:xdc_runtime_SysCallback_defaultReady)
                  0000418a    00000004     empty_min_pem4f.oem4f (.text:xdc_runtime_System_Module_GateProxy_enter__E)
                  0000418e    00000004     empty_min_pem4f.oem4f (.text:xdc_runtime_System_Module_GateProxy_leave__E)
                  00004192    00000004     ti.targets.arm.rtsarm.aem4f : System.oem4f (.text:xdc_runtime_System_printf_va__F)

.const     0    00004198    0000052e     
                  00004198    00000090     driverlib.lib : gpio.obj (.const:g_pui32GPIOBaseAddrs)
                  00004228    00000078     EK_TM4C123GXL.obj (.const:gpioHWAttrs)
                  000042a0    00000048     empty_min_pem4f.oem4f (.const:.string)
                  000042e8    00000030     empty_min_pem4f.oem4f (.const:ti_sysbios_family_arm_m3_Hwi_Object__PARAMS__C)
                  00004318    0000002c     EK_TM4C123GXL.obj (.const:GPIO_config)
                  00004344    0000002c     drivers_tivaware.aem4f : UARTTiva.oem4f (.const)
                  00004370    0000002c     EK_TM4C123GXL.obj (.const:gpioPortACallbacks)
                  0000439c    00000028     drivers_tivaware.aem4f : UARTTiva.oem4f (.const:UARTTiva_fxnTable)
                  000043c4    00000028     empty_min_pem4f.oem4f (.const:xdc_runtime_HeapStd_Module__FXNS__C)
                  000043ec    00000024     drivers_tivaware.aem4f : UART.oem4f (.const:UART_defaultParams)
                  00004410    00000024     empty_min_pem4f.oem4f (.const:ti_sysbios_gates_GateHwi_Module__FXNS__C)
                  00004434    00000024     empty_min_pem4f.oem4f (.const:ti_sysbios_gates_GateMutex_Module__FXNS__C)
                  00004458    00000024     empty_min_pem4f.oem4f (.const:ti_sysbios_knl_Semaphore_Object__PARAMS__C)
                  0000447c    00000020     empty_min_pem4f.oem4f (.const:ti_sysbios_family_arm_m3_Hwi_Object__DESC__C)
                  0000449c    00000020     empty_min_pem4f.oem4f (.const:ti_sysbios_knl_Queue_Object__DESC__C)
                  000044bc    00000020     empty_min_pem4f.oem4f (.const:ti_sysbios_knl_Semaphore_Object__DESC__C)
                  000044dc    0000001c     empty_min_pem4f.oem4f (.const:xdc_runtime_Startup_sfxnTab__A)
                  000044f8    00000018     EK_TM4C123GXL.obj (.const:UART_config)
                  00004510    00000018     empty_min_pem4f.oem4f (.const:ti_sysbios_knl_Queue_Object__PARAMS__C)
                  00004528    00000014     drivers_tivaware.aem4f : GPIOTiva.oem4f (.const)
                  0000453c    00000011     ti.targets.arm.rtsarm.aem4f : System.oem4f (.const:.string)
                  0000454d    00000001     empty_min_pem4f.oem4f (.const:xdc_runtime_Error_policy__C)
                  0000454e    00000002     empty_min_pem4f.oem4f (.const:ti_catalog_arm_cortexm4_tiva_ce_Boot_Module__id__C)
                  00004550    00000010     empty_min_pem4f.oem4f (.const:xdc_runtime_Startup_firstFxns__A)
                  00004560    0000000e     empty_min_pem4f.oem4f (.const:xdc_runtime_Startup_sfxnRts__A)
                  0000456e    00000002     empty_min_pem4f.oem4f (.const:ti_sysbios_family_arm_m3_Hwi_Module__id__C)
                  00004570    00000008     empty_min_pem4f.oem4f (.const:ti_sysbios_family_arm_m3_Hwi_excHookFuncs__A)
                  00004578    00000008     empty_min_pem4f.oem4f (.const:ti_sysbios_knl_Idle_funcList__C)
                  00004580    00000008     EK_TM4C123GXL.obj (.const:uartTivaHWAttrs)
                  00004588    00000008     empty_min_pem4f.oem4f (.const:xdc_runtime_Startup_firstFxns__C)
                  00004590    00000008     empty_min_pem4f.oem4f (.const:xdc_runtime_Startup_lastFxns__C)
                  00004598    00000004     empty_min_pem4f.oem4f (.const:ti_catalog_arm_cortexm4_tiva_ce_Boot_A_mustUseEnhancedClockMode__C)
                  0000459c    00000004     empty_min_pem4f.oem4f (.const:ti_catalog_arm_cortexm4_tiva_ce_Boot_Module__diagsEnabled__C)
                  000045a0    00000004     empty_min_pem4f.oem4f (.const:ti_catalog_arm_cortexm4_tiva_ce_Boot_Module__diagsIncluded__C)
                  000045a4    00000004     empty_min_pem4f.oem4f (.const:ti_catalog_arm_cortexm4_tiva_ce_Boot_Module__diagsMask__C)
                  000045a8    00000004     empty_min_pem4f.oem4f (.const:ti_sysbios_family_arm_lm4_Timer_enableFunc__C)
                  000045ac    00000004     empty_min_pem4f.oem4f (.const:ti_sysbios_family_arm_lm4_Timer_numTimerDevices__C)
                  000045b0    00000004     empty_min_pem4f.oem4f (.const:ti_sysbios_family_arm_lm4_Timer_startupNeeded__C)
                  000045b4    00000004     empty_min_pem4f.oem4f (.const:ti_sysbios_family_arm_m3_Hwi_E_NMI__C)
                  000045b8    00000004     empty_min_pem4f.oem4f (.const:ti_sysbios_family_arm_m3_Hwi_E_alreadyDefined__C)
                  000045bc    00000004     empty_min_pem4f.oem4f (.const:ti_sysbios_family_arm_m3_Hwi_E_busFault__C)
                  000045c0    00000004     empty_min_pem4f.oem4f (.const:ti_sysbios_family_arm_m3_Hwi_E_debugMon__C)
                  000045c4    00000004     empty_min_pem4f.oem4f (.const:ti_sysbios_family_arm_m3_Hwi_E_hardFault__C)
                  000045c8    00000004     empty_min_pem4f.oem4f (.const:ti_sysbios_family_arm_m3_Hwi_E_memFault__C)
                  000045cc    00000004     empty_min_pem4f.oem4f (.const:ti_sysbios_family_arm_m3_Hwi_E_noIsr__C)
                  000045d0    00000004     empty_min_pem4f.oem4f (.const:ti_sysbios_family_arm_m3_Hwi_E_reserved__C)
                  000045d4    00000004     empty_min_pem4f.oem4f (.const:ti_sysbios_family_arm_m3_Hwi_E_svCall__C)
                  000045d8    00000004     empty_min_pem4f.oem4f (.const:ti_sysbios_family_arm_m3_Hwi_E_usageFault__C)
                  000045dc    00000004     empty_min_pem4f.oem4f (.const:ti_sysbios_family_arm_m3_Hwi_NUM_INTERRUPTS__C)
                  000045e0    00000004     empty_min_pem4f.oem4f (.const:ti_sysbios_family_arm_m3_Hwi_Object__count__C)
                  000045e4    00000004     empty_min_pem4f.oem4f (.const:ti_sysbios_family_arm_m3_Hwi_ccr__C)
                  000045e8    00000004     empty_min_pem4f.oem4f (.const:ti_sysbios_family_arm_m3_Hwi_excHandlerFunc__C)
                  000045ec    00000004     empty_min_pem4f.oem4f (.const:ti_sysbios_family_arm_m3_Hwi_excHookFuncs__C)
                  000045f0    00000004     empty_min_pem4f.oem4f (.const:ti_sysbios_family_arm_m3_Hwi_nullIsrFunc__C)
                  000045f4    00000004     empty_min_pem4f.oem4f (.const:ti_sysbios_family_arm_m3_Hwi_priGroup__C)
                  000045f8    00000004     empty_min_pem4f.oem4f (.const:ti_sysbios_gates_GateMutex_Instance_State_sem__O)
                  000045fc    00000004     empty_min_pem4f.oem4f (.const:ti_sysbios_knl_Clock_Module_State_clockQ__O)
                  00004600    00000004     empty_min_pem4f.oem4f (.const:ti_sysbios_knl_Semaphore_Instance_State_pendQ__O)
                  00004604    00000004     empty_min_pem4f.oem4f (.const:ti_sysbios_knl_Task_Module_State_inactiveQ__O)
                  00004608    00000004     empty_min_pem4f.oem4f (.const:ti_sysbios_knl_Task_Object__count__C)
                  0000460c    00000004     empty_min_pem4f.oem4f (.const:ti_sysbios_knl_Task_allBlockedFunc__C)
                  00004610    00000004     empty_min_pem4f.oem4f (.const:ti_sysbios_knl_Task_numConstructedTasks__C)
                  00004614    00000004     empty_min_pem4f.oem4f (.const:xdc_runtime_Assert_E_assertFailed__C)
                  00004618    00000004     empty_min_pem4f.oem4f (.const:xdc_runtime_Core_A_initializedParams__C)
                  0000461c    00000004     empty_min_pem4f.oem4f (.const:xdc_runtime_Core_Module__diagsEnabled__C)
                  00004620    00000004     empty_min_pem4f.oem4f (.const:xdc_runtime_Core_Module__diagsIncluded__C)
                  00004624    00000004     empty_min_pem4f.oem4f (.const:xdc_runtime_Core_Module__diagsMask__C)
                  00004628    00000004     empty_min_pem4f.oem4f (.const:xdc_runtime_Error_Module__diagsEnabled__C)
                  0000462c    00000004     empty_min_pem4f.oem4f (.const:xdc_runtime_Error_Module__diagsIncluded__C)
                  00004630    00000004     empty_min_pem4f.oem4f (.const:xdc_runtime_Error_Module__diagsMask__C)
                  00004634    00000004     empty_min_pem4f.oem4f (.const:xdc_runtime_Error_Module__loggerFxn8__C)
                  00004638    00000004     empty_min_pem4f.oem4f (.const:xdc_runtime_Error_Module__loggerObj__C)
                  0000463c    00000004     empty_min_pem4f.oem4f (.const:xdc_runtime_Error_policyFxn__C)
                  00004640    00000004     empty_min_pem4f.oem4f (.const:xdc_runtime_Error_raiseHook__C)
                  00004644    00000004     empty_min_pem4f.oem4f (.const:xdc_runtime_HeapStd_A_align__C)
                  00004648    00000004     empty_min_pem4f.oem4f (.const:xdc_runtime_HeapStd_A_invalidTotalFreeSize__C)
                  0000464c    00000004     empty_min_pem4f.oem4f (.const:xdc_runtime_HeapStd_A_zeroSize__C)
                  00004650    00000004     empty_min_pem4f.oem4f (.const:xdc_runtime_HeapStd_Module__diagsEnabled__C)
                  00004654    00000004     empty_min_pem4f.oem4f (.const:xdc_runtime_HeapStd_Module__diagsIncluded__C)
                  00004658    00000004     empty_min_pem4f.oem4f (.const:xdc_runtime_HeapStd_Module__diagsMask__C)
                  0000465c    00000004     empty_min_pem4f.oem4f (.const:xdc_runtime_IGateProvider_Interface__BASE__C)
                  00004660    00000004     empty_min_pem4f.oem4f (.const:xdc_runtime_IHeap_Interface__BASE__C)
                  00004664    00000004     empty_min_pem4f.oem4f (.const:xdc_runtime_IModule_Interface__BASE__C)
                  00004668    00000004     empty_min_pem4f.oem4f (.const:xdc_runtime_Log_L_error__C)
                  0000466c    00000004     empty_min_pem4f.oem4f (.const:xdc_runtime_Startup_execImpl__C)
                  00004670    00000004     empty_min_pem4f.oem4f (.const:xdc_runtime_Startup_maxPasses__C)
                  00004674    00000004     empty_min_pem4f.oem4f (.const:xdc_runtime_Startup_sfxnRts__C)
                  00004678    00000004     empty_min_pem4f.oem4f (.const:xdc_runtime_Startup_sfxnTab__C)
                  0000467c    00000004     empty_min_pem4f.oem4f (.const:xdc_runtime_SysCallback_abortFxn__C)
                  00004680    00000004     empty_min_pem4f.oem4f (.const:xdc_runtime_SysCallback_exitFxn__C)
                  00004684    00000004     empty_min_pem4f.oem4f (.const:xdc_runtime_SysCallback_putchFxn__C)
                  00004688    00000004     empty_min_pem4f.oem4f (.const:xdc_runtime_SysCallback_readyFxn__C)
                  0000468c    00000004     empty_min_pem4f.oem4f (.const:xdc_runtime_System_Module__gateObj__C)
                  00004690    00000004     empty_min_pem4f.oem4f (.const:xdc_runtime_System_abortFxn__C)
                  00004694    00000004     empty_min_pem4f.oem4f (.const:xdc_runtime_System_exitFxn__C)
                  00004698    00000004     empty_min_pem4f.oem4f (.const:xdc_runtime_System_extendFxn__C)
                  0000469c    00000004     empty_min_pem4f.oem4f (.const:xdc_runtime_System_maxAtexitHandlers__C)
                  000046a0    00000004     empty_min_pem4f.oem4f (.const:xdc_runtime_Text_charTab__C)
                  000046a4    00000004     empty_min_pem4f.oem4f (.const:xdc_runtime_Text_nameEmpty__C)
                  000046a8    00000004     empty_min_pem4f.oem4f (.const:xdc_runtime_Text_nameStatic__C)
                  000046ac    00000004     empty_min_pem4f.oem4f (.const:xdc_runtime_Text_nameUnknown__C)
                  000046b0    00000004     empty_min_pem4f.oem4f (.const:xdc_runtime_Text_visitRopeFxn__C)
                  000046b4    00000002     empty_min_pem4f.oem4f (.const:ti_sysbios_knl_Task_initStackFlag__C)
                  000046b6    00000002     empty_min_pem4f.oem4f (.const:xdc_runtime_Core_Module__id__C)
                  000046b8    00000002     empty_min_pem4f.oem4f (.const:xdc_runtime_Error_Module__loggerDefined__C)
                  000046ba    00000002     empty_min_pem4f.oem4f (.const:xdc_runtime_Error_maxDepth__C)
                  000046bc    00000002     empty_min_pem4f.oem4f (.const:xdc_runtime_HeapStd_Module__id__C)
                  000046be    00000002     empty_min_pem4f.oem4f (.const:xdc_runtime_Text_charCnt__C)
                  000046c0    00000002     empty_min_pem4f.oem4f (.const:xdc_runtime_Text_isLoaded__C)
                  000046c2    00000002     empty_min_pem4f.oem4f (.const:xdc_runtime_Text_registryModsLastId__C)
                  000046c4    00000002     empty_min_pem4f.oem4f (.const:xdc_runtime_Text_unnamedModsLastId__C)

.cinit     0    000046c8    000001f0     
                  000046c8    000001b9     (.cinit..data.load) [load image, compression = rle]
                  00004881    00000003     --HOLE-- [fill = 0]
                  00004884    0000000c     (__TI_handler_table)
                  00004890    00000008     (.cinit..bss.load) [load image, compression = zero_init]
                  00004898    00000008     (.cinit..vecs.load) [load image, compression = zero_init]
                  000048a0    00000018     (__TI_cinit_table)

.vecs      0    20000000    00000360     UNINITIALIZED
                  20000000    00000360     empty_min_pem4f.oem4f (.vecs)

.bss       0    20000360    00000828     UNINITIALIZED
                  20000360    00000400     empty_min_pem4f.oem4f (.bss:taskStackSection)
                  20000760    00000360     empty_min_pem4f.oem4f (.bss:ti_sysbios_family_arm_m3_Hwi_dispatchTable)
                  20000ac0    00000088     EK_TM4C123GXL.obj (.bss:uartTivaObjects)
                  20000b48    00000024     main.obj (.bss:loadcellParams)
                  20000b6c    0000001c     (.common:callbackHwi)

.data      0    20000b88    000002b8     UNINITIALIZED
                  20000b88    000000c8     empty_min_pem4f.oem4f (.data)
                  20000c50    00000098     empty_min_pem4f.oem4f (.data:ti_sysbios_knl_Task_Object__table__V)
                  20000ce8    00000044     empty_min_pem4f.oem4f (.data:ti_sysbios_knl_Task_Module__state__V)
                  20000d2c    00000040     empty_min_pem4f.oem4f (.data:ti_sysbios_family_arm_lm4_Timer_Object__table__V)
                  20000d6c    00000034     empty_min_pem4f.oem4f (.data:ti_sysbios_family_arm_m3_Hwi_Module__state__V)
                  20000da0    00000030     empty_min_pem4f.oem4f (.data:ti_sysbios_family_arm_lm4_Timer_Module_State_0_device__A)
                  20000dd0    0000002c     empty_min_pem4f.oem4f (.data:ti_sysbios_knl_Clock_Module__state__V)
                  20000dfc    00000024     empty_min_pem4f.oem4f (.data:ti_sysbios_BIOS_Module__state__V)
                  20000e20    00000008     drivers_tivaware.aem4f : GPIOTiva.oem4f (.data)
                  20000e28    00000008     rtsv7M4_T_le_v4SPD16_eabi.lib : _lock.obj (.data)
                  20000e30    00000008                                   : exit.obj (.data)
                  20000e38    00000004     drivers_tivaware.aem4f : UART.oem4f (.data)
                  20000e3c    00000004     rtsv7M4_T_le_v4SPD16_eabi.lib : stkdepth_vars.obj (.data)

.stack     0    20000e40    00000200     UNINITIALIZED
                  20000e40    00000200     --HOLE--


LINKER GENERATED COPY TABLES

__TI_cinit_table @ 000048a0 records: 3, size/record: 8, table size: 24
	.data: load addr=000046c8, load size=000001b9 bytes, run addr=20000b88, run size=000002b8 bytes, compression=rle
	.bss: load addr=00004890, load size=00000008 bytes, run addr=20000360, run size=00000828 bytes, compression=zero_init
	.vecs: load addr=00004898, load size=00000008 bytes, run addr=20000000, run size=00000360 bytes, compression=zero_init


LINKER GENERATED HANDLER TABLE

__TI_handler_table @ 00004884 records: 3, size/record: 4, table size: 12
	index: 0, handler: __TI_zero_init
	index: 1, handler: __TI_decompress_rle24
	index: 2, handler: __TI_decompress_none


GLOBAL SYMBOLS: SORTED ALPHABETICALLY BY Name 

address    name
--------   ----
00002f79   C$$EXIT
00001a75   EK_TM4C123GXL_initGPIO
00003195   EK_TM4C123GXL_initGeneral
00003755   EK_TM4C123GXL_initUART
000020ef   EncoderCallbackFunction
0000385d   GPIODirModeSet
000040f1   GPIOIntClear
00004019   GPIOIntEnable
00003fb9   GPIOIntStatus
00002bad   GPIOIntTypeSet
00001181   GPIOPadConfigSet
00002cf5   GPIOPinConfigure
000040f7   GPIOPinRead
00003e7d   GPIOPinTypeGPIOInput
00003ccb   GPIOPinTypeGPIOOutput
00003e8f   GPIOPinTypeUART
000040fd   GPIOPinWrite
00004318   GPIO_config
00002d3d   GPIO_enableInt
00003887   GPIO_hwiIntFxn
000039a5   GPIO_init
000038dd   GPIO_read
00002d85   GPIO_setupCallbacks
00003255   GPIO_toggle
00003905   GPIO_write
000024b7   Plurry_init
UNDEFED    SHT$$INIT_ARRAY$$Base
UNDEFED    SHT$$INIT_ARRAY$$Limit
00003499   SysCtlPeripheralEnable
00004091   UARTCharGet
00003fc7   UARTCharGetNonBlocking
0000409b   UARTCharPut
00003fd5   UARTCharPutNonBlocking
00003111   UARTConfigSetExpClk
00003b81   UARTDisable
00003e19   UARTEnable
00004103   UARTFIFOLevelSet
0000413f   UARTIntClear
000040a5   UARTIntDisable
000040b9   UARTIntEnable
000040af   UARTIntStatus
000034cd   UARTTiva_close
00004109   UARTTiva_control
0000439c   UARTTiva_fxnTable
000040c1   UARTTiva_init
00000f01   UARTTiva_open
00002599   UARTTiva_read
000035d1   UARTTiva_readCancel
000026dd   UARTTiva_readPolling
00002605   UARTTiva_write
00003603   UARTTiva_writeCancel
000031d5   UARTTiva_writePolling
000044f8   UART_config
000043ec   UART_defaultParams
00003381   UART_init
00000000   __ASM__
0000006a   __ISA__
0000007d   __PLAT__
20001040   __STACK_END
00000200   __STACK_SIZE
20000f40   __STACK_TOP
0000009e   __TARG__
000048a0   __TI_CINIT_Base
000048b8   __TI_CINIT_Limit
00004884   __TI_Handler_Table_Base
00004890   __TI_Handler_Table_Limit
00000001   __TI_args_main
00001ddd   __TI_auto_init
20000e30   __TI_cleanup_ptr
00003fe3   __TI_decompress_none
00004115   __TI_decompress_rle24
20000e34   __TI_dtors_ptr
00000000   __TI_static_base__
00003ea1   __TI_zero_init
000000c4   __TRDR__
0000243f   __aeabi_memclr
0000243f   __aeabi_memclr4
0000243f   __aeabi_memclr8
00001fb9   __aeabi_memcpy
00001fb9   __aeabi_memcpy4
00001fb9   __aeabi_memcpy8
00002441   __aeabi_memset
00002441   __aeabi_memset4
00002441   __aeabi_memset8
00003153   __aeabi_uidivmod
ffffffff   __binit__
ffffffff   __c_args__
20000e40   __stack
0000410f   __xdc__init
20000c4c   __xdc__init__addr
00003ce5   _args_main
00002aa5   _c_int00
20000e28   _lock
00003e3b   _nop
00003e33   _register_lock
00003e2d   _register_unlock
20000e2c   _unlock
00002f7d   abort
ffffffff   binit
20000b6c   callbackHwi
00002f35   copy_in
00002f85   exit
00002743   free
00004228   gpioHWAttrs
00004370   gpioPortACallbacks
00003ded   heartBeatFxn
00001f1d   loadCellCommunicationFxn
20000b48   loadcellParams
00003501   main
20000e3c   main_func_sp
00004143   malloc
00001fb9   memcpy
00002447   memset
00003e41   strlen
00004598   ti_catalog_arm_cortexm4_tiva_ce_Boot_A_mustUseEnhancedClockMode__C
0000459c   ti_catalog_arm_cortexm4_tiva_ce_Boot_Module__diagsEnabled__C
000045a0   ti_catalog_arm_cortexm4_tiva_ce_Boot_Module__diagsIncluded__C
000045a4   ti_catalog_arm_cortexm4_tiva_ce_Boot_Module__diagsMask__C
0000454e   ti_catalog_arm_cortexm4_tiva_ce_Boot_Module__id__C
0000400d   ti_catalog_arm_cortexm4_tiva_ce_Boot_init__I
000014d5   ti_catalog_arm_cortexm4_tiva_ce_Boot_sysCtlClockSetI__I
000020f1   ti_catalog_arm_cortexm4_tiva_ce_Boot_sysCtlClockSet__E
0000411b   ti_catalog_arm_cortexm4_tiva_ce_Boot_sysCtlDelayI__I
20000dfc   ti_sysbios_BIOS_Module__state__V
00004147   ti_sysbios_BIOS_RtsGateProxy_enter__E
0000414b   ti_sysbios_BIOS_RtsGateProxy_leave__E
0000415f   ti_sysbios_BIOS_RtsGateProxy_query__E
00003781   ti_sysbios_BIOS_atExitFunc__I
00003b9d   ti_sysbios_BIOS_errorRaiseHook__I
00003e03   ti_sysbios_BIOS_exitFunc__I
00003ee9   ti_sysbios_BIOS_getCpuFreq__E
000029eb   ti_sysbios_BIOS_nullFunc__I
000039c9   ti_sysbios_BIOS_registerRTSLock__I
000039ed   ti_sysbios_BIOS_removeRTSLock__I
00003bb9   ti_sysbios_BIOS_rtsLock__I
00003cfd   ti_sysbios_BIOS_rtsUnlock__I
00003ef9   ti_sysbios_BIOS_setThreadType__E
00003aa1   ti_sysbios_BIOS_startFunc__I
00003f09   ti_sysbios_BIOS_start__E
20000da0   ti_sysbios_family_arm_lm4_Timer_Module_State_0_device__A
20000b88   ti_sysbios_family_arm_lm4_Timer_Module_State_0_handles__A
00003d15   ti_sysbios_family_arm_lm4_Timer_Module__startupDone__F
00003d15   ti_sysbios_family_arm_lm4_Timer_Module__startupDone__S
20000ba0   ti_sysbios_family_arm_lm4_Timer_Module__state__V
000029ed   ti_sysbios_family_arm_lm4_Timer_Module_startup__E
20000d2c   ti_sysbios_family_arm_lm4_Timer_Object__table__V
000045a8   ti_sysbios_family_arm_lm4_Timer_enableFunc__C
00002dcd   ti_sysbios_family_arm_lm4_Timer_enableTimers__I
00001c8d   ti_sysbios_family_arm_lm4_Timer_enableTiva__I
00004025   ti_sysbios_family_arm_lm4_Timer_getMaxTicks__E
00002afd   ti_sysbios_family_arm_lm4_Timer_initDevice__I
00002fbd   ti_sysbios_family_arm_lm4_Timer_isrStub__E
000040d1   ti_sysbios_family_arm_lm4_Timer_masterDisable__I
0000414f   ti_sysbios_family_arm_lm4_Timer_masterEnable__I
000045ac   ti_sysbios_family_arm_lm4_Timer_numTimerDevices__C
000015d5   ti_sysbios_family_arm_lm4_Timer_start__E
000045b0   ti_sysbios_family_arm_lm4_Timer_startupNeeded__C
00003215   ti_sysbios_family_arm_lm4_Timer_startup__E
00003635   ti_sysbios_family_arm_lm4_Timer_stop__E
00003a7d   ti_sysbios_family_arm_lm4_Timer_write__I
000045b4   ti_sysbios_family_arm_m3_Hwi_E_NMI__C
000045b8   ti_sysbios_family_arm_m3_Hwi_E_alreadyDefined__C
000045bc   ti_sysbios_family_arm_m3_Hwi_E_busFault__C
000045c0   ti_sysbios_family_arm_m3_Hwi_E_debugMon__C
000045c4   ti_sysbios_family_arm_m3_Hwi_E_hardFault__C
000045c8   ti_sysbios_family_arm_m3_Hwi_E_memFault__C
000045cc   ti_sysbios_family_arm_m3_Hwi_E_noIsr__C
000045d0   ti_sysbios_family_arm_m3_Hwi_E_reserved__C
000045d4   ti_sysbios_family_arm_m3_Hwi_E_svCall__C
000045d8   ti_sysbios_family_arm_m3_Hwi_E_usageFault__C
00003c7d   ti_sysbios_family_arm_m3_Hwi_Handle__label__S
0000392d   ti_sysbios_family_arm_m3_Hwi_Instance_finalize__E
00001e7d   ti_sysbios_family_arm_m3_Hwi_Instance_init__E
20000bc4   ti_sysbios_family_arm_m3_Hwi_Module_State_0_excActive__A
20000bc8   ti_sysbios_family_arm_m3_Hwi_Module_State_0_excContext__A
20000bcc   ti_sysbios_family_arm_m3_Hwi_Module_State_0_excStack__A
0000456e   ti_sysbios_family_arm_m3_Hwi_Module__id__C
00003d2d   ti_sysbios_family_arm_m3_Hwi_Module__startupDone__F
00003d2d   ti_sysbios_family_arm_m3_Hwi_Module__startupDone__S
20000d6c   ti_sysbios_family_arm_m3_Hwi_Module__state__V
00002ca9   ti_sysbios_family_arm_m3_Hwi_Module_startup__E
000045dc   ti_sysbios_family_arm_m3_Hwi_NUM_INTERRUPTS__C
0000447c   ti_sysbios_family_arm_m3_Hwi_Object__DESC__C
000042e8   ti_sysbios_family_arm_m3_Hwi_Object__PARAMS__C
000045e0   ti_sysbios_family_arm_m3_Hwi_Object__count__C
00003bd5   ti_sysbios_family_arm_m3_Hwi_Object__destruct__S
00003e55   ti_sysbios_family_arm_m3_Hwi_Object__get__S
20000bac   ti_sysbios_family_arm_m3_Hwi_Object__table__V
00004031   ti_sysbios_family_arm_m3_Hwi_Params__init__S
000045e4   ti_sysbios_family_arm_m3_Hwi_ccr__C
00003291   ti_sysbios_family_arm_m3_Hwi_construct
00004153   ti_sysbios_family_arm_m3_Hwi_destruct
0000403d   ti_sysbios_family_arm_m3_Hwi_disableFxn__E
00003001   ti_sysbios_family_arm_m3_Hwi_disableInterrupt__E
00002c05   ti_sysbios_family_arm_m3_Hwi_dispatchC__I
20000760   ti_sysbios_family_arm_m3_Hwi_dispatchTable
000017d1   ti_sysbios_family_arm_m3_Hwi_dispatch__I
00002c03   ti_sysbios_family_arm_m3_Hwi_doSwiRestore__I
00004121   ti_sysbios_family_arm_m3_Hwi_doTaskRestore__I
00003045   ti_sysbios_family_arm_m3_Hwi_enableInterrupt__E
00000b01   ti_sysbios_family_arm_m3_Hwi_excBusFault__I
00001bdd   ti_sysbios_family_arm_m3_Hwi_excDebugMon__I
0000003d   ti_sysbios_family_arm_m3_Hwi_excDumpRegs__I
00003ac1   ti_sysbios_family_arm_m3_Hwi_excHandlerAsm__I
000045e8   ti_sysbios_family_arm_m3_Hwi_excHandlerFunc__C
000007a5   ti_sysbios_family_arm_m3_Hwi_excHandlerMax__I
00003ae1   ti_sysbios_family_arm_m3_Hwi_excHandler__I
00001b29   ti_sysbios_family_arm_m3_Hwi_excHardFault__I
00004570   ti_sysbios_family_arm_m3_Hwi_excHookFuncs__A
000045ec   ti_sysbios_family_arm_m3_Hwi_excHookFuncs__C
00001041   ti_sysbios_family_arm_m3_Hwi_excMemFault__I
00003535   ti_sysbios_family_arm_m3_Hwi_excNmi__I
000033b9   ti_sysbios_family_arm_m3_Hwi_excNoIsr__I
00002e15   ti_sysbios_family_arm_m3_Hwi_excReserved__I
000032cd   ti_sysbios_family_arm_m3_Hwi_excSvCall__I
00000c69   ti_sysbios_family_arm_m3_Hwi_excUsageFault__I
00003309   ti_sysbios_family_arm_m3_Hwi_getStackInfo__E
000022ad   ti_sysbios_family_arm_m3_Hwi_initNVIC__E
00002b55   ti_sysbios_family_arm_m3_Hwi_initStacks__E
000045f0   ti_sysbios_family_arm_m3_Hwi_nullIsrFunc__C
e000e000   ti_sysbios_family_arm_m3_Hwi_nvic
0000397d   ti_sysbios_family_arm_m3_Hwi_pendSV__I
000024b9   ti_sysbios_family_arm_m3_Hwi_postInit__I
000045f4   ti_sysbios_family_arm_m3_Hwi_priGroup__C
20000000   ti_sysbios_family_arm_m3_Hwi_ramVectors
00000000   ti_sysbios_family_arm_m3_Hwi_resetVectors
00004127   ti_sysbios_family_arm_m3_Hwi_restoreFxn__E
000039a1   ti_sysbios_family_arm_m3_Hwi_return
000040d9   ti_sysbios_family_arm_m3_Hwi_startup__E
00003e69   ti_sysbios_family_arm_m3_Hwi_switchFromBootStack__E
00004157   ti_sysbios_family_arm_m3_TaskSupport_Module__startupDone__S
00002339   ti_sysbios_family_arm_m3_TaskSupport_buildTaskStack
00003f19   ti_sysbios_family_arm_m3_TaskSupport_glue
000033f1   ti_sysbios_family_arm_m3_TaskSupport_start__E
00003d45   ti_sysbios_family_arm_m3_TaskSupport_swap__E
00004410   ti_sysbios_gates_GateHwi_Module__FXNS__C
20000bd0   ti_sysbios_gates_GateHwi_Object__table__V
00004049   ti_sysbios_gates_GateHwi_enter__E
0000412d   ti_sysbios_gates_GateHwi_leave__E
0000415b   ti_sysbios_gates_GateHwi_query__E
000045f8   ti_sysbios_gates_GateMutex_Instance_State_sem__O
00004434   ti_sysbios_gates_GateMutex_Module__FXNS__C
20000bd4   ti_sysbios_gates_GateMutex_Object__table__V
00003665   ti_sysbios_gates_GateMutex_enter__E
00003d5d   ti_sysbios_gates_GateMutex_leave__E
0000415f   ti_sysbios_gates_GateMutex_query__E
00004163   ti_sysbios_hal_Hwi_HwiProxy_Module__startupDone__S
00003001   ti_sysbios_hal_Hwi_HwiProxy_disableInterrupt__E
0000403d   ti_sysbios_hal_Hwi_HwiProxy_disable__E
00003045   ti_sysbios_hal_Hwi_HwiProxy_enableInterrupt__E
00003309   ti_sysbios_hal_Hwi_HwiProxy_getStackInfo__E
00004127   ti_sysbios_hal_Hwi_HwiProxy_restore__E
000040d9   ti_sysbios_hal_Hwi_HwiProxy_startup__E
00003e69   ti_sysbios_hal_Hwi_HwiProxy_switchFromBootStack__E
00003eb3   ti_sysbios_hal_Hwi_Module_startup__E
00003001   ti_sysbios_hal_Hwi_disableInterrupt__E
0000403d   ti_sysbios_hal_Hwi_disable__E
00003045   ti_sysbios_hal_Hwi_enableInterrupt__E
00003309   ti_sysbios_hal_Hwi_getStackInfo__E
000037ad   ti_sysbios_hal_Hwi_initStack
00004127   ti_sysbios_hal_Hwi_restore__E
000040d9   ti_sysbios_hal_Hwi_startup__E
00003ec5   ti_sysbios_hal_Timer_Module_startup__E
00004167   ti_sysbios_hal_Timer_TimerProxy_Module__startupDone__S
00003215   ti_sysbios_hal_Timer_TimerProxy_startup__E
00003215   ti_sysbios_hal_Timer_startup__E
000045fc   ti_sysbios_knl_Clock_Module_State_clockQ__O
20000dd0   ti_sysbios_knl_Clock_Module__state__V
00003a11   ti_sysbios_knl_Clock_Module_startup__E
0000416b   ti_sysbios_knl_Clock_TimerProxy_Module__startupDone__S
0000416f   ti_sysbios_knl_Clock_TimerProxy_getMaxTicks__E
00003215   ti_sysbios_knl_Clock_TimerProxy_startup__E
000037d9   ti_sysbios_knl_Clock_doTick__I
00002f33   ti_sysbios_knl_Clock_logTick__E
00002529   ti_sysbios_knl_Clock_workFunc__E
00004578   ti_sysbios_knl_Idle_funcList__C
00003b01   ti_sysbios_knl_Idle_run__E
00004133   ti_sysbios_knl_Queue_Instance_init__E
0000449c   ti_sysbios_knl_Queue_Object__DESC__C
00004510   ti_sysbios_knl_Queue_Object__PARAMS__C
00003bf1   ti_sysbios_knl_Queue_Object__destruct__S
00004055   ti_sysbios_knl_Queue_Object__get__S
00003805   ti_sysbios_knl_Queue_construct
00004173   ti_sysbios_knl_Queue_destruct
00003ff1   ti_sysbios_knl_Queue_empty__E
00003c0d   ti_sysbios_knl_Queue_put__E
00004600   ti_sysbios_knl_Semaphore_Instance_State_pendQ__O
00003f29   ti_sysbios_knl_Semaphore_Instance_finalize__E
00003a35   ti_sysbios_knl_Semaphore_Instance_init__E
000044bc   ti_sysbios_knl_Semaphore_Object__DESC__C
00004458   ti_sysbios_knl_Semaphore_Object__PARAMS__C
00003b21   ti_sysbios_knl_Semaphore_Object__destruct__S
00004061   ti_sysbios_knl_Semaphore_Params__init__S
00003695   ti_sysbios_knl_Semaphore_construct
00004177   ti_sysbios_knl_Semaphore_destruct
000036c5   ti_sysbios_knl_Semaphore_pendTimeout__I
0000098d   ti_sysbios_knl_Semaphore_pend__E
00002745   ti_sysbios_knl_Semaphore_post__E
00003c97   ti_sysbios_knl_Task_Handle__label__S
20000360   ti_sysbios_knl_Task_Instance_State_0_stack__A
20000560   ti_sysbios_knl_Task_Instance_State_1_stack__A
20000c10   ti_sysbios_knl_Task_Module_State_0_idleTask__A
20000bf0   ti_sysbios_knl_Task_Module_State_0_readyQ__A
00004604   ti_sysbios_knl_Task_Module_State_inactiveQ__O
20000ce8   ti_sysbios_knl_Task_Module__state__V
0000286d   ti_sysbios_knl_Task_Module_startup__E
00004608   ti_sysbios_knl_Task_Object__count__C
00003f39   ti_sysbios_knl_Task_Object__get__S
20000c50   ti_sysbios_knl_Task_Object__table__V
0000417b   ti_sysbios_knl_Task_SupportProxy_Module__startupDone__S
000033f1   ti_sysbios_knl_Task_SupportProxy_start__E
00003d45   ti_sysbios_knl_Task_SupportProxy_swap__E
0000460c   ti_sysbios_knl_Task_allBlockedFunc__C
00003089   ti_sysbios_knl_Task_allBlockedFunction__I
00003f49   ti_sysbios_knl_Task_disable__E
00003b41   ti_sysbios_knl_Task_enter__I
00002671   ti_sysbios_knl_Task_exit__E
000046b4   ti_sysbios_knl_Task_initStackFlag__C
00004610   ti_sysbios_knl_Task_numConstructedTasks__C
00002185   ti_sysbios_knl_Task_postInit__I
00003429   ti_sysbios_knl_Task_processVitalTaskFlag__I
00003c29   ti_sysbios_knl_Task_restoreHwi__E
00003955   ti_sysbios_knl_Task_restore__E
00002e5d   ti_sysbios_knl_Task_schedule__I
00003d75   ti_sysbios_knl_Task_sleepTimeout__I
000018c5   ti_sysbios_knl_Task_sleep__E
000028cd   ti_sysbios_knl_Task_startCore__E
0000417f   ti_sysbios_knl_Task_startup__E
00003d51   ti_sysbios_knl_Task_swapReturn
000036f5   ti_sysbios_knl_Task_unblockI__E
00004580   uartTivaHWAttrs
20000ac0   uartTivaObjects
00004614   xdc_runtime_Assert_E_assertFailed__C
00002ea5   xdc_runtime_Assert_raise__I
00004618   xdc_runtime_Core_A_initializedParams__C
0000461c   xdc_runtime_Core_Module__diagsEnabled__C
00004620   xdc_runtime_Core_Module__diagsIncluded__C
00004624   xdc_runtime_Core_Module__diagsMask__C
000046b6   xdc_runtime_Core_Module__id__C
00003569   xdc_runtime_Core_assignLabel__I
00002eed   xdc_runtime_Core_assignParams__I
000019a9   xdc_runtime_Core_constructObject__I
00003d8d   xdc_runtime_Core_destructObject__I
00004628   xdc_runtime_Error_Module__diagsEnabled__C
0000462c   xdc_runtime_Error_Module__diagsIncluded__C
00004630   xdc_runtime_Error_Module__diagsMask__C
000046b8   xdc_runtime_Error_Module__loggerDefined__C
00004634   xdc_runtime_Error_Module__loggerFxn8__C
00004638   xdc_runtime_Error_Module__loggerObj__C
20000c14   xdc_runtime_Error_Module__state__V
00003da5   xdc_runtime_Error_check__E
0000406d   xdc_runtime_Error_init__E
000046ba   xdc_runtime_Error_maxDepth__C
000012b1   xdc_runtime_Error_policyDefault__E
0000463c   xdc_runtime_Error_policyFxn__C
0000454d   xdc_runtime_Error_policy__C
00004640   xdc_runtime_Error_raiseHook__C
00003c45   xdc_runtime_Error_raiseX__E
000030cd   xdc_runtime_Error_setX__E
00004079   xdc_runtime_Gate_enterSystem__E
00003f59   xdc_runtime_Gate_leaveSystem__E
00004644   xdc_runtime_HeapStd_A_align__C
00004648   xdc_runtime_HeapStd_A_invalidTotalFreeSize__C
0000464c   xdc_runtime_HeapStd_A_zeroSize__C
000043c4   xdc_runtime_HeapStd_Module__FXNS__C
00004650   xdc_runtime_HeapStd_Module__diagsEnabled__C
00004654   xdc_runtime_HeapStd_Module__diagsIncluded__C
00004658   xdc_runtime_HeapStd_Module__diagsMask__C
000046bc   xdc_runtime_HeapStd_Module__id__C
20000c24   xdc_runtime_HeapStd_Module__state__V
20000c18   xdc_runtime_HeapStd_Object__table__V
00000dbd   xdc_runtime_HeapStd_alloc__E
00001d39   xdc_runtime_HeapStd_free__E
00003fff   xdc_runtime_HeapStd_getStats__E
00004183   xdc_runtime_HeapStd_isBlocking__E
0000465c   xdc_runtime_IGateProvider_Interface__BASE__C
00004660   xdc_runtime_IHeap_Interface__BASE__C
00004664   xdc_runtime_IModule_Interface__BASE__C
00004668   xdc_runtime_Log_L_error__C
0000415b   xdc_runtime_Main_Module_GateProxy_query__E
20000c28   xdc_runtime_Memory_Module__state__V
00004085   xdc_runtime_Memory_getMaxDefaultTypeAlign__E
20000c2c   xdc_runtime_Registry_Module__state__V
00003b61   xdc_runtime_Registry_findById__E
20000c34   xdc_runtime_Startup_Module__state__V
00000001   xdc_runtime_Startup__EXECFXN__C
00000001   xdc_runtime_Startup__RESETFXN__C
0000466c   xdc_runtime_Startup_execImpl__C
00002c59   xdc_runtime_Startup_exec__E
00003ed7   xdc_runtime_Startup_exec__I
00004550   xdc_runtime_Startup_firstFxns__A
00004588   xdc_runtime_Startup_firstFxns__C
00004590   xdc_runtime_Startup_lastFxns__C
00004670   xdc_runtime_Startup_maxPasses__C
000038db   xdc_runtime_Startup_reset__I
00004560   xdc_runtime_Startup_sfxnRts__A
00004674   xdc_runtime_Startup_sfxnRts__C
000044dc   xdc_runtime_Startup_sfxnTab__A
00004678   xdc_runtime_Startup_sfxnTab__C
000016d5   xdc_runtime_Startup_startMods__I
0000467c   xdc_runtime_SysCallback_abortFxn__C
00003f69   xdc_runtime_SysCallback_abort__E
000039a3   xdc_runtime_SysCallback_defaultAbort
00003a9f   xdc_runtime_SysCallback_defaultExit
00003ce3   xdc_runtime_SysCallback_defaultPutch
00004187   xdc_runtime_SysCallback_defaultReady
00004680   xdc_runtime_SysCallback_exitFxn__C
00003f79   xdc_runtime_SysCallback_exit__E
00004684   xdc_runtime_SysCallback_putchFxn__C
00003f89   xdc_runtime_SysCallback_putch__E
00004688   xdc_runtime_SysCallback_readyFxn__C
00003f99   xdc_runtime_SysCallback_ready__E
0000418b   xdc_runtime_System_Module_GateProxy_enter__E
0000418f   xdc_runtime_System_Module_GateProxy_leave__E
0000415b   xdc_runtime_System_Module_GateProxy_query__E
0000468c   xdc_runtime_System_Module__gateObj__C
20000c3c   xdc_runtime_System_Module__state__V
00004139   xdc_runtime_System_Module_startup__E
00003f69   xdc_runtime_System_SupportProxy_abort__E
00003f79   xdc_runtime_System_SupportProxy_exit__E
00003f89   xdc_runtime_System_SupportProxy_putch__E
00003f99   xdc_runtime_System_SupportProxy_ready__E
00004690   xdc_runtime_System_abortFxn__C
00002f7d   xdc_runtime_System_abortStd__E
00003c61   xdc_runtime_System_abort__E
00003461   xdc_runtime_System_atexit__E
00000469   xdc_runtime_System_doPrint__I
00004694   xdc_runtime_System_exitFxn__C
00002f85   xdc_runtime_System_exitStd__E
00003dbd   xdc_runtime_System_exit__E
00004698   xdc_runtime_System_extendFxn__C
0000292d   xdc_runtime_System_formatNum__I
0000469c   xdc_runtime_System_maxAtexitHandlers__C
000013d1   xdc_runtime_System_printfExtend__I
00003cb1   xdc_runtime_System_printf__E
00004193   xdc_runtime_System_printf_va__F
00003725   xdc_runtime_System_processAtExit__E
000038b1   xdc_runtime_System_putchar__I
00003a59   xdc_runtime_System_vprintf__E
00003fa9   xdc_runtime_System_vsnprintf__E
20000c44   xdc_runtime_Text_Module__state__V
000046be   xdc_runtime_Text_charCnt__C
00000000   xdc_runtime_Text_charTab__A
000046a0   xdc_runtime_Text_charTab__C
00003831   xdc_runtime_Text_cordText__E
000046c0   xdc_runtime_Text_isLoaded__C
000046a4   xdc_runtime_Text_nameEmpty__C
000046a8   xdc_runtime_Text_nameStatic__C
000046ac   xdc_runtime_Text_nameUnknown__C
0000134a   xdc_runtime_Text_nodeTab__A
0000359d   xdc_runtime_Text_printVisFxn__I
00002a49   xdc_runtime_Text_putLab__E
00002219   xdc_runtime_Text_putMod__E
00002055   xdc_runtime_Text_putSite__E
000046c2   xdc_runtime_Text_registryModsLastId__C
00003dd5   xdc_runtime_Text_ropeText__E
000046c4   xdc_runtime_Text_unnamedModsLastId__C
000046b0   xdc_runtime_Text_visitRopeFxn__C
000040e9   xdc_runtime_Text_visitRope__I
00003345   xdc_runtime_Text_xprintf__I


GLOBAL SYMBOLS: SORTED BY Symbol Address 

address    name
--------   ----
00000000   __ASM__
00000000   __TI_static_base__
00000000   ti_sysbios_family_arm_m3_Hwi_resetVectors
00000000   xdc_runtime_Text_charTab__A
00000001   __TI_args_main
00000001   xdc_runtime_Startup__EXECFXN__C
00000001   xdc_runtime_Startup__RESETFXN__C
0000003d   ti_sysbios_family_arm_m3_Hwi_excDumpRegs__I
0000006a   __ISA__
0000007d   __PLAT__
0000009e   __TARG__
000000c4   __TRDR__
00000200   __STACK_SIZE
00000469   xdc_runtime_System_doPrint__I
000007a5   ti_sysbios_family_arm_m3_Hwi_excHandlerMax__I
0000098d   ti_sysbios_knl_Semaphore_pend__E
00000b01   ti_sysbios_family_arm_m3_Hwi_excBusFault__I
00000c69   ti_sysbios_family_arm_m3_Hwi_excUsageFault__I
00000dbd   xdc_runtime_HeapStd_alloc__E
00000f01   UARTTiva_open
00001041   ti_sysbios_family_arm_m3_Hwi_excMemFault__I
00001181   GPIOPadConfigSet
000012b1   xdc_runtime_Error_policyDefault__E
0000134a   xdc_runtime_Text_nodeTab__A
000013d1   xdc_runtime_System_printfExtend__I
000014d5   ti_catalog_arm_cortexm4_tiva_ce_Boot_sysCtlClockSetI__I
000015d5   ti_sysbios_family_arm_lm4_Timer_start__E
000016d5   xdc_runtime_Startup_startMods__I
000017d1   ti_sysbios_family_arm_m3_Hwi_dispatch__I
000018c5   ti_sysbios_knl_Task_sleep__E
000019a9   xdc_runtime_Core_constructObject__I
00001a75   EK_TM4C123GXL_initGPIO
00001b29   ti_sysbios_family_arm_m3_Hwi_excHardFault__I
00001bdd   ti_sysbios_family_arm_m3_Hwi_excDebugMon__I
00001c8d   ti_sysbios_family_arm_lm4_Timer_enableTiva__I
00001d39   xdc_runtime_HeapStd_free__E
00001ddd   __TI_auto_init
00001e7d   ti_sysbios_family_arm_m3_Hwi_Instance_init__E
00001f1d   loadCellCommunicationFxn
00001fb9   __aeabi_memcpy
00001fb9   __aeabi_memcpy4
00001fb9   __aeabi_memcpy8
00001fb9   memcpy
00002055   xdc_runtime_Text_putSite__E
000020ef   EncoderCallbackFunction
000020f1   ti_catalog_arm_cortexm4_tiva_ce_Boot_sysCtlClockSet__E
00002185   ti_sysbios_knl_Task_postInit__I
00002219   xdc_runtime_Text_putMod__E
000022ad   ti_sysbios_family_arm_m3_Hwi_initNVIC__E
00002339   ti_sysbios_family_arm_m3_TaskSupport_buildTaskStack
0000243f   __aeabi_memclr
0000243f   __aeabi_memclr4
0000243f   __aeabi_memclr8
00002441   __aeabi_memset
00002441   __aeabi_memset4
00002441   __aeabi_memset8
00002447   memset
000024b7   Plurry_init
000024b9   ti_sysbios_family_arm_m3_Hwi_postInit__I
00002529   ti_sysbios_knl_Clock_workFunc__E
00002599   UARTTiva_read
00002605   UARTTiva_write
00002671   ti_sysbios_knl_Task_exit__E
000026dd   UARTTiva_readPolling
00002743   free
00002745   ti_sysbios_knl_Semaphore_post__E
0000286d   ti_sysbios_knl_Task_Module_startup__E
000028cd   ti_sysbios_knl_Task_startCore__E
0000292d   xdc_runtime_System_formatNum__I
000029eb   ti_sysbios_BIOS_nullFunc__I
000029ed   ti_sysbios_family_arm_lm4_Timer_Module_startup__E
00002a49   xdc_runtime_Text_putLab__E
00002aa5   _c_int00
00002afd   ti_sysbios_family_arm_lm4_Timer_initDevice__I
00002b55   ti_sysbios_family_arm_m3_Hwi_initStacks__E
00002bad   GPIOIntTypeSet
00002c03   ti_sysbios_family_arm_m3_Hwi_doSwiRestore__I
00002c05   ti_sysbios_family_arm_m3_Hwi_dispatchC__I
00002c59   xdc_runtime_Startup_exec__E
00002ca9   ti_sysbios_family_arm_m3_Hwi_Module_startup__E
00002cf5   GPIOPinConfigure
00002d3d   GPIO_enableInt
00002d85   GPIO_setupCallbacks
00002dcd   ti_sysbios_family_arm_lm4_Timer_enableTimers__I
00002e15   ti_sysbios_family_arm_m3_Hwi_excReserved__I
00002e5d   ti_sysbios_knl_Task_schedule__I
00002ea5   xdc_runtime_Assert_raise__I
00002eed   xdc_runtime_Core_assignParams__I
00002f33   ti_sysbios_knl_Clock_logTick__E
00002f35   copy_in
00002f79   C$$EXIT
00002f7d   abort
00002f7d   xdc_runtime_System_abortStd__E
00002f85   exit
00002f85   xdc_runtime_System_exitStd__E
00002fbd   ti_sysbios_family_arm_lm4_Timer_isrStub__E
00003001   ti_sysbios_family_arm_m3_Hwi_disableInterrupt__E
00003001   ti_sysbios_hal_Hwi_HwiProxy_disableInterrupt__E
00003001   ti_sysbios_hal_Hwi_disableInterrupt__E
00003045   ti_sysbios_family_arm_m3_Hwi_enableInterrupt__E
00003045   ti_sysbios_hal_Hwi_HwiProxy_enableInterrupt__E
00003045   ti_sysbios_hal_Hwi_enableInterrupt__E
00003089   ti_sysbios_knl_Task_allBlockedFunction__I
000030cd   xdc_runtime_Error_setX__E
00003111   UARTConfigSetExpClk
00003153   __aeabi_uidivmod
00003195   EK_TM4C123GXL_initGeneral
000031d5   UARTTiva_writePolling
00003215   ti_sysbios_family_arm_lm4_Timer_startup__E
00003215   ti_sysbios_hal_Timer_TimerProxy_startup__E
00003215   ti_sysbios_hal_Timer_startup__E
00003215   ti_sysbios_knl_Clock_TimerProxy_startup__E
00003255   GPIO_toggle
00003291   ti_sysbios_family_arm_m3_Hwi_construct
000032cd   ti_sysbios_family_arm_m3_Hwi_excSvCall__I
00003309   ti_sysbios_family_arm_m3_Hwi_getStackInfo__E
00003309   ti_sysbios_hal_Hwi_HwiProxy_getStackInfo__E
00003309   ti_sysbios_hal_Hwi_getStackInfo__E
00003345   xdc_runtime_Text_xprintf__I
00003381   UART_init
000033b9   ti_sysbios_family_arm_m3_Hwi_excNoIsr__I
000033f1   ti_sysbios_family_arm_m3_TaskSupport_start__E
000033f1   ti_sysbios_knl_Task_SupportProxy_start__E
00003429   ti_sysbios_knl_Task_processVitalTaskFlag__I
00003461   xdc_runtime_System_atexit__E
00003499   SysCtlPeripheralEnable
000034cd   UARTTiva_close
00003501   main
00003535   ti_sysbios_family_arm_m3_Hwi_excNmi__I
00003569   xdc_runtime_Core_assignLabel__I
0000359d   xdc_runtime_Text_printVisFxn__I
000035d1   UARTTiva_readCancel
00003603   UARTTiva_writeCancel
00003635   ti_sysbios_family_arm_lm4_Timer_stop__E
00003665   ti_sysbios_gates_GateMutex_enter__E
00003695   ti_sysbios_knl_Semaphore_construct
000036c5   ti_sysbios_knl_Semaphore_pendTimeout__I
000036f5   ti_sysbios_knl_Task_unblockI__E
00003725   xdc_runtime_System_processAtExit__E
00003755   EK_TM4C123GXL_initUART
00003781   ti_sysbios_BIOS_atExitFunc__I
000037ad   ti_sysbios_hal_Hwi_initStack
000037d9   ti_sysbios_knl_Clock_doTick__I
00003805   ti_sysbios_knl_Queue_construct
00003831   xdc_runtime_Text_cordText__E
0000385d   GPIODirModeSet
00003887   GPIO_hwiIntFxn
000038b1   xdc_runtime_System_putchar__I
000038db   xdc_runtime_Startup_reset__I
000038dd   GPIO_read
00003905   GPIO_write
0000392d   ti_sysbios_family_arm_m3_Hwi_Instance_finalize__E
00003955   ti_sysbios_knl_Task_restore__E
0000397d   ti_sysbios_family_arm_m3_Hwi_pendSV__I
000039a1   ti_sysbios_family_arm_m3_Hwi_return
000039a3   xdc_runtime_SysCallback_defaultAbort
000039a5   GPIO_init
000039c9   ti_sysbios_BIOS_registerRTSLock__I
000039ed   ti_sysbios_BIOS_removeRTSLock__I
00003a11   ti_sysbios_knl_Clock_Module_startup__E
00003a35   ti_sysbios_knl_Semaphore_Instance_init__E
00003a59   xdc_runtime_System_vprintf__E
00003a7d   ti_sysbios_family_arm_lm4_Timer_write__I
00003a9f   xdc_runtime_SysCallback_defaultExit
00003aa1   ti_sysbios_BIOS_startFunc__I
00003ac1   ti_sysbios_family_arm_m3_Hwi_excHandlerAsm__I
00003ae1   ti_sysbios_family_arm_m3_Hwi_excHandler__I
00003b01   ti_sysbios_knl_Idle_run__E
00003b21   ti_sysbios_knl_Semaphore_Object__destruct__S
00003b41   ti_sysbios_knl_Task_enter__I
00003b61   xdc_runtime_Registry_findById__E
00003b81   UARTDisable
00003b9d   ti_sysbios_BIOS_errorRaiseHook__I
00003bb9   ti_sysbios_BIOS_rtsLock__I
00003bd5   ti_sysbios_family_arm_m3_Hwi_Object__destruct__S
00003bf1   ti_sysbios_knl_Queue_Object__destruct__S
00003c0d   ti_sysbios_knl_Queue_put__E
00003c29   ti_sysbios_knl_Task_restoreHwi__E
00003c45   xdc_runtime_Error_raiseX__E
00003c61   xdc_runtime_System_abort__E
00003c7d   ti_sysbios_family_arm_m3_Hwi_Handle__label__S
00003c97   ti_sysbios_knl_Task_Handle__label__S
00003cb1   xdc_runtime_System_printf__E
00003ccb   GPIOPinTypeGPIOOutput
00003ce3   xdc_runtime_SysCallback_defaultPutch
00003ce5   _args_main
00003cfd   ti_sysbios_BIOS_rtsUnlock__I
00003d15   ti_sysbios_family_arm_lm4_Timer_Module__startupDone__F
00003d15   ti_sysbios_family_arm_lm4_Timer_Module__startupDone__S
00003d2d   ti_sysbios_family_arm_m3_Hwi_Module__startupDone__F
00003d2d   ti_sysbios_family_arm_m3_Hwi_Module__startupDone__S
00003d45   ti_sysbios_family_arm_m3_TaskSupport_swap__E
00003d45   ti_sysbios_knl_Task_SupportProxy_swap__E
00003d51   ti_sysbios_knl_Task_swapReturn
00003d5d   ti_sysbios_gates_GateMutex_leave__E
00003d75   ti_sysbios_knl_Task_sleepTimeout__I
00003d8d   xdc_runtime_Core_destructObject__I
00003da5   xdc_runtime_Error_check__E
00003dbd   xdc_runtime_System_exit__E
00003dd5   xdc_runtime_Text_ropeText__E
00003ded   heartBeatFxn
00003e03   ti_sysbios_BIOS_exitFunc__I
00003e19   UARTEnable
00003e2d   _register_unlock
00003e33   _register_lock
00003e3b   _nop
00003e41   strlen
00003e55   ti_sysbios_family_arm_m3_Hwi_Object__get__S
00003e69   ti_sysbios_family_arm_m3_Hwi_switchFromBootStack__E
00003e69   ti_sysbios_hal_Hwi_HwiProxy_switchFromBootStack__E
00003e7d   GPIOPinTypeGPIOInput
00003e8f   GPIOPinTypeUART
00003ea1   __TI_zero_init
00003eb3   ti_sysbios_hal_Hwi_Module_startup__E
00003ec5   ti_sysbios_hal_Timer_Module_startup__E
00003ed7   xdc_runtime_Startup_exec__I
00003ee9   ti_sysbios_BIOS_getCpuFreq__E
00003ef9   ti_sysbios_BIOS_setThreadType__E
00003f09   ti_sysbios_BIOS_start__E
00003f19   ti_sysbios_family_arm_m3_TaskSupport_glue
00003f29   ti_sysbios_knl_Semaphore_Instance_finalize__E
00003f39   ti_sysbios_knl_Task_Object__get__S
00003f49   ti_sysbios_knl_Task_disable__E
00003f59   xdc_runtime_Gate_leaveSystem__E
00003f69   xdc_runtime_SysCallback_abort__E
00003f69   xdc_runtime_System_SupportProxy_abort__E
00003f79   xdc_runtime_SysCallback_exit__E
00003f79   xdc_runtime_System_SupportProxy_exit__E
00003f89   xdc_runtime_SysCallback_putch__E
00003f89   xdc_runtime_System_SupportProxy_putch__E
00003f99   xdc_runtime_SysCallback_ready__E
00003f99   xdc_runtime_System_SupportProxy_ready__E
00003fa9   xdc_runtime_System_vsnprintf__E
00003fb9   GPIOIntStatus
00003fc7   UARTCharGetNonBlocking
00003fd5   UARTCharPutNonBlocking
00003fe3   __TI_decompress_none
00003ff1   ti_sysbios_knl_Queue_empty__E
00003fff   xdc_runtime_HeapStd_getStats__E
0000400d   ti_catalog_arm_cortexm4_tiva_ce_Boot_init__I
00004019   GPIOIntEnable
00004025   ti_sysbios_family_arm_lm4_Timer_getMaxTicks__E
00004031   ti_sysbios_family_arm_m3_Hwi_Params__init__S
0000403d   ti_sysbios_family_arm_m3_Hwi_disableFxn__E
0000403d   ti_sysbios_hal_Hwi_HwiProxy_disable__E
0000403d   ti_sysbios_hal_Hwi_disable__E
00004049   ti_sysbios_gates_GateHwi_enter__E
00004055   ti_sysbios_knl_Queue_Object__get__S
00004061   ti_sysbios_knl_Semaphore_Params__init__S
0000406d   xdc_runtime_Error_init__E
00004079   xdc_runtime_Gate_enterSystem__E
00004085   xdc_runtime_Memory_getMaxDefaultTypeAlign__E
00004091   UARTCharGet
0000409b   UARTCharPut
000040a5   UARTIntDisable
000040af   UARTIntStatus
000040b9   UARTIntEnable
000040c1   UARTTiva_init
000040d1   ti_sysbios_family_arm_lm4_Timer_masterDisable__I
000040d9   ti_sysbios_family_arm_m3_Hwi_startup__E
000040d9   ti_sysbios_hal_Hwi_HwiProxy_startup__E
000040d9   ti_sysbios_hal_Hwi_startup__E
000040e9   xdc_runtime_Text_visitRope__I
000040f1   GPIOIntClear
000040f7   GPIOPinRead
000040fd   GPIOPinWrite
00004103   UARTFIFOLevelSet
00004109   UARTTiva_control
0000410f   __xdc__init
00004115   __TI_decompress_rle24
0000411b   ti_catalog_arm_cortexm4_tiva_ce_Boot_sysCtlDelayI__I
00004121   ti_sysbios_family_arm_m3_Hwi_doTaskRestore__I
00004127   ti_sysbios_family_arm_m3_Hwi_restoreFxn__E
00004127   ti_sysbios_hal_Hwi_HwiProxy_restore__E
00004127   ti_sysbios_hal_Hwi_restore__E
0000412d   ti_sysbios_gates_GateHwi_leave__E
00004133   ti_sysbios_knl_Queue_Instance_init__E
00004139   xdc_runtime_System_Module_startup__E
0000413f   UARTIntClear
00004143   malloc
00004147   ti_sysbios_BIOS_RtsGateProxy_enter__E
0000414b   ti_sysbios_BIOS_RtsGateProxy_leave__E
0000414f   ti_sysbios_family_arm_lm4_Timer_masterEnable__I
00004153   ti_sysbios_family_arm_m3_Hwi_destruct
00004157   ti_sysbios_family_arm_m3_TaskSupport_Module__startupDone__S
0000415b   ti_sysbios_gates_GateHwi_query__E
0000415b   xdc_runtime_Main_Module_GateProxy_query__E
0000415b   xdc_runtime_System_Module_GateProxy_query__E
0000415f   ti_sysbios_BIOS_RtsGateProxy_query__E
0000415f   ti_sysbios_gates_GateMutex_query__E
00004163   ti_sysbios_hal_Hwi_HwiProxy_Module__startupDone__S
00004167   ti_sysbios_hal_Timer_TimerProxy_Module__startupDone__S
0000416b   ti_sysbios_knl_Clock_TimerProxy_Module__startupDone__S
0000416f   ti_sysbios_knl_Clock_TimerProxy_getMaxTicks__E
00004173   ti_sysbios_knl_Queue_destruct
00004177   ti_sysbios_knl_Semaphore_destruct
0000417b   ti_sysbios_knl_Task_SupportProxy_Module__startupDone__S
0000417f   ti_sysbios_knl_Task_startup__E
00004183   xdc_runtime_HeapStd_isBlocking__E
00004187   xdc_runtime_SysCallback_defaultReady
0000418b   xdc_runtime_System_Module_GateProxy_enter__E
0000418f   xdc_runtime_System_Module_GateProxy_leave__E
00004193   xdc_runtime_System_printf_va__F
00004228   gpioHWAttrs
000042e8   ti_sysbios_family_arm_m3_Hwi_Object__PARAMS__C
00004318   GPIO_config
00004370   gpioPortACallbacks
0000439c   UARTTiva_fxnTable
000043c4   xdc_runtime_HeapStd_Module__FXNS__C
000043ec   UART_defaultParams
00004410   ti_sysbios_gates_GateHwi_Module__FXNS__C
00004434   ti_sysbios_gates_GateMutex_Module__FXNS__C
00004458   ti_sysbios_knl_Semaphore_Object__PARAMS__C
0000447c   ti_sysbios_family_arm_m3_Hwi_Object__DESC__C
0000449c   ti_sysbios_knl_Queue_Object__DESC__C
000044bc   ti_sysbios_knl_Semaphore_Object__DESC__C
000044dc   xdc_runtime_Startup_sfxnTab__A
000044f8   UART_config
00004510   ti_sysbios_knl_Queue_Object__PARAMS__C
0000454d   xdc_runtime_Error_policy__C
0000454e   ti_catalog_arm_cortexm4_tiva_ce_Boot_Module__id__C
00004550   xdc_runtime_Startup_firstFxns__A
00004560   xdc_runtime_Startup_sfxnRts__A
0000456e   ti_sysbios_family_arm_m3_Hwi_Module__id__C
00004570   ti_sysbios_family_arm_m3_Hwi_excHookFuncs__A
00004578   ti_sysbios_knl_Idle_funcList__C
00004580   uartTivaHWAttrs
00004588   xdc_runtime_Startup_firstFxns__C
00004590   xdc_runtime_Startup_lastFxns__C
00004598   ti_catalog_arm_cortexm4_tiva_ce_Boot_A_mustUseEnhancedClockMode__C
0000459c   ti_catalog_arm_cortexm4_tiva_ce_Boot_Module__diagsEnabled__C
000045a0   ti_catalog_arm_cortexm4_tiva_ce_Boot_Module__diagsIncluded__C
000045a4   ti_catalog_arm_cortexm4_tiva_ce_Boot_Module__diagsMask__C
000045a8   ti_sysbios_family_arm_lm4_Timer_enableFunc__C
000045ac   ti_sysbios_family_arm_lm4_Timer_numTimerDevices__C
000045b0   ti_sysbios_family_arm_lm4_Timer_startupNeeded__C
000045b4   ti_sysbios_family_arm_m3_Hwi_E_NMI__C
000045b8   ti_sysbios_family_arm_m3_Hwi_E_alreadyDefined__C
000045bc   ti_sysbios_family_arm_m3_Hwi_E_busFault__C
000045c0   ti_sysbios_family_arm_m3_Hwi_E_debugMon__C
000045c4   ti_sysbios_family_arm_m3_Hwi_E_hardFault__C
000045c8   ti_sysbios_family_arm_m3_Hwi_E_memFault__C
000045cc   ti_sysbios_family_arm_m3_Hwi_E_noIsr__C
000045d0   ti_sysbios_family_arm_m3_Hwi_E_reserved__C
000045d4   ti_sysbios_family_arm_m3_Hwi_E_svCall__C
000045d8   ti_sysbios_family_arm_m3_Hwi_E_usageFault__C
000045dc   ti_sysbios_family_arm_m3_Hwi_NUM_INTERRUPTS__C
000045e0   ti_sysbios_family_arm_m3_Hwi_Object__count__C
000045e4   ti_sysbios_family_arm_m3_Hwi_ccr__C
000045e8   ti_sysbios_family_arm_m3_Hwi_excHandlerFunc__C
000045ec   ti_sysbios_family_arm_m3_Hwi_excHookFuncs__C
000045f0   ti_sysbios_family_arm_m3_Hwi_nullIsrFunc__C
000045f4   ti_sysbios_family_arm_m3_Hwi_priGroup__C
000045f8   ti_sysbios_gates_GateMutex_Instance_State_sem__O
000045fc   ti_sysbios_knl_Clock_Module_State_clockQ__O
00004600   ti_sysbios_knl_Semaphore_Instance_State_pendQ__O
00004604   ti_sysbios_knl_Task_Module_State_inactiveQ__O
00004608   ti_sysbios_knl_Task_Object__count__C
0000460c   ti_sysbios_knl_Task_allBlockedFunc__C
00004610   ti_sysbios_knl_Task_numConstructedTasks__C
00004614   xdc_runtime_Assert_E_assertFailed__C
00004618   xdc_runtime_Core_A_initializedParams__C
0000461c   xdc_runtime_Core_Module__diagsEnabled__C
00004620   xdc_runtime_Core_Module__diagsIncluded__C
00004624   xdc_runtime_Core_Module__diagsMask__C
00004628   xdc_runtime_Error_Module__diagsEnabled__C
0000462c   xdc_runtime_Error_Module__diagsIncluded__C
00004630   xdc_runtime_Error_Module__diagsMask__C
00004634   xdc_runtime_Error_Module__loggerFxn8__C
00004638   xdc_runtime_Error_Module__loggerObj__C
0000463c   xdc_runtime_Error_policyFxn__C
00004640   xdc_runtime_Error_raiseHook__C
00004644   xdc_runtime_HeapStd_A_align__C
00004648   xdc_runtime_HeapStd_A_invalidTotalFreeSize__C
0000464c   xdc_runtime_HeapStd_A_zeroSize__C
00004650   xdc_runtime_HeapStd_Module__diagsEnabled__C
00004654   xdc_runtime_HeapStd_Module__diagsIncluded__C
00004658   xdc_runtime_HeapStd_Module__diagsMask__C
0000465c   xdc_runtime_IGateProvider_Interface__BASE__C
00004660   xdc_runtime_IHeap_Interface__BASE__C
00004664   xdc_runtime_IModule_Interface__BASE__C
00004668   xdc_runtime_Log_L_error__C
0000466c   xdc_runtime_Startup_execImpl__C
00004670   xdc_runtime_Startup_maxPasses__C
00004674   xdc_runtime_Startup_sfxnRts__C
00004678   xdc_runtime_Startup_sfxnTab__C
0000467c   xdc_runtime_SysCallback_abortFxn__C
00004680   xdc_runtime_SysCallback_exitFxn__C
00004684   xdc_runtime_SysCallback_putchFxn__C
00004688   xdc_runtime_SysCallback_readyFxn__C
0000468c   xdc_runtime_System_Module__gateObj__C
00004690   xdc_runtime_System_abortFxn__C
00004694   xdc_runtime_System_exitFxn__C
00004698   xdc_runtime_System_extendFxn__C
0000469c   xdc_runtime_System_maxAtexitHandlers__C
000046a0   xdc_runtime_Text_charTab__C
000046a4   xdc_runtime_Text_nameEmpty__C
000046a8   xdc_runtime_Text_nameStatic__C
000046ac   xdc_runtime_Text_nameUnknown__C
000046b0   xdc_runtime_Text_visitRopeFxn__C
000046b4   ti_sysbios_knl_Task_initStackFlag__C
000046b6   xdc_runtime_Core_Module__id__C
000046b8   xdc_runtime_Error_Module__loggerDefined__C
000046ba   xdc_runtime_Error_maxDepth__C
000046bc   xdc_runtime_HeapStd_Module__id__C
000046be   xdc_runtime_Text_charCnt__C
000046c0   xdc_runtime_Text_isLoaded__C
000046c2   xdc_runtime_Text_registryModsLastId__C
000046c4   xdc_runtime_Text_unnamedModsLastId__C
00004884   __TI_Handler_Table_Base
00004890   __TI_Handler_Table_Limit
000048a0   __TI_CINIT_Base
000048b8   __TI_CINIT_Limit
20000000   ti_sysbios_family_arm_m3_Hwi_ramVectors
20000360   ti_sysbios_knl_Task_Instance_State_0_stack__A
20000560   ti_sysbios_knl_Task_Instance_State_1_stack__A
20000760   ti_sysbios_family_arm_m3_Hwi_dispatchTable
20000ac0   uartTivaObjects
20000b48   loadcellParams
20000b6c   callbackHwi
20000b88   ti_sysbios_family_arm_lm4_Timer_Module_State_0_handles__A
20000ba0   ti_sysbios_family_arm_lm4_Timer_Module__state__V
20000bac   ti_sysbios_family_arm_m3_Hwi_Object__table__V
20000bc4   ti_sysbios_family_arm_m3_Hwi_Module_State_0_excActive__A
20000bc8   ti_sysbios_family_arm_m3_Hwi_Module_State_0_excContext__A
20000bcc   ti_sysbios_family_arm_m3_Hwi_Module_State_0_excStack__A
20000bd0   ti_sysbios_gates_GateHwi_Object__table__V
20000bd4   ti_sysbios_gates_GateMutex_Object__table__V
20000bf0   ti_sysbios_knl_Task_Module_State_0_readyQ__A
20000c10   ti_sysbios_knl_Task_Module_State_0_idleTask__A
20000c14   xdc_runtime_Error_Module__state__V
20000c18   xdc_runtime_HeapStd_Object__table__V
20000c24   xdc_runtime_HeapStd_Module__state__V
20000c28   xdc_runtime_Memory_Module__state__V
20000c2c   xdc_runtime_Registry_Module__state__V
20000c34   xdc_runtime_Startup_Module__state__V
20000c3c   xdc_runtime_System_Module__state__V
20000c44   xdc_runtime_Text_Module__state__V
20000c4c   __xdc__init__addr
20000c50   ti_sysbios_knl_Task_Object__table__V
20000ce8   ti_sysbios_knl_Task_Module__state__V
20000d2c   ti_sysbios_family_arm_lm4_Timer_Object__table__V
20000d6c   ti_sysbios_family_arm_m3_Hwi_Module__state__V
20000da0   ti_sysbios_family_arm_lm4_Timer_Module_State_0_device__A
20000dd0   ti_sysbios_knl_Clock_Module__state__V
20000dfc   ti_sysbios_BIOS_Module__state__V
20000e28   _lock
20000e2c   _unlock
20000e30   __TI_cleanup_ptr
20000e34   __TI_dtors_ptr
20000e3c   main_func_sp
20000e40   __stack
20000f40   __STACK_TOP
20001040   __STACK_END
e000e000   ti_sysbios_family_arm_m3_Hwi_nvic
ffffffff   __binit__
ffffffff   __c_args__
ffffffff   binit
UNDEFED    SHT$$INIT_ARRAY$$Base
UNDEFED    SHT$$INIT_ARRAY$$Limit

[460 symbols]
